    1.0000     4.984    -0.235    -1.509    -0.510     0.000
    1.0000     4.983    -0.236    -1.316    -0.448     0.000
    1.0000     4.983    -0.236    -1.275    -0.427     0.000
    1.0000     4.981    -0.237    -1.002    -0.372     0.000
    1.0000     4.980    -0.239    -0.678    -0.312     0.000
    1.0000     4.978    -0.240    -0.380    -0.292     0.000
    1.0000     4.977    -0.241    -0.343    -0.292     0.000
    1.0000     4.975    -0.241    -0.342    -0.292     0.000
    1.0000     4.974    -0.242    -0.341    -0.292     0.000
    1.0000     4.972    -0.243    -0.341    -0.292     0.000
    1.0000     4.970    -0.244    -0.342    -0.293     0.000
    1.0000     4.968    -0.244    -0.343    -0.293     0.000
    1.0000     4.966    -0.245    -0.343    -0.294     0.000
    1.0000     4.964    -0.246    -0.344    -0.295     0.000
    1.0000     4.963    -0.246    -0.344    -0.295     0.000
    1.0000     4.960    -0.247    -0.344    -0.295     0.000
    1.0000     4.958    -0.247    -0.344    -0.295     0.000
    1.0000     4.956    -0.248    -0.344    -0.295     0.000
    1.0000     4.954    -0.248    -0.344    -0.295     0.000
    1.0000     4.952    -0.248    -0.345    -0.296     0.000
    1.0000     4.950    -0.248    -0.345    -0.296     0.000
    1.0000     4.948    -0.248    -0.345    -0.296     0.000
    1.0000     4.946    -0.248    -0.345    -0.296     0.000
    1.0000     4.944    -0.248    -0.345    -0.296     0.000
    1.0000     4.941    -0.248    -0.345    -0.296     0.000
    1.0000     4.939    -0.248    -0.348    -0.296     0.000
    1.0000     4.938    -0.248    -0.392    -0.297     0.000
    1.0000     4.935    -0.248    -0.471    -0.306     0.000
    1.0000     4.933    -0.247    -0.530    -0.324     0.000
    1.0000     4.933    -0.247    -0.663    -0.359     0.000
    1.0000     4.933    -0.247    -0.786    -0.392     0.000
    1.0000     4.934    -0.248    -0.937    -0.434     0.000
    1.0000     4.935    -0.248    -1.098    -0.477     0.000
    1.0000     4.937    -0.248    -1.241    -0.519     0.000
    1.0000     4.938    -0.248    -1.392    -0.560     0.000
    1.0000     4.941    -0.249    -1.478    -0.594     0.000
    1.0000     4.945    -0.249    -1.478    -0.591     0.000
    1.0000     4.949    -0.249    -1.457    -0.573     0.000
    1.0000     4.952    -0.249    -1.482    -0.585     0.000
    1.0000     4.953    -0.249    -1.444    -0.556     0.000
    1.0000     4.954    -0.249    -1.454    -0.544     0.000
    1.0000     4.956    -0.249    -1.471    -0.544     0.000
    1.0000     4.956    -0.250    -1.455    -0.528     0.000
    1.0000     4.956    -0.250    -1.380    -0.502     0.000
    1.0000     4.956    -0.250    -1.199    -0.453     0.000
    1.0000     4.956    -0.250    -1.312    -0.481     0.000
    1.0000     4.956    -0.250    -1.151    -0.441     0.000
    1.0000     4.955    -0.250    -1.043    -0.416     0.000
    1.0000     4.954    -0.251    -0.968    -0.399     0.000
    1.0000     4.953    -0.251    -0.748    -0.355     0.000
    1.0000     4.952    -0.251    -0.650    -0.336     0.000
    1.0000     4.950    -0.251    -0.494    -0.309     0.000
    1.0000     4.947    -0.252    -0.391    -0.301     0.000
    1.0000     4.946    -0.252    -0.352    -0.301     0.000
    1.0000     4.944    -0.252    -0.350    -0.300     0.000
    1.0000     4.942    -0.251    -0.349    -0.300     0.000
    1.0000     4.941    -0.251    -0.349    -0.300     0.000
    1.0000     4.939    -0.251    -0.349    -0.300     0.000
    1.0000     4.937    -0.251    -0.348    -0.299     0.000
    1.0000     4.936    -0.251    -0.348    -0.299     0.000
    1.0000     4.934    -0.251    -0.347    -0.298     0.000
    1.0000     4.933    -0.250    -0.347    -0.298     0.000
    1.0000     4.939    -0.251    -0.347    -0.298     0.000
    1.0000     4.942    -0.248    -0.345    -0.296     0.000
    1.0000     4.940    -0.249    -0.345    -0.296     0.000
    1.0000     4.938    -0.249    -0.345    -0.296     0.000
    1.0000     4.936    -0.249    -0.345    -0.296     0.000
    1.0000     4.934    -0.249    -0.345    -0.296     0.000
    1.0000     4.934    -0.249    -0.345    -0.296     0.000
    1.0000     4.932    -0.249    -0.345    -0.296     0.000
    1.0000     4.931    -0.248    -0.345    -0.295     0.000
    1.0000     4.930    -0.248    -0.344    -0.295     0.000
    1.0000     4.928    -0.248    -0.344    -0.295     0.000
    1.0000     4.928    -0.248    -0.344    -0.295     0.000
    1.0000     4.933    -0.244    -0.342    -0.291     0.000
    1.0000     4.936    -0.245    -0.350    -0.292     0.000
    1.0000     4.940    -0.237    -0.348    -0.284     0.000
    1.0000     4.932    -0.222    -0.351    -0.273     0.000
    1.0000     4.923    -0.224    -0.411    -0.286     0.000
    1.0000     4.925    -0.231    -0.545    -0.320     0.000
    1.0000     4.933    -0.236    -0.734    -0.370     0.000
    1.0000     4.939    -0.239    -0.838    -0.394     0.000
    1.0000     4.944    -0.241    -0.833    -0.392     0.000
    1.0000     4.948    -0.242    -0.948    -0.429     0.000
    1.0000     4.952    -0.242    -1.209    -0.507     0.000
    1.0000     4.956    -0.242    -1.380    -0.535     0.000
    1.0000     4.959    -0.242    -1.262    -0.492     0.000
    1.0000     4.961    -0.241    -0.786    -0.374     0.000
    1.0000     4.972    -0.238    -0.940    -0.424     0.000
    1.0000     4.971    -0.238    -1.159    -0.486     0.000
    1.0000     4.971    -0.239    -1.171    -0.470     0.000
    1.0000     4.971    -0.239    -1.375    -0.516     0.000
    1.0000     4.971    -0.239    -1.416    -0.529     0.000
    1.0000     4.970    -0.240    -1.369    -0.512     0.000
    1.0000     4.970    -0.240    -1.210    -0.478     0.000
    1.0000     4.968    -0.241    -1.080    -0.439     0.000
    1.0000     4.967    -0.241    -1.035    -0.426     0.000
    1.0000     4.965    -0.242    -0.964    -0.405     0.000
    1.0000     4.964    -0.242    -0.916    -0.389     0.000
    1.0000     4.962    -0.243    -0.856    -0.373     0.000
    1.0000     4.961    -0.243    -0.637    -0.327     0.000
    1.0000     4.960    -0.243    -0.407    -0.294     0.000
    1.0000     4.959    -0.244    -0.345    -0.292     0.000
    1.0000     4.957    -0.244    -0.342    -0.292     0.000
    1.0000     4.955    -0.244    -0.342    -0.293     0.000
    1.0000     4.953    -0.244    -0.342    -0.293     0.000
    1.0000     4.952    -0.244    -0.342    -0.293     0.000
    1.0000     4.950    -0.244    -0.341    -0.292     0.000
    1.0000     4.948    -0.245    -0.341    -0.292     0.000
    1.0000     4.947    -0.245    -0.341    -0.292     0.000
    1.0000     4.945    -0.245    -0.341    -0.292     0.000
    1.0000     4.943    -0.244    -0.341    -0.292     0.000
    1.0000     4.941    -0.244    -0.341    -0.292     0.000
    1.0000     4.939    -0.244    -0.341    -0.292     0.000
    1.0000     4.938    -0.244    -0.341    -0.292     0.000
    1.0000     4.937    -0.244    -0.340    -0.292     0.000
    1.0000     4.936    -0.244    -0.340    -0.291     0.000
    1.0000     4.934    -0.243    -0.339    -0.291     0.000
    1.0000     4.932    -0.243    -0.339    -0.290     0.000
    1.0000     4.930    -0.243    -0.339    -0.290     0.000
    1.0000     4.929    -0.243    -0.338    -0.290     0.000
    1.0000     4.927    -0.242    -0.342    -0.289     0.000
    1.0000     4.926    -0.242    -0.380    -0.290     0.000
    1.0000     4.924    -0.242    -0.433    -0.296     0.000
    1.0000     4.924    -0.242    -0.503    -0.314     0.000
    1.0000     4.924    -0.242    -0.588    -0.339     0.000
    1.0000     4.925    -0.242    -0.703    -0.372     0.000
    1.0000     4.926    -0.242    -0.812    -0.403     0.000
    1.0000     4.927    -0.242    -0.896    -0.429     0.000
    1.0000     4.927    -0.242    -0.953    -0.448     0.000
    1.0000     4.928    -0.243    -1.021    -0.476     0.000
    1.0000     4.929    -0.243    -1.095    -0.500     0.000
    1.0000     4.932    -0.244    -1.173    -0.523     0.000
    1.0000     4.935    -0.244    -1.215    -0.538     0.000
    1.0000     4.936    -0.245    -1.191    -0.527     0.000
    1.0000     4.935    -0.245    -1.133    -0.508     0.000
    1.0000     4.935    -0.245    -1.067    -0.473     0.000
    1.0000     4.935    -0.245    -1.041    -0.453     0.000
    1.0000     4.935    -0.245    -1.015    -0.440     0.000
    1.0000     4.934    -0.245    -1.059    -0.446     0.000
    1.0000     4.934    -0.246    -1.158    -0.472     0.000
    1.0000     4.932    -0.245    -1.156    -0.471     0.000
    1.0000     4.931    -0.245    -1.038    -0.439     0.000
    1.0000     4.931    -0.246    -1.008    -0.434     0.000
    1.0000     4.929    -0.245    -0.935    -0.413     0.000
    1.0000     4.928    -0.245    -0.801    -0.373     0.000
    1.0000     4.927    -0.245    -0.608    -0.331     0.000
    1.0000     4.924    -0.245    -0.441    -0.300     0.000
    1.0000     4.922    -0.244    -0.374    -0.293     0.000
    1.0000     4.917    -0.243    -0.342    -0.291     0.000
    1.0000     4.918    -0.243    -0.340    -0.291     0.000
    1.0000     4.921    -0.241    -0.338    -0.289     0.000
    1.0000     4.935    -0.239    -0.335    -0.286     0.000
    1.0000     4.946    -0.236    -0.332    -0.283     0.000
    1.0000     4.941    -0.238    -0.334    -0.285     0.000
    1.0000     4.938    -0.240    -0.335    -0.286     0.000
    1.0000     4.937    -0.238    -0.334    -0.285     0.000
    1.0000     4.936    -0.239    -0.335    -0.286     0.000
    1.0000     4.938    -0.240    -0.336    -0.287     0.000
    1.0000     4.937    -0.241    -0.337    -0.288     0.000
    1.0000     4.942    -0.239    -0.335    -0.286     0.000
    1.0000     4.949    -0.238    -0.334    -0.285     0.000
    1.0000     4.951    -0.236    -0.332    -0.283     0.000
    1.0000     4.950    -0.235    -0.331    -0.282     0.000
    1.0000     4.951    -0.228    -0.324    -0.275     0.000
    1.0000     4.951    -0.227    -0.323    -0.274     0.000
    1.0000     4.960    -0.230    -0.326    -0.277     0.000
    1.0000     4.975    -0.226    -0.322    -0.273     0.000
    1.0000     4.988    -0.220    -0.316    -0.267     0.000
    1.0000     4.995    -0.212    -0.308    -0.259     0.000
    1.0000     5.000    -0.206    -0.307    -0.253     0.000
    1.0000     5.003    -0.202    -0.322    -0.250     0.000
    1.0000     5.005    -0.199    -0.344    -0.252     0.000
    1.0000     5.006    -0.197    -0.339    -0.250     0.000
    1.0000     5.007    -0.195    -0.344    -0.250     0.000
    1.0000     5.007    -0.195    -0.374    -0.255     0.000
    1.0000     5.007    -0.195    -0.425    -0.267     0.000
    1.0000     5.007    -0.195    -0.491    -0.284     0.000
    1.0000     5.007    -0.195    -0.576    -0.308     0.000
    1.0000     5.007    -0.195    -0.614    -0.317     0.000
    1.0000     5.007    -0.195    -0.614    -0.314     0.000
    1.0000     5.007    -0.195    -0.594    -0.304     0.000
    1.0000     5.007    -0.195    -0.684    -0.333     0.000
    1.0000     5.007    -0.196    -0.805    -0.371     0.000
    1.0000     5.007    -0.195    -0.809    -0.351     0.000
    1.0000     5.007    -0.195    -1.031    -0.419     0.000
    1.0000     5.007    -0.195    -1.077    -0.429     0.000
    1.0000     5.007    -0.196    -1.102    -0.435     0.000
    1.0000     5.007    -0.196    -1.107    -0.450     0.000
    1.0000     5.007    -0.197    -1.104    -0.445     0.000
    1.0000     5.006    -0.198    -0.949    -0.391     0.000
    1.0000     5.006    -0.199    -1.029    -0.417     0.000
    1.0000     5.005    -0.200    -0.980    -0.404     0.000
    1.0000     5.005    -0.201    -0.843    -0.366     0.000
    1.0000     5.004    -0.202    -0.561    -0.298     0.000
    1.0000     5.003    -0.203    -0.540    -0.287     0.000
    1.0000     5.003    -0.204    -0.413    -0.265     0.000
    1.0000     5.002    -0.205    -0.323    -0.253     0.000
    1.0000     5.001    -0.206    -0.303    -0.253     0.000
    1.0000     5.001    -0.207    -0.304    -0.255     0.000
    1.0000     5.000    -0.208    -0.305    -0.256     0.000
    1.0000     4.999    -0.210    -0.306    -0.257     0.000
    1.0000     4.998    -0.211    -0.307    -0.258     0.000
    1.0000     4.997    -0.212    -0.308    -0.259     0.000
    1.0000     4.997    -0.212    -0.309    -0.260     0.000
    1.0000     4.996    -0.213    -0.310    -0.261     0.000
    1.0000     4.996    -0.214    -0.311    -0.262     0.000
    1.0000     4.995    -0.215    -0.311    -0.262     0.000
    1.0000     4.994    -0.215    -0.312    -0.263     0.000
    1.0000     4.994    -0.216    -0.313    -0.264     0.000
    1.0000     4.993    -0.217    -0.313    -0.264     0.000
    1.0000     4.992    -0.218    -0.314    -0.265     0.000
    1.0000     4.992    -0.218    -0.314    -0.265     0.000
    1.0000     4.991    -0.219    -0.315    -0.266     0.000
    1.0000     4.990    -0.219    -0.316    -0.267     0.000
    1.0000     4.990    -0.220    -0.317    -0.268     0.000
    1.0000     4.989    -0.221    -0.318    -0.269     0.000
    1.0000     4.988    -0.221    -0.332    -0.269     0.000
    1.0000     4.988    -0.222    -0.463    -0.273     0.000
    1.0000     4.987    -0.223    -0.579    -0.292     0.000
    1.0000     4.987    -0.223    -0.695    -0.323     0.000
    1.0000     4.984    -0.225    -0.821    -0.360     0.000
    1.0000     4.986    -0.224    -0.905    -0.388     0.000
    1.0000     4.985    -0.225    -0.979    -0.414     0.000
    1.0000     4.985    -0.225    -1.051    -0.438     0.000
    1.0000     4.985    -0.225    -1.140    -0.465     0.000
    1.0000     4.984    -0.225    -1.251    -0.500     0.000
    1.0000     4.985    -0.225    -1.353    -0.531     0.000
    1.0000     4.986    -0.225    -1.434    -0.555     0.000
    1.0000     4.983    -0.227    -1.477    -0.577     0.000
    1.0000     4.984    -0.227    -1.499    -0.594     0.000
    1.0000     4.982    -0.228    -1.514    -0.607     0.000
    1.0000     4.980    -0.230    -1.529    -0.622     0.000
    1.0000     4.979    -0.231    -1.546    -0.631     0.000
    1.0000     4.979    -0.231    -1.773    -0.636     0.000
    1.0000     4.977    -0.233    -1.788    -0.635     0.000
    1.0000     4.976    -0.234    -1.786    -0.627     0.000
    1.0000     4.975    -0.234    -1.784    -0.617     0.000
    1.0000     4.974    -0.236    -1.775    -0.600     0.000
    1.0000     4.971    -0.237    -1.756    -0.578     0.000
    1.0000     4.969    -0.238    -1.712    -0.550     0.000
    1.0000     4.968    -0.239    -1.610    -0.512     0.000
    1.0000     4.966    -0.240    -1.439    -0.469     0.000
    1.0000     4.964    -0.240    -1.171    -0.405     0.000
    1.0000     4.964    -0.241    -0.767    -0.331     0.000
    1.0000     4.962    -0.241    -0.428    -0.295     0.000
    1.0000     4.961    -0.242    -0.347    -0.293     0.000
    1.0000     4.960    -0.242    -0.342    -0.292     0.000
    1.0000     4.959    -0.242    -0.342    -0.292     0.000
    1.0000     4.959    -0.242    -0.342    -0.292     0.000
    1.0000     4.957    -0.242    -0.342    -0.292     0.000
    1.0000     4.956    -0.243    -0.342    -0.293     0.000
    1.0000     4.955    -0.243    -0.342    -0.293     0.000
    1.0000     4.952    -0.243    -0.342    -0.293     0.000
    1.0000     4.952    -0.243    -0.341    -0.292     0.000
    1.0000     4.950    -0.243    -0.341    -0.292     0.000
    1.0000     4.948    -0.243    -0.342    -0.292     0.000
    1.0000     4.946    -0.243    -0.342    -0.292     0.000
    1.0000     4.944    -0.243    -0.341    -0.292     0.000
    1.0000     4.938    -0.243    -0.341    -0.292     0.000
    1.0000     4.939    -0.243    -0.342    -0.292     0.000
    1.0000     4.937    -0.243    -0.342    -0.292     0.000
    1.0000     4.935    -0.243    -0.341    -0.292     0.000
    1.0000     4.934    -0.243    -0.341    -0.292     0.000
    1.0000     4.932    -0.242    -0.341    -0.292     0.000
    1.0000     4.931    -0.242    -0.352    -0.292     0.000
    1.0000     4.930    -0.242    -0.541    -0.292     0.000
    1.0000     4.927    -0.242    -0.774    -0.319     0.000
    1.0000     4.927    -0.242    -0.974    -0.369     0.000
    1.0000     4.925    -0.241    -1.121    -0.411     0.000
    1.0000     4.924    -0.241    -1.240    -0.448     0.000
    1.0000     4.924    -0.242    -1.380    -0.489     0.000
    1.0000     4.925    -0.242    -1.464    -0.522     0.000
    1.0000     4.926    -0.243    -1.510    -0.561     0.000
    1.0000     4.927    -0.243    -1.540    -0.599     0.000
    1.0000     4.930    -0.244    -1.808    -0.633     0.000
    1.0000     4.933    -0.245    -1.813    -0.666     0.000
    1.0000     4.934    -0.245    -1.803    -0.685     0.000
    1.0000     4.936    -0.246    -1.798    -0.694     0.000
    1.0000     4.937    -0.246    -1.793    -0.701     0.000
    1.0000     4.938    -0.247    -1.781    -0.709     0.000
    1.0000     4.940    -0.247    -1.759    -0.719     0.000
    1.0000     4.942    -0.248    -1.764    -0.721     0.000
    1.0000     4.943    -0.248    -1.779    -0.719     0.000
    1.0000     4.945    -0.248    -1.794    -0.707     0.000
    1.0000     4.947    -0.249    -1.805    -0.692     0.000
    1.0000     4.947    -0.249    -1.805    -0.681     0.000
    1.0000     4.946    -0.249    -1.808    -0.657     0.000
    1.0000     4.945    -0.250    -1.824    -0.622     0.000
    1.0000     4.946    -0.250    -1.820    -0.573     0.000
    1.0000     4.944    -0.250    -1.658    -0.501     0.000
    1.0000     4.942    -0.251    -1.325    -0.423     0.000
    1.0000     4.942    -0.251    -0.860    -0.340     0.000
    1.0000     4.941    -0.251    -0.449    -0.306     0.000
    1.0000     4.939    -0.251    -0.358    -0.303     0.000
    1.0000     4.937    -0.251    -0.352    -0.302     0.000
    1.0000     4.936    -0.250    -0.352    -0.302     0.000
    1.0000     4.933    -0.250    -0.351    -0.301     0.000
    1.0000     4.931    -0.250    -0.350    -0.301     0.000
    1.0000     4.929    -0.249    -0.350    -0.300     0.000
    1.0000     4.926    -0.249    -0.349    -0.299     0.000
    1.0000     4.924    -0.249    -0.348    -0.299     0.000
    1.0000     4.922    -0.248    -0.347    -0.298     0.000
    1.0000     4.919    -0.247    -0.346    -0.297     0.000
    1.0000     4.917    -0.247    -0.346    -0.296     0.000
    1.0000     4.915    -0.246    -0.345    -0.295     0.000
    1.0000     4.913    -0.245    -0.344    -0.295     0.000
    1.0000     4.911    -0.245    -0.343    -0.294     0.000
    1.0000     4.909    -0.244    -0.342    -0.293     0.000
    1.0000     4.907    -0.243    -0.342    -0.292     0.000
    1.0000     4.905    -0.242    -0.341    -0.292     0.000
    1.0000     4.903    -0.242    -0.340    -0.291     0.000
    1.0000     4.902    -0.241    -0.339    -0.290     0.000
    1.0000     4.899    -0.240    -0.346    -0.289     0.000
    1.0000     4.899    -0.240    -0.502    -0.288     0.000
    1.0000     4.896    -0.238    -0.689    -0.309     0.000
    1.0000     4.896    -0.238    -0.840    -0.349     0.000
    1.0000     4.896    -0.239    -0.937    -0.381     0.000
    1.0000     4.896    -0.239    -1.137    -0.425     0.000
    1.0000     4.896    -0.239    -1.401    -0.479     0.000
    1.0000     4.898    -0.240    -1.490    -0.526     0.000
    1.0000     4.900    -0.241    -1.531    -0.571     0.000
    1.0000     4.902    -0.242    -1.622    -0.617     0.000
    1.0000     4.906    -0.244    -1.834    -0.653     0.000
    1.0000     4.910    -0.246    -1.852    -0.680     0.000
    1.0000     4.912    -0.247    -1.861    -0.687     0.000
    1.0000     4.914    -0.248    -1.868    -0.690     0.000
    1.0000     4.915    -0.249    -1.844    -0.681     0.000
    1.0000     4.915    -0.249    -1.827    -0.670     0.000
    1.0000     4.917    -0.250    -1.800    -0.662     0.000
    1.0000     4.920    -0.251    -1.765    -0.648     0.000
    1.0000     4.920    -0.251    -1.720    -0.641     0.000
    1.0000     4.923    -0.252    -1.742    -0.618     0.000
    1.0000     4.923    -0.252    -1.840    -0.669     0.000
    1.0000     4.924    -0.253    -1.831    -0.655     0.000
    1.0000     4.924    -0.253    -1.730    -0.607     0.000
    1.0000     4.922    -0.253    -1.379    -0.502     0.000
    1.0000     4.922    -0.253    -1.174    -0.444     0.000
    1.0000     4.922    -0.253    -0.985    -0.396     0.000
    1.0000     4.920    -0.253    -0.831    -0.355     0.000
    1.0000     4.918    -0.253    -0.661    -0.319     0.000
    1.0000     4.915    -0.252    -0.423    -0.303     0.000
    1.0000     4.911    -0.251    -0.357    -0.302     0.000
    1.0000     4.908    -0.250    -0.352    -0.302     0.000
    1.0000     4.905    -0.249    -0.351    -0.301     0.000
    1.0000     4.901    -0.247    -0.349    -0.299     0.000
    1.0000     4.897    -0.246    -0.348    -0.298     0.000
    1.0000     4.894    -0.244    -0.346    -0.296     0.000
    1.0000     4.891    -0.243    -0.344    -0.295     0.000
    1.0000     4.888    -0.241    -0.343    -0.293     0.000
    1.0000     4.885    -0.240    -0.341    -0.291     0.000
    1.0000     4.882    -0.238    -0.338    -0.288     0.000
    1.0000     4.878    -0.236    -0.335    -0.286     0.000
    1.0000     4.875    -0.234    -0.333    -0.283     0.000
    1.0000     4.872    -0.232    -0.330    -0.281     0.000
    1.0000     4.868    -0.230    -0.328    -0.279     0.000
    1.0000     4.866    -0.228    -0.325    -0.276     0.000
    1.0000     4.862    -0.225    -0.323    -0.274     0.000
    1.0000     4.858    -0.223    -0.320    -0.271     0.000
    1.0000     4.855    -0.221    -0.318    -0.269     0.000
    1.0000     4.851    -0.218    -0.316    -0.266     0.000
    1.0000     4.848    -0.216    -0.321    -0.264     0.000
    1.0000     4.846    -0.214    -0.431    -0.262     0.000
    1.0000     4.844    -0.212    -0.522    -0.277     0.000
    1.0000     4.840    -0.210    -0.611    -0.301     0.000
    1.0000     4.840    -0.210    -0.757    -0.335     0.000
    1.0000     4.840    -0.210    -0.969    -0.381     0.000
    1.0000     4.839    -0.209    -1.188    -0.432     0.000
    1.0000     4.843    -0.212    -1.400    -0.486     0.000
    1.0000     4.844    -0.213    -1.514    -0.535     0.000
    1.0000     4.848    -0.217    -1.544    -0.582     0.000
    1.0000     4.853    -0.221    -1.546    -0.617     0.000
    1.0000     4.859    -0.225    -1.813    -0.642     0.000
    1.0000     4.858    -0.225    -1.828    -0.651     0.000
    1.0000     4.860    -0.227    -1.844    -0.655     0.000
    1.0000     4.862    -0.228    -1.848    -0.654     0.000
    1.0000     4.867    -0.232    -1.844    -0.652     0.000
    1.0000     4.873    -0.236    -1.851    -0.657     0.000
    1.0000     4.873    -0.237    -1.858    -0.662     0.000
    1.0000     4.872    -0.236    -1.854    -0.668     0.000
    1.0000     4.876    -0.239    -1.846    -0.669     0.000
    1.0000     4.878    -0.240    -1.855    -0.667     0.000
    1.0000     4.878    -0.241    -1.837    -0.649     0.000
    1.0000     4.877    -0.240    -1.811    -0.617     0.000
    1.0000     4.876    -0.240    -1.685    -0.555     0.000
    1.0000     4.868    -0.236    -1.289    -0.453     0.000
    1.0000     4.870    -0.237    -1.082    -0.398     0.000
    1.0000     4.868    -0.236    -0.895    -0.353     0.000
    1.0000     4.868    -0.236    -0.678    -0.310     0.000
    1.0000     4.864    -0.233    -0.423    -0.287     0.000
    1.0000     4.859    -0.230    -0.337    -0.282     0.000
    1.0000     4.854    -0.227    -0.328    -0.278     0.000
    1.0000     4.849    -0.223    -0.324    -0.274     0.000
    1.0000     4.843    -0.219    -0.319    -0.269     0.000
    1.0000     4.838    -0.214    -0.314    -0.265     0.000
    1.0000     4.832    -0.210    -0.310    -0.260     0.000
    1.0000     4.828    -0.206    -0.305    -0.256     0.000
    1.0000     4.823    -0.202    -0.301    -0.252     0.000
    1.0000     4.819    -0.199    -0.297    -0.248     0.000
    1.0000     4.813    -0.194    -0.292    -0.243     0.000
    1.0000     4.808    -0.190    -0.287    -0.238     0.000
    1.0000     4.804    -0.185    -0.283    -0.234     0.000
    1.0000     4.799    -0.181    -0.279    -0.230     0.000
    1.0000     4.795    -0.177    -0.274    -0.225     0.000
    1.0000     4.792    -0.174    -0.271    -0.222     0.000
    1.0000     4.786    -0.168    -0.265    -0.216     0.000
    1.0000     4.782    -0.164    -0.261    -0.212     0.000
    1.0000     4.777    -0.160    -0.256    -0.207     0.000
    1.0000     4.773    -0.156    -0.253    -0.204     0.000
    1.0000     4.768    -0.154    -0.258    -0.202     0.000
    1.0000     4.765    -0.153    -0.326    -0.202     0.000
    1.0000     4.760    -0.150    -0.364    -0.211     0.000
    1.0000     4.755    -0.149    -0.473    -0.232     0.000
    1.0000     4.755    -0.149    -0.663    -0.274     0.000
    1.0000     4.753    -0.148    -0.859    -0.320     0.000
    1.0000     4.755    -0.149    -1.040    -0.367     0.000
    1.0000     4.756    -0.149    -1.172    -0.405     0.000
    1.0000     4.758    -0.150    -1.296    -0.444     0.000
    1.0000     4.759    -0.151    -1.417    -0.480     0.000
    1.0000     4.768    -0.155    -1.498    -0.518     0.000
    1.0000     4.772    -0.157    -1.520    -0.533     0.000
    1.0000     4.778    -0.162    -1.548    -0.568     0.000
    1.0000     4.783    -0.168    -1.824    -0.601     0.000
    1.0000     4.784    -0.169    -1.846    -0.612     0.000
    1.0000     4.785    -0.170    -1.857    -0.619     0.000
    1.0000     4.791    -0.177    -1.873    -0.633     0.000
    1.0000     4.792    -0.178    -1.871    -0.634     0.000
    1.0000     4.794    -0.180    -1.874    -0.637     0.000
    1.0000     4.795    -0.182    -1.879    -0.639     0.000
    1.0000     4.797    -0.184    -1.868    -0.625     0.000
    1.0000     4.799    -0.186    -1.852    -0.602     0.000
    1.0000     4.797    -0.185    -1.819    -0.566     0.000
    1.0000     4.794    -0.182    -1.730    -0.515     0.000
    1.0000     4.792    -0.181    -1.540    -0.456     0.000
    1.0000     4.788    -0.178    -1.373    -0.400     0.000
    1.0000     4.783    -0.173    -1.062    -0.331     0.000
    1.0000     4.779    -0.169    -0.656    -0.256     0.000
    1.0000     4.774    -0.164    -0.361    -0.217     0.000
    1.0000     4.768    -0.157    -0.262    -0.207     0.000
    1.0000     4.761    -0.153    -0.252    -0.202     0.000
    1.0000     4.755    -0.151    -0.249    -0.200     0.000
    1.0000     4.747    -0.147    -0.245    -0.196     0.000
    1.0000     4.740    -0.143    -0.241    -0.192     0.000
    1.0000     4.735    -0.141    -0.239    -0.190     0.000
    1.0000     4.728    -0.137    -0.235    -0.186     0.000
    1.0000     4.721    -0.133    -0.231    -0.182     0.000
    1.0000     4.714    -0.130    -0.227    -0.178     0.000
    1.0000     4.707    -0.126    -0.223    -0.174     0.000
    1.0000     4.701    -0.123    -0.220    -0.171     0.000
    1.0000     4.694    -0.119    -0.216    -0.167     0.000
    1.0000     4.688    -0.116    -0.212    -0.164     0.000
    1.0000     4.683    -0.113    -0.209    -0.160     0.000
    1.0000     4.678    -0.111    -0.207    -0.158     0.000
    1.0000     4.672    -0.109    -0.206    -0.157     0.000
    1.0000     4.666    -0.108    -0.204    -0.156     0.000
    1.0000     4.661    -0.107    -0.203    -0.154     0.000
    1.0000     4.655    -0.106    -0.202    -0.153     0.000
    1.0000     4.650    -0.105    -0.208    -0.152     0.000
    1.0000     4.645    -0.104    -0.266    -0.154     0.000
    1.0000     4.640    -0.104    -0.334    -0.166     0.000
    1.0000     4.636    -0.104    -0.418    -0.189     0.000
    1.0000     4.633    -0.104    -0.541    -0.219     0.000
    1.0000     4.633    -0.104    -0.674    -0.254     0.000
    1.0000     4.632    -0.105    -0.814    -0.292     0.000
    1.0000     4.632    -0.105    -0.957    -0.332     0.000
    1.0000     4.636    -0.105    -1.085    -0.368     0.000
    1.0000     4.639    -0.105    -1.209    -0.402     0.000
    1.0000     4.646    -0.105    -1.347    -0.438     0.000
    1.0000     4.651    -0.106    -1.445    -0.467     0.000
    1.0000     4.654    -0.107    -1.486    -0.488     0.000
    1.0000     4.658    -0.107    -1.504    -0.505     0.000
    1.0000     4.661    -0.108    -1.519    -0.521     0.000
    1.0000     4.658    -0.107    -1.533    -0.534     0.000
    1.0000     4.666    -0.109    -1.541    -0.549     0.000
    1.0000     4.671    -0.110    -1.791    -0.557     0.000
    1.0000     4.667    -0.109    -1.785    -0.553     0.000
    1.0000     4.673    -0.110    -1.777    -0.546     0.000
    1.0000     4.675    -0.111    -1.779    -0.536     0.000
    1.0000     4.673    -0.110    -1.755    -0.509     0.000
    1.0000     4.672    -0.110    -1.636    -0.460     0.000
    1.0000     4.668    -0.110    -1.461    -0.411     0.000
    1.0000     4.667    -0.110    -1.347    -0.370     0.000
    1.0000     4.665    -0.110    -1.102    -0.308     0.000
    1.0000     4.660    -0.110    -0.750    -0.234     0.000
    1.0000     4.656    -0.110    -0.499    -0.188     0.000
    1.0000     4.650    -0.110    -0.256    -0.161     0.000
    1.0000     4.644    -0.110    -0.210    -0.159     0.000
    1.0000     4.637    -0.110    -0.207    -0.158     0.000
    1.0000     4.630    -0.110    -0.207    -0.158     0.000
    1.0000     4.623    -0.110    -0.207    -0.158     0.000
    1.0000     4.616    -0.110    -0.207    -0.158     0.000
    1.0000     4.609    -0.110    -0.207    -0.158     0.000
    1.0000     4.603    -0.110    -0.206    -0.158     0.000
    1.0000     4.597    -0.110    -0.206    -0.157     0.000
    1.0000     4.591    -0.110    -0.206    -0.157     0.000
    1.0000     4.585    -0.110    -0.206    -0.157     0.000
    1.0000     4.579    -0.110    -0.206    -0.157     0.000
    1.0000     4.574    -0.110    -0.206    -0.157     0.000
    1.0000     4.569    -0.110    -0.205    -0.157     0.000
    1.0000     4.565    -0.110    -0.205    -0.156     0.000
    1.0000     4.561    -0.110    -0.205    -0.156     0.000
    1.0000     4.556    -0.109    -0.204    -0.156     0.000
    1.0000     4.552    -0.109    -0.204    -0.156     0.000
    1.0000     4.547    -0.109    -0.204    -0.156     0.000
    1.0000     4.543    -0.109    -0.204    -0.156     0.000
    1.0000     4.539    -0.109    -0.190    -0.156     0.000
    1.0000     4.536    -0.109    -0.193    -0.155     0.000
    1.0000     4.532    -0.109    -0.258    -0.165     0.000
    1.0000     4.529    -0.109    -0.342    -0.183     0.000
    1.0000     4.526    -0.109    -0.439    -0.208     0.000
    1.0000     4.525    -0.109    -0.572    -0.245     0.000
    1.0000     4.527    -0.109    -0.763    -0.288     0.000
    1.0000     4.529    -0.109    -0.909    -0.327     0.000
    1.0000     4.531    -0.109    -1.034    -0.363     0.000
    1.0000     4.536    -0.109    -1.175    -0.401     0.000
    1.0000     4.543    -0.110    -1.309    -0.439     0.000
    1.0000     4.547    -0.110    -1.412    -0.466     0.000
    1.0000     4.551    -0.110    -1.492    -0.489     0.000
    1.0000     4.555    -0.111    -1.511    -0.495     0.000
    1.0000     4.556    -0.111    -1.523    -0.503     0.000
    1.0000     4.559    -0.111    -1.548    -0.516     0.000
    1.0000     4.560    -0.112    -1.596    -0.526     0.000
    1.0000     4.564    -0.112    -1.702    -0.523     0.000
    1.0000     4.564    -0.112    -1.697    -0.507     0.000
    1.0000     4.568    -0.113    -1.743    -0.517     0.000
    1.0000     4.572    -0.113    -1.756    -0.514     0.000
    1.0000     4.572    -0.113    -1.714    -0.490     0.000
    1.0000     4.568    -0.114    -1.604    -0.451     0.000
    1.0000     4.568    -0.114    -1.410    -0.401     0.000
    1.0000     4.565    -0.114    -1.271    -0.364     0.000
    1.0000     4.564    -0.114    -1.025    -0.304     0.000
    1.0000     4.560    -0.114    -0.733    -0.242     0.000
    1.0000     4.556    -0.114    -0.573    -0.209     0.000
    1.0000     4.550    -0.114    -0.339    -0.170     0.000
    1.0000     4.544    -0.114    -0.223    -0.164     0.000
    1.0000     4.538    -0.114    -0.212    -0.163     0.000
    1.0000     4.533    -0.114    -0.211    -0.162     0.000
    1.0000     4.527    -0.114    -0.211    -0.162     0.000
    1.0000     4.522    -0.114    -0.211    -0.162     0.000
    1.0000     4.517    -0.114    -0.211    -0.162     0.000
    1.0000     4.513    -0.114    -0.211    -0.162     0.000
    1.0000     4.508    -0.114    -0.211    -0.162     0.000
    1.0000     4.505    -0.114    -0.210    -0.161     0.000
    1.0000     4.501    -0.114    -0.210    -0.161     0.000
    1.0000     4.498    -0.114    -0.210    -0.161     0.000
    1.0000     4.495    -0.114    -0.210    -0.161     0.000
    1.0000     4.491    -0.114    -0.210    -0.161     0.000
    1.0000     4.488    -0.114    -0.210    -0.161     0.000
    1.0000     4.485    -0.114    -0.210    -0.161     0.000
    1.0000     4.482    -0.114    -0.209    -0.161     0.000
    1.0000     4.480    -0.113    -0.209    -0.161     0.000
    1.0000     4.478    -0.113    -0.209    -0.161     0.000
    1.0000     4.475    -0.113    -0.209    -0.160     0.000
    1.0000     4.473    -0.113    -0.209    -0.160     0.000
    1.0000     4.471    -0.113    -0.228    -0.162     0.000
    1.0000     4.469    -0.113    -0.308    -0.172     0.000
    1.0000     4.467    -0.113    -0.396    -0.193     0.000
    1.0000     4.466    -0.113    -0.515    -0.225     0.000
    1.0000     4.465    -0.113    -0.635    -0.258     0.000
    1.0000     4.466    -0.113    -0.772    -0.297     0.000
    1.0000     4.467    -0.113    -0.940    -0.349     0.000
    1.0000     4.469    -0.113    -1.090    -0.393     0.000
    1.0000     4.472    -0.113    -1.213    -0.430     0.000
    1.0000     4.476    -0.114    -1.327    -0.464     0.000
    1.0000     4.478    -0.114    -1.424    -0.486     0.000
    1.0000     4.481    -0.114    -1.469    -0.498     0.000
    1.0000     4.483    -0.115    -1.490    -0.512     0.000
    1.0000     4.485    -0.115    -1.503    -0.523     0.000
    1.0000     4.485    -0.115    -1.512    -0.532     0.000
    1.0000     4.487    -0.116    -1.520    -0.537     0.000
    1.0000     4.491    -0.116    -1.522    -0.536     0.000
    1.0000     4.492    -0.116    -1.518    -0.525     0.000
    1.0000     4.494    -0.117    -1.511    -0.507     0.000
    1.0000     4.497    -0.117    -1.496    -0.486     0.000
    1.0000     4.497    -0.117    -1.455    -0.451     0.000
    1.0000     4.497    -0.117    -1.422    -0.430     0.000
    1.0000     4.494    -0.118    -1.351    -0.403     0.000
    1.0000     4.493    -0.118    -1.209    -0.361     0.000
    1.0000     4.491    -0.118    -1.030    -0.315     0.000
    1.0000     4.489    -0.118    -0.827    -0.264     0.000
    1.0000     4.487    -0.118    -0.565    -0.211     0.000
    1.0000     4.484    -0.118    -0.324    -0.173     0.000
    1.0000     4.480    -0.118    -0.224    -0.167     0.000
    1.0000     4.477    -0.118    -0.216    -0.166     0.000
    1.0000     4.474    -0.118    -0.215    -0.166     0.000
    1.0000     4.470    -0.118    -0.215    -0.166     0.000
    1.0000     4.468    -0.118    -0.215    -0.166     0.000
    1.0000     4.466    -0.118    -0.214    -0.165     0.000
    1.0000     4.463    -0.118    -0.214    -0.165     0.000
    1.0000     4.461    -0.118    -0.214    -0.165     0.000
    1.0000     4.459    -0.118    -0.214    -0.165     0.000
    1.0000     4.457    -0.118    -0.214    -0.165     0.000
    1.0000     4.455    -0.118    -0.213    -0.165     0.000
    1.0000     4.454    -0.118    -0.213    -0.164     0.000
    1.0000     4.452    -0.117    -0.213    -0.164     0.000
    1.0000     4.450    -0.117    -0.213    -0.164     0.000
    1.0000     4.448    -0.117    -0.213    -0.164     0.000
    1.0000     4.446    -0.117    -0.212    -0.164     0.000
    1.0000     4.444    -0.117    -0.212    -0.164     0.000
    1.0000     4.443    -0.117    -0.212    -0.164     0.000
    1.0000     4.441    -0.117    -0.213    -0.164     0.000
    1.0000     4.440    -0.117    -0.213    -0.164     0.000
    1.0000     4.439    -0.117    -0.239    -0.165     0.000
    1.0000     4.438    -0.117    -0.278    -0.174     0.000
    1.0000     4.437    -0.117    -0.347    -0.191     0.000
    1.0000     4.437    -0.117    -0.431    -0.212     0.000
    1.0000     4.437    -0.117    -0.585    -0.246     0.000
    1.0000     4.438    -0.117    -0.764    -0.289     0.000
    1.0000     4.438    -0.117    -0.927    -0.331     0.000
    1.0000     4.440    -0.117    -1.142    -0.383     0.000
    1.0000     4.443    -0.117    -1.388    -0.442     0.000
    1.0000     4.447    -0.117    -1.505    -0.494     0.000
    1.0000     4.449    -0.118    -1.530    -0.539     0.000
    1.0000     4.451    -0.118    -1.621    -0.569     0.000
    1.0000     4.454    -0.118    -1.825    -0.592     0.000
    1.0000     4.456    -0.119    -1.820    -0.609     0.000
    1.0000     4.458    -0.119    -1.815    -0.624     0.000
    1.0000     4.459    -0.120    -1.813    -0.631     0.000
    1.0000     4.461    -0.120    -1.809    -0.640     0.000
    1.0000     4.463    -0.120    -1.817    -0.643     0.000
    1.0000     4.466    -0.121    -1.836    -0.633     0.000
    1.0000     4.469    -0.121    -1.836    -0.621     0.000
    1.0000     4.469    -0.122    -1.845    -0.595     0.000
    1.0000     4.469    -0.122    -1.843    -0.554     0.000
    1.0000     4.467    -0.122    -1.704    -0.470     0.000
    1.0000     4.467    -0.123    -1.499    -0.397     0.000
    1.0000     4.465    -0.123    -1.166    -0.316     0.000
    1.0000     4.464    -0.123    -0.884    -0.257     0.000
    1.0000     4.463    -0.124    -0.560    -0.204     0.000
    1.0000     4.461    -0.124    -0.312    -0.176     0.000
    1.0000     4.459    -0.124    -0.230    -0.173     0.000
    1.0000     4.456    -0.124    -0.225    -0.174     0.000
    1.0000     4.453    -0.124    -0.223    -0.174     0.000
    1.0000     4.451    -0.124    -0.224    -0.174     0.000
    1.0000     4.449    -0.124    -0.223    -0.174     0.000
    1.0000     4.447    -0.123    -0.223    -0.174     0.000
    1.0000     4.445    -0.123    -0.222    -0.173     0.000
    1.0000     4.443    -0.123    -0.221    -0.172     0.000
    1.0000     4.442    -0.123    -0.221    -0.172     0.000
    1.0000     4.440    -0.123    -0.221    -0.172     0.000
    1.0000     4.439    -0.123    -0.221    -0.172     0.000
    1.0000     4.437    -0.123    -0.221    -0.172     0.000
    1.0000     4.436    -0.123    -0.221    -0.172     0.000
    1.0000     4.434    -0.123    -0.220    -0.171     0.000
    1.0000     4.433    -0.123    -0.219    -0.170     0.000
    1.0000     4.432    -0.123    -0.219    -0.170     0.000
    1.0000     4.430    -0.123    -0.220    -0.171     0.000
    1.0000     4.429    -0.123    -0.220    -0.171     0.000
    1.0000     4.428    -0.123    -0.220    -0.171     0.000
    1.0000     4.427    -0.123    -0.238    -0.171     0.000
    1.0000     4.426    -0.123    -0.356    -0.174     0.000
    1.0000     4.425    -0.122    -0.401    -0.190     0.000
    1.0000     4.424    -0.122    -0.431    -0.208     0.000
    1.0000     4.424    -0.123    -0.628    -0.254     0.000
    1.0000     4.424    -0.123    -0.743    -0.289     0.000
    1.0000     4.424    -0.123    -0.967    -0.340     0.000
    1.0000     4.426    -0.123    -1.248    -0.402     0.000
    1.0000     4.426    -0.123    -1.459    -0.459     0.000
    1.0000     4.429    -0.124    -1.528    -0.515     0.000
    1.0000     4.432    -0.124    -1.565    -0.563     0.000
    1.0000     4.434    -0.124    -1.838    -0.594     0.000
    1.0000     4.436    -0.125    -1.853    -0.615     0.000
    1.0000     4.437    -0.125    -1.872    -0.623     0.000
    1.0000     4.438    -0.125    -1.874    -0.615     0.000
    1.0000     4.439    -0.126    -1.858    -0.608     0.000
    1.0000     4.440    -0.126    -1.772    -0.558     0.000
    1.0000     4.442    -0.126    -1.687    -0.470     0.000
    1.0000     4.443    -0.127    -1.814    -0.576     0.000
    1.0000     4.446    -0.127    -1.794    -0.594     0.000
    1.0000     4.447    -0.127    -1.800    -0.586     0.000
    1.0000     4.447    -0.128    -1.833    -0.570     0.000
    1.0000     4.447    -0.128    -1.801    -0.528     0.000
    1.0000     4.447    -0.128    -1.627    -0.462     0.000
    1.0000     4.446    -0.129    -1.394    -0.386     0.000
    1.0000     4.446    -0.129    -1.100    -0.317     0.000
    1.0000     4.445    -0.129    -0.860    -0.263     0.000
    1.0000     4.444    -0.130    -0.595    -0.213     0.000
    1.0000     4.442    -0.130    -0.343    -0.184     0.000
    1.0000     4.440    -0.130    -0.236    -0.180     0.000
    1.0000     4.438    -0.130    -0.229    -0.180     0.000
    1.0000     4.436    -0.130    -0.228    -0.179     0.000
    1.0000     4.434    -0.129    -0.228    -0.179     0.000
    1.0000     4.432    -0.129    -0.227    -0.178     0.000
    1.0000     4.430    -0.129    -0.227    -0.178     0.000
    1.0000     4.429    -0.129    -0.227    -0.178     0.000
    1.0000     4.427    -0.129    -0.226    -0.177     0.000
    1.0000     4.425    -0.129    -0.226    -0.177     0.000
    1.0000     4.424    -0.129    -0.226    -0.177     0.000
    1.0000     4.423    -0.129    -0.226    -0.177     0.000
    1.0000     4.421    -0.129    -0.226    -0.177     0.000
    1.0000     4.420    -0.129    -0.225    -0.177     0.000
    1.0000     4.419    -0.129    -0.225    -0.176     0.000
    1.0000     4.418    -0.129    -0.225    -0.176     0.000
    1.0000     4.418    -0.129    -0.225    -0.176     0.000
    1.0000     4.417    -0.129    -0.225    -0.176     0.000
    1.0000     4.416    -0.129    -0.225    -0.176     0.000
    1.0000     4.415    -0.128    -0.225    -0.176     0.000
    1.0000     4.415    -0.128    -0.237    -0.176     0.000
    1.0000     4.414    -0.128    -0.302    -0.178     0.000
    1.0000     4.413    -0.128    -0.273    -0.188     0.000
    1.0000     4.413    -0.128    -0.385    -0.208     0.000
    1.0000     4.412    -0.128    -0.512    -0.238     0.000
    1.0000     4.412    -0.128    -0.642    -0.271     0.000
    1.0000     4.412    -0.128    -0.781    -0.306     0.000
    1.0000     4.413    -0.128    -0.949    -0.349     0.000
    1.0000     4.414    -0.129    -1.140    -0.397     0.000
    1.0000     4.415    -0.129    -1.313    -0.442     0.000
    1.0000     4.417    -0.129    -1.439    -0.477     0.000
    1.0000     4.416    -0.130    -1.493    -0.507     0.000
    1.0000     4.416    -0.130    -1.514    -0.531     0.000
    1.0000     4.417    -0.130    -1.519    -0.537     0.000
    1.0000     4.418    -0.131    -1.534    -0.554     0.000
    1.0000     4.418    -0.131    -1.537    -0.570     0.000
    1.0000     4.419    -0.131    -1.771    -0.571     0.000
    1.0000     4.420    -0.132    -1.806    -0.581     0.000
    1.0000     4.421    -0.132    -1.829    -0.591     0.000
    1.0000     4.422    -0.133    -1.835    -0.588     0.000
    1.0000     4.423    -0.133    -1.835    -0.577     0.000
    1.0000     4.423    -0.134    -1.822    -0.554     0.000
    1.0000     4.423    -0.134    -1.804    -0.530     0.000
