steps=1488  carried=262  ncan=46
step 96 done
step 192 done
step 288 done
step 384 done
step 480 done
step 576 done
step 672 done
step 768 done
step 864 done
step 960 done
step 1056 done
step 1152 done
step 1248 done
step 1344 done
step 1440 done
columns: ['step', 'tleaf_leaf_absd', 'tleaf_leaf_reld', 'tleaf_leaf_ref', 'tleaf_leaf_jax', 'tair_profile_absd', 'tair_profile_reld', 'tair_profile_ref', 'tair_profile_jax', 'gppveg_canopy_absd', 'gppveg_canopy_reld', 'gppveg_canopy_ref', 'gppveg_canopy_jax', 'shflx_canopy_absd', 'shflx_canopy_reld', 'shflx_canopy_ref', 'shflx_canopy_jax', 'lhflx_canopy_absd', 'lhflx_canopy_reld', 'lhflx_canopy_ref', 'lhflx_canopy_jax', 'tg_soil_absd', 'tg_soil_reld', 'tg_soil_ref', 'tg_soil_jax']
tleaf_leaf: daily-mean rel max over 31 days = 2.968e-06, median = 1.737e-12
tair_profile: daily-mean rel max over 31 days = 1.361e-06, median = 1.586e-12
gppveg_canopy: daily-mean rel max over 31 days = 1.041e-04, median = 3.265e-10
shflx_canopy: daily-mean rel max over 31 days = 9.634e-04, median = 4.968e-09
lhflx_canopy: daily-mean rel max over 31 days = 1.757e-04, median = 4.094e-10
tg_soil: daily-mean rel max over 31 days = 9.516e-08, median = 4.193e-13
DONE
