ncan = 46
mode=jax  steps=1488  carried=262  exogenous=194
  step   1: max_abs 1.476e+20  max_rel 1.135e-05  (mlcanopy_inst__dtleaf_leaf)
  step   2: max_abs 2.951e+20  max_rel 4.442e-07  (mlcanopy_inst__stleaf_mean_profile)
  step   6: max_abs 2.951e+20  max_rel 5.972e-08  (mlcanopy_inst__dsai_frac_profile)
  step   7: max_abs 2.951e+20  max_rel 2.000e+00  (mlcanopy_inst__aj_leaf)
  step   8: max_abs 2.951e+20  max_rel 4.228e+00  (mlcanopy_inst__gppvegsha_canopy)
  step   9: max_abs 2.951e+20  max_rel 2.000e+00  (mlcanopy_inst__aj_leaf)
  step  10: max_abs 2.951e+20  max_rel 2.313e+00  (mlcanopy_inst__gppvegsun_canopy)
  step  11: max_abs 2.951e+20  max_rel 2.000e+00  (mlcanopy_inst__aj_leaf)
  step  12: max_abs 2.951e+20  max_rel 1.766e+00  (mlcanopy_inst__gppvegsha_canopy)
  step  13: max_abs 2.951e+20  max_rel 9.872e+00  (mlcanopy_inst__gppveg_canopy)
  step  14: max_abs 2.951e+20  max_rel 2.000e+00  (mlcanopy_inst__aj_leaf)
  step  15: max_abs 2.951e+20  max_rel 8.784e+02  (mlcanopy_inst__gppvegsun_canopy)
  step  16: max_abs 2.951e+20  max_rel 4.427e+00  (mlcanopy_inst__gppvegsun_canopy)
  step  17: max_abs 2.951e+20  max_rel 4.242e+00  (mlcanopy_inst__gppvegsha_canopy)
  step  18: max_abs 2.951e+20  max_rel 1.030e+01  (mlcanopy_inst__gppveg_canopy)
  step  19: max_abs 2.951e+20  max_rel 1.985e+01  (mlcanopy_inst__gppvegsha_canopy)
  step  20: max_abs 2.951e+20  max_rel 4.456e+00  (mlcanopy_inst__gppveg_canopy)
  step  21: max_abs 2.951e+20  max_rel 1.328e+00  (mlcanopy_inst__gppvegsha_canopy)
  step  22: max_abs 2.951e+20  max_rel 2.076e+01  (mlcanopy_inst__gppvegsun_canopy)
  step  23: max_abs 2.951e+20  max_rel 1.620e+02  (mlcanopy_inst__gppveg_canopy)
  step  24: max_abs 2.951e+20  max_rel 2.283e+00  (mlcanopy_inst__gppvegsun_canopy)
  step  25: max_abs 2.951e+20  max_rel 2.808e+00  (mlcanopy_inst__gppveg_canopy)
  step  48: max_abs 2.951e+20  max_rel 9.841e-07  (mlcanopy_inst__dtleaf_leaf)
  step  55: max_abs 2.951e+20  max_rel 1.500e+00  (mlcanopy_inst__aj_leaf)
  step  56: max_abs 2.951e+20  max_rel 1.000e+00  (mlcanopy_inst__agross_leaf)
  step  57: max_abs 2.951e+20  max_rel 1.567e+00  (mlcanopy_inst__gppvegsun_canopy)
  step  58: max_abs 2.951e+20  max_rel 1.500e+00  (mlcanopy_inst__agross_leaf)
  step  59: max_abs 2.951e+20  max_rel 2.010e+00  (mlcanopy_inst__gppvegsun_canopy)
  step  60: max_abs 2.951e+20  max_rel 3.123e+00  (mlcanopy_inst__gppvegsun_canopy)
  step  61: max_abs 2.951e+20  max_rel 2.000e+00  (mlcanopy_inst__aj_leaf)
  step  62: max_abs 2.951e+20  max_rel 2.223e+00  (mlcanopy_inst__gppvegsun_canopy)
  step  63: max_abs 2.951e+20  max_rel 3.223e+00  (mlcanopy_inst__gppvegsun_canopy)
  step  64: max_abs 2.951e+20  max_rel 9.403e+01  (mlcanopy_inst__gppvegsun_canopy)
  step  65: max_abs 2.951e+20  max_rel 1.500e+00  (mlcanopy_inst__agross_leaf)
  step  66: max_abs 2.951e+20  max_rel 3.253e+00  (mlcanopy_inst__gppvegsun_canopy)
  step  67: max_abs 2.951e+20  max_rel 9.609e+01  (mlcanopy_inst__gppvegsha_canopy)
  step  68: max_abs 2.951e+20  max_rel 1.258e+01  (mlcanopy_inst__gppvegsun_canopy)
  step  69: max_abs 2.951e+20  max_rel 2.000e+00  (mlcanopy_inst__agross_leaf)
  step  70: max_abs 2.951e+20  max_rel 1.004e+01  (mlcanopy_inst__gppvegsun_canopy)
  step  71: max_abs 2.951e+20  max_rel 2.000e+00  (mlcanopy_inst__agross_leaf)
  step  72: max_abs 2.951e+20  max_rel 1.500e+00  (mlcanopy_inst__aj_leaf)
  step  73: max_abs 2.951e+20  max_rel 9.206e+00  (mlcanopy_inst__gppvegsun_canopy)
  step 101: max_abs 2.951e+20  max_rel 2.728e-03  (mlcanopy_inst__fwet_profile)
  step 102: max_abs 2.951e+20  max_rel 2.282e-03  (mlcanopy_inst__fwet_profile)
  step 103: max_abs 2.951e+20  max_rel 5.536e-03  (mlcanopy_inst__evleaf_leaf)
  step 104: max_abs 2.951e+20  max_rel 5.000e-01  (mlcanopy_inst__aj_leaf)
  step 105: max_abs 2.951e+20  max_rel 2.154e+02  (mlcanopy_inst__gppvegsha_canopy)
  step 106: max_abs 2.951e+20  max_rel 3.000e+00  (mlcanopy_inst__aj_leaf)
  step 107: max_abs 2.951e+20  max_rel 1.029e+00  (mlcanopy_inst__gppveg_canopy)
  step 108: max_abs 2.951e+20  max_rel 1.788e+00  (mlcanopy_inst__gppvegsun_canopy)
  step 109: max_abs 2.951e+20  max_rel 4.201e+00  (mlcanopy_inst__gppvegsun_canopy)
  step 110: max_abs 2.951e+20  max_rel 2.000e+00  (mlcanopy_inst__aj_leaf)
  step 111: max_abs 2.951e+20  max_rel 1.703e+00  (mlcanopy_inst__gppvegsun_canopy)
  step 112: max_abs 2.951e+20  max_rel 3.844e+00  (mlcanopy_inst__gppvegsun_canopy)
  step 113: max_abs 2.951e+20  max_rel 1.333e+00  (mlcanopy_inst__agross_leaf)
  step 114: max_abs 2.951e+20  max_rel 2.788e+01  (mlcanopy_inst__gppvegsha_canopy)
  step 115: max_abs 2.951e+20  max_rel 6.355e+00  (mlcanopy_inst__gppvegsun_canopy)
  step 116: max_abs 2.951e+20  max_rel 2.767e+00  (mlcanopy_inst__gppvegsun_canopy)
  step 117: max_abs 2.951e+20  max_rel 2.876e+00  (mlcanopy_inst__gppvegsun_canopy)
  step 118: max_abs 2.951e+20  max_rel 1.000e+00  (mlcanopy_inst__aj_leaf)
  step 119: max_abs 2.951e+20  max_rel 4.505e+00  (mlcanopy_inst__gppveg_canopy)
  step 120: max_abs 2.951e+20  max_rel 3.462e+00  (mlcanopy_inst__gppvegsun_canopy)
  step 121: max_abs 2.951e+20  max_rel 2.145e+01  (mlcanopy_inst__gppvegsun_canopy)
  step 151: max_abs 2.951e+20  max_rel 1.000e+00  (mlcanopy_inst__aj_leaf)
  step 152: max_abs 2.951e+20  max_rel 3.229e+00  (mlcanopy_inst__gppvegsun_canopy)
  step 153: max_abs 2.951e+20  max_rel 2.000e+00  (mlcanopy_inst__agross_leaf)
  step 154: max_abs 2.951e+20  max_rel 2.527e+00  (mlcanopy_inst__gppveg_canopy)
  step 155: max_abs 2.951e+20  max_rel 4.482e+00  (mlcanopy_inst__gppveg_canopy)
  step 156: max_abs 2.951e+20  max_rel 2.000e+00  (mlcanopy_inst__agross_leaf)
  step 157: max_abs 2.951e+20  max_rel 5.141e+00  (mlcanopy_inst__gppvegsha_canopy)
  step 158: max_abs 2.951e+20  max_rel 2.000e+00  (mlcanopy_inst__aj_leaf)
  step 159: max_abs 2.951e+20  max_rel 1.500e+00  (mlcanopy_inst__aj_leaf)
  step 160: max_abs 2.951e+20  max_rel 1.557e+00  (mlcanopy_inst__gppveg_canopy)
  step 161: max_abs 2.951e+20  max_rel 4.035e+00  (mlcanopy_inst__gppveg_canopy)
  step 162: max_abs 2.951e+20  max_rel 2.278e+00  (mlcanopy_inst__gppvegsha_canopy)
  step 163: max_abs 2.951e+20  max_rel 1.635e+00  (mlcanopy_inst__gppvegsun_canopy)
  step 164: max_abs 2.951e+20  max_rel 3.020e+00  (mlcanopy_inst__gppvegsun_canopy)
  step 165: max_abs 2.951e+20  max_rel 8.769e+00  (mlcanopy_inst__gppvegsha_canopy)
  step 166: max_abs 2.951e+20  max_rel 3.626e+00  (mlcanopy_inst__gppvegsun_canopy)
  step 167: max_abs 2.951e+20  max_rel 2.000e+00  (mlcanopy_inst__agross_leaf)
  step 168: max_abs 2.951e+20  max_rel 1.134e+00  (mlcanopy_inst__gppvegsun_canopy)
  step 200: max_abs 2.951e+20  max_rel 1.000e+00  (mlcanopy_inst__aj_leaf)
  step 201: max_abs 2.951e+20  max_rel 4.457e+00  (mlcanopy_inst__gppvegsun_canopy)
  step 202: max_abs 2.951e+20  max_rel 3.202e+00  (mlcanopy_inst__gppvegsha_canopy)
  step 203: max_abs 2.951e+20  max_rel 2.000e+00  (mlcanopy_inst__aj_leaf)
  step 204: max_abs 2.951e+20  max_rel 1.891e+00  (mlcanopy_inst__gppveg_canopy)
  step 205: max_abs 2.951e+20  max_rel 2.000e+00  (mlcanopy_inst__aj_leaf)
  step 206: max_abs 2.951e+20  max_rel 3.320e+01  (mlcanopy_inst__gppvegsun_canopy)
  step 207: max_abs 2.951e+20  max_rel 6.436e+01  (mlcanopy_inst__gppvegsun_canopy)
  step 208: max_abs 2.951e+20  max_rel 2.070e+00  (mlcanopy_inst__gppvegsha_canopy)
  step 209: max_abs 2.951e+20  max_rel 7.874e+00  (mlcanopy_inst__gppvegsha_canopy)
  step 210: max_abs 2.951e+20  max_rel 2.000e+00  (mlcanopy_inst__agross_leaf)
  step 211: max_abs 2.951e+20  max_rel 1.586e+02  (mlcanopy_inst__gppvegsha_canopy)
  step 212: max_abs 2.951e+20  max_rel 2.667e+00  (mlcanopy_inst__agross_leaf)
  step 215: max_abs 2.951e+20  max_rel 1.000e+00  (mlcanopy_inst__aj_leaf)
  step 216: max_abs 2.951e+20  max_rel 7.671e+00  (mlcanopy_inst__gppvegsun_canopy)
  step 248: max_abs 2.951e+20  max_rel 2.000e+00  (mlcanopy_inst__aj_leaf)
  step 249: max_abs 2.951e+20  max_rel 2.913e+01  (mlcanopy_inst__gppvegsun_canopy)
  step 250: max_abs 2.951e+20  max_rel 1.083e+00  (mlcanopy_inst__gppvegsha_canopy)
  step 251: max_abs 2.951e+20  max_rel 2.829e+00  (mlcanopy_inst__gppveg_canopy)
  step 252: max_abs 2.951e+20  max_rel 4.381e+00  (mlcanopy_inst__gppvegsha_canopy)
  step 253: max_abs 2.951e+20  max_rel 4.993e+00  (mlcanopy_inst__gppvegsha_canopy)
  step 254: max_abs 2.951e+20  max_rel 3.121e+00  (mlcanopy_inst__gppveg_canopy)
  step 255: max_abs 2.951e+20  max_rel 3.000e+00  (mlcanopy_inst__aj_leaf)
  step 256: max_abs 2.951e+20  max_rel 6.365e+00  (mlcanopy_inst__gppveg_canopy)
  step 257: max_abs 2.951e+20  max_rel 5.330e+00  (mlcanopy_inst__gppvegsha_canopy)
  step 258: max_abs 2.951e+20  max_rel 3.733e+00  (mlcanopy_inst__gppvegsun_canopy)
  step 259: max_abs 2.951e+20  max_rel 1.664e+01  (mlcanopy_inst__gppvegsha_canopy)
  step 260: max_abs 2.951e+20  max_rel 2.000e+00  (mlcanopy_inst__aj_leaf)
  step 261: max_abs 2.951e+20  max_rel 4.053e+00  (mlcanopy_inst__gppvegsun_canopy)
  step 262: max_abs 2.951e+20  max_rel 3.219e+00  (mlcanopy_inst__gppveg_canopy)
  step 263: max_abs 2.951e+20  max_rel 1.750e+00  (mlcanopy_inst__agross_leaf)
  step 264: max_abs 2.951e+20  max_rel 6.075e+00  (mlcanopy_inst__gppvegsha_canopy)
  step 265: max_abs 2.951e+20  max_rel 1.748e+01  (mlcanopy_inst__gppvegsha_canopy)
  step 296: max_abs 2.951e+20  max_rel 2.000e+00  (mlcanopy_inst__aj_leaf)
  step 297: max_abs 2.951e+20  max_rel 3.249e+01  (mlcanopy_inst__gppveg_canopy)
  step 298: max_abs 2.951e+20  max_rel 8.390e+00  (mlcanopy_inst__gppvegsun_canopy)
  step 299: max_abs 2.951e+20  max_rel 2.000e+00  (mlcanopy_inst__agross_leaf)
  step 300: max_abs 2.951e+20  max_rel 1.858e+01  (mlcanopy_inst__gppvegsun_canopy)
  step 301: max_abs 2.951e+20  max_rel 2.000e+00  (mlcanopy_inst__agross_leaf)
  step 302: max_abs 2.951e+20  max_rel 1.000e+00  (mlcanopy_inst__aj_leaf)
  step 303: max_abs 2.951e+20  max_rel 3.422e+00  (mlcanopy_inst__gppvegsha_canopy)
  step 304: max_abs 2.951e+20  max_rel 2.605e+01  (mlcanopy_inst__gppveg_canopy)
  step 305: max_abs 2.951e+20  max_rel 1.500e+00  (mlcanopy_inst__aj_leaf)
  step 306: max_abs 2.951e+20  max_rel 1.401e+01  (mlcanopy_inst__gppvegsha_canopy)
  step 307: max_abs 2.951e+20  max_rel 2.000e+00  (mlcanopy_inst__aj_leaf)
  step 308: max_abs 2.951e+20  max_rel 3.583e+00  (mlcanopy_inst__gppveg_canopy)
  step 309: max_abs 2.951e+20  max_rel 2.180e+02  (mlcanopy_inst__gppveg_canopy)
  step 310: max_abs 2.951e+20  max_rel 2.484e+00  (mlcanopy_inst__gppvegsha_canopy)
  step 311: max_abs 2.951e+20  max_rel 2.052e+00  (mlcanopy_inst__gppveg_canopy)
  step 312: max_abs 2.951e+20  max_rel 1.572e+00  (mlcanopy_inst__gppvegsun_canopy)
  step 313: max_abs 2.951e+20  max_rel 2.000e+00  (mlcanopy_inst__aj_leaf)
  step 344: max_abs 2.951e+20  max_rel 1.000e+00  (mlcanopy_inst__aj_leaf)
  step 345: max_abs 2.951e+20  max_rel 2.379e+00  (mlcanopy_inst__gppvegsun_canopy)
  step 346: max_abs 2.951e+20  max_rel 6.053e+01  (mlcanopy_inst__gppveg_canopy)
  step 347: max_abs 2.951e+20  max_rel 2.000e+00  (mlcanopy_inst__aj_leaf)
  step 348: max_abs 2.951e+20  max_rel 3.923e+00  (mlcanopy_inst__gppvegsha_canopy)
  step 349: max_abs 2.951e+20  max_rel 6.943e+00  (mlcanopy_inst__gppvegsun_canopy)
  step 350: max_abs 2.951e+20  max_rel 3.281e+00  (mlcanopy_inst__gppvegsun_canopy)
  step 351: max_abs 2.951e+20  max_rel 1.500e+00  (mlcanopy_inst__aj_leaf)
  step 352: max_abs 2.951e+20  max_rel 1.500e+00  (mlcanopy_inst__agross_leaf)
  step 353: max_abs 2.951e+20  max_rel 2.251e+00  (mlcanopy_inst__gppveg_canopy)
  step 354: max_abs 2.951e+20  max_rel 2.610e+00  (mlcanopy_inst__gppvegsun_canopy)
  step 355: max_abs 2.951e+20  max_rel 2.043e+00  (mlcanopy_inst__gppvegsha_canopy)
  step 356: max_abs 2.951e+20  max_rel 3.561e+00  (mlcanopy_inst__gppvegsun_canopy)
  step 357: max_abs 2.951e+20  max_rel 3.281e+00  (mlcanopy_inst__gppveg_canopy)
  step 358: max_abs 2.951e+20  max_rel 2.000e+00  (mlcanopy_inst__aj_leaf)
  step 359: max_abs 2.951e+20  max_rel 1.500e+00  (mlcanopy_inst__agross_leaf)
  step 360: max_abs 2.951e+20  max_rel 2.384e+00  (mlcanopy_inst__gppveg_canopy)
  step 392: max_abs 2.951e+20  max_rel 1.000e+00  (mlcanopy_inst__aj_leaf)
  step 393: max_abs 2.951e+20  max_rel 7.200e+00  (mlcanopy_inst__gppveg_canopy)
  step 394: max_abs 2.951e+20  max_rel 1.500e+00  (mlcanopy_inst__aj_leaf)
  step 395: max_abs 2.951e+20  max_rel 1.500e+00  (mlcanopy_inst__agross_leaf)
  step 396: max_abs 2.951e+20  max_rel 2.131e+00  (mlcanopy_inst__gppvegsha_canopy)
  step 397: max_abs 2.951e+20  max_rel 1.617e+00  (mlcanopy_inst__gppvegsun_canopy)
  step 398: max_abs 2.951e+20  max_rel 1.227e+00  (mlcanopy_inst__gppvegsun_canopy)
  step 399: max_abs 2.951e+20  max_rel 2.000e+00  (mlcanopy_inst__agross_leaf)
  step 400: max_abs 2.951e+20  max_rel 2.000e+00  (mlcanopy_inst__agross_leaf)
  step 401: max_abs 2.951e+20  max_rel 2.521e+00  (mlcanopy_inst__gppveg_canopy)
  step 402: max_abs 2.951e+20  max_rel 3.002e+01  (mlcanopy_inst__gppvegsha_canopy)
  step 403: max_abs 2.951e+20  max_rel 5.029e+00  (mlcanopy_inst__gppvegsha_canopy)
  step 404: max_abs 2.951e+20  max_rel 4.771e+01  (mlcanopy_inst__gppvegsun_canopy)
  step 405: max_abs 2.951e+20  max_rel 7.819e+00  (mlcanopy_inst__gppvegsun_canopy)
  step 406: max_abs 2.951e+20  max_rel 1.250e+00  (mlcanopy_inst__agross_leaf)
  step 407: max_abs 2.951e+20  max_rel 2.232e+00  (mlcanopy_inst__gppveg_canopy)
  step 408: max_abs 2.951e+20  max_rel 2.000e+00  (mlcanopy_inst__aj_leaf)
  step 440: max_abs 2.951e+20  max_rel 1.000e+00  (mlcanopy_inst__aj_leaf)
  step 441: max_abs 2.951e+20  max_rel 1.000e+00  (mlcanopy_inst__agross_leaf)
  step 442: max_abs 2.951e+20  max_rel 2.797e+00  (mlcanopy_inst__gppvegsun_canopy)
  step 443: max_abs 2.951e+20  max_rel 6.371e+00  (mlcanopy_inst__gppvegsha_canopy)
  step 444: max_abs 2.951e+20  max_rel 3.289e+00  (mlcanopy_inst__gppvegsun_canopy)
  step 445: max_abs 2.951e+20  max_rel 7.189e+00  (mlcanopy_inst__gppvegsha_canopy)
  step 446: max_abs 2.951e+20  max_rel 3.219e+01  (mlcanopy_inst__gppveg_canopy)
  step 447: max_abs 2.951e+20  max_rel 1.180e+01  (mlcanopy_inst__gppvegsun_canopy)
  step 448: max_abs 2.951e+20  max_rel 6.981e+00  (mlcanopy_inst__gppveg_canopy)
  step 449: max_abs 2.951e+20  max_rel 2.000e+00  (mlcanopy_inst__aj_leaf)
  step 450: max_abs 2.951e+20  max_rel 1.250e+00  (mlcanopy_inst__agross_leaf)
  step 451: max_abs 2.951e+20  max_rel 8.446e+01  (mlcanopy_inst__gppvegsha_canopy)
  step 452: max_abs 2.951e+20  max_rel 2.787e+00  (mlcanopy_inst__gppveg_canopy)
  step 453: max_abs 2.951e+20  max_rel 4.368e+00  (mlcanopy_inst__gppvegsun_canopy)
  step 454: max_abs 2.951e+20  max_rel 2.680e+00  (mlcanopy_inst__gppvegsun_canopy)
  step 455: max_abs 2.951e+20  max_rel 2.500e+00  (mlcanopy_inst__agross_leaf)
  step 456: max_abs 2.951e+20  max_rel 2.805e+00  (mlcanopy_inst__gppvegsun_canopy)
  step 488: max_abs 2.951e+20  max_rel 1.000e+00  (mlcanopy_inst__aj_leaf)
  step 489: max_abs 2.951e+20  max_rel 7.239e+00  (mlcanopy_inst__gppveg_canopy)
  step 490: max_abs 2.951e+20  max_rel 5.760e+00  (mlcanopy_inst__gppvegsha_canopy)
  step 491: max_abs 2.951e+20  max_rel 4.235e+00  (mlcanopy_inst__gppvegsun_canopy)
  step 492: max_abs 2.951e+20  max_rel 1.737e+00  (mlcanopy_inst__gppvegsun_canopy)
  step 493: max_abs 2.951e+20  max_rel 3.000e+00  (mlcanopy_inst__aj_leaf)
  step 494: max_abs 2.951e+20  max_rel 2.980e+00  (mlcanopy_inst__gppveg_canopy)
  step 495: max_abs 2.951e+20  max_rel 2.000e+00  (mlcanopy_inst__aj_leaf)
  step 496: max_abs 2.951e+20  max_rel 1.558e+00  (mlcanopy_inst__gppveg_canopy)
  step 497: max_abs 2.951e+20  max_rel 2.632e+00  (mlcanopy_inst__gppvegsha_canopy)
  step 498: max_abs 2.951e+20  max_rel 1.276e+00  (mlcanopy_inst__gppveg_canopy)
  step 499: max_abs 2.951e+20  max_rel 1.803e+00  (mlcanopy_inst__gppvegsun_canopy)
  step 500: max_abs 2.951e+20  max_rel 2.345e+00  (mlcanopy_inst__gppvegsun_canopy)
  step 501: max_abs 2.951e+20  max_rel 3.020e+00  (mlcanopy_inst__gppvegsha_canopy)
  step 502: max_abs 2.951e+20  max_rel 3.226e+01  (mlcanopy_inst__gppvegsha_canopy)
  step 503: max_abs 2.951e+20  max_rel 4.581e+00  (mlcanopy_inst__gppveg_canopy)
  step 504: max_abs 2.951e+20  max_rel 6.025e+00  (mlcanopy_inst__gppvegsun_canopy)
  step 536: max_abs 2.951e+20  max_rel 2.000e+00  (mlcanopy_inst__aj_leaf)
  step 537: max_abs 2.951e+20  max_rel 2.000e+00  (mlcanopy_inst__aj_leaf)
  step 538: max_abs 2.951e+20  max_rel 2.980e+00  (mlcanopy_inst__gppvegsun_canopy)
  step 539: max_abs 2.951e+20  max_rel 1.948e+00  (mlcanopy_inst__gppvegsun_canopy)
  step 540: max_abs 2.951e+20  max_rel 2.374e+02  (mlcanopy_inst__gppvegsha_canopy)
  step 541: max_abs 2.951e+20  max_rel 1.425e+01  (mlcanopy_inst__gppvegsun_canopy)
  step 542: max_abs 2.951e+20  max_rel 8.092e+00  (mlcanopy_inst__gppvegsha_canopy)
  step 543: max_abs 2.951e+20  max_rel 2.022e+01  (mlcanopy_inst__gppvegsun_canopy)
  step 544: max_abs 2.951e+20  max_rel 1.160e+01  (mlcanopy_inst__gppvegsun_canopy)
  step 545: max_abs 2.951e+20  max_rel 2.000e+00  (mlcanopy_inst__aj_leaf)
  step 546: max_abs 2.951e+20  max_rel 2.000e+00  (mlcanopy_inst__agross_leaf)
  step 547: max_abs 2.951e+20  max_rel 2.500e+00  (mlcanopy_inst__agross_leaf)
  step 548: max_abs 2.951e+20  max_rel 2.138e+00  (mlcanopy_inst__gppvegsun_canopy)
  step 549: max_abs 2.951e+20  max_rel 1.578e+01  (mlcanopy_inst__gppveg_canopy)
  step 550: max_abs 2.951e+20  max_rel 2.000e+00  (mlcanopy_inst__aj_leaf)
  step 551: max_abs 2.951e+20  max_rel 2.333e+00  (mlcanopy_inst__agross_leaf)
  step 552: max_abs 2.951e+20  max_rel 1.638e+02  (mlcanopy_inst__gppveg_canopy)
  step 584: max_abs 2.951e+20  max_rel 3.000e+00  (mlcanopy_inst__aj_leaf)
  step 585: max_abs 2.951e+20  max_rel 1.028e+01  (mlcanopy_inst__gppvegsun_canopy)
  step 586: max_abs 2.951e+20  max_rel 4.471e+01  (mlcanopy_inst__gppvegsun_canopy)
  step 587: max_abs 2.951e+20  max_rel 8.821e+00  (mlcanopy_inst__gppvegsun_canopy)
  step 588: max_abs 2.951e+20  max_rel 2.909e+01  (mlcanopy_inst__gppveg_canopy)
  step 589: max_abs 2.951e+20  max_rel 6.829e+00  (mlcanopy_inst__gppvegsha_canopy)
  step 590: max_abs 2.951e+20  max_rel 3.794e+01  (mlcanopy_inst__gppveg_canopy)
  step 591: max_abs 2.951e+20  max_rel 1.936e+01  (mlcanopy_inst__gppvegsun_canopy)
  step 592: max_abs 2.951e+20  max_rel 1.182e+00  (mlcanopy_inst__gppveg_canopy)
  step 593: max_abs 2.951e+20  max_rel 8.871e+01  (mlcanopy_inst__gppvegsun_canopy)
  step 594: max_abs 2.951e+20  max_rel 5.713e+00  (mlcanopy_inst__gppvegsun_canopy)
  step 595: max_abs 2.951e+20  max_rel 4.377e+00  (mlcanopy_inst__gppvegsha_canopy)
  step 596: max_abs 2.951e+20  max_rel 9.712e+00  (mlcanopy_inst__gppveg_canopy)
  step 597: max_abs 2.951e+20  max_rel 1.500e+00  (mlcanopy_inst__aj_leaf)
  step 598: max_abs 2.951e+20  max_rel 1.500e+00  (mlcanopy_inst__aj_leaf)
  step 599: max_abs 2.951e+20  max_rel 5.333e+00  (mlcanopy_inst__gppvegsha_canopy)
  step 600: max_abs 2.951e+20  max_rel 2.931e+00  (mlcanopy_inst__gppvegsun_canopy)
  step 632: max_abs 2.951e+20  max_rel 1.500e+00  (mlcanopy_inst__aj_leaf)
  step 633: max_abs 2.951e+20  max_rel 1.167e+00  (mlcanopy_inst__agross_leaf)
  step 634: max_abs 2.951e+20  max_rel 2.000e+00  (mlcanopy_inst__agross_leaf)
  step 635: max_abs 2.951e+20  max_rel 1.589e+00  (mlcanopy_inst__gppvegsha_canopy)
  step 636: max_abs 2.951e+20  max_rel 1.750e+00  (mlcanopy_inst__agross_leaf)
  step 637: max_abs 2.951e+20  max_rel 2.000e+00  (mlcanopy_inst__aj_leaf)
  step 638: max_abs 2.951e+20  max_rel 5.909e+00  (mlcanopy_inst__gppvegsun_canopy)
  step 639: max_abs 2.951e+20  max_rel 1.750e+00  (mlcanopy_inst__agross_leaf)
  step 640: max_abs 2.951e+20  max_rel 1.805e+00  (mlcanopy_inst__gppvegsun_canopy)
  step 641: max_abs 2.951e+20  max_rel 1.760e+00  (mlcanopy_inst__gppvegsha_canopy)
  step 642: max_abs 2.951e+20  max_rel 4.845e+00  (mlcanopy_inst__gppvegsun_canopy)
  step 643: max_abs 2.951e+20  max_rel 3.626e+01  (mlcanopy_inst__gppvegsun_canopy)
  step 644: max_abs 2.951e+20  max_rel 4.033e+00  (mlcanopy_inst__gppvegsha_canopy)
  step 645: max_abs 2.951e+20  max_rel 5.625e+00  (mlcanopy_inst__gppvegsun_canopy)
  step 646: max_abs 2.951e+20  max_rel 2.899e+00  (mlcanopy_inst__gppvegsun_canopy)
  step 647: max_abs 2.951e+20  max_rel 4.027e+00  (mlcanopy_inst__gppvegsun_canopy)
  step 648: max_abs 2.951e+20  max_rel 4.166e+00  (mlcanopy_inst__gppvegsun_canopy)
  step 680: max_abs 2.951e+20  max_rel 1.500e+00  (mlcanopy_inst__aj_leaf)
  step 681: max_abs 2.951e+20  max_rel 2.630e+00  (mlcanopy_inst__gppvegsha_canopy)
  step 682: max_abs 2.951e+20  max_rel 2.470e+00  (mlcanopy_inst__gppvegsun_canopy)
  step 683: max_abs 2.951e+20  max_rel 1.500e+00  (mlcanopy_inst__agross_leaf)
  step 684: max_abs 2.951e+20  max_rel 1.750e+00  (mlcanopy_inst__agross_leaf)
  step 685: max_abs 2.951e+20  max_rel 3.379e+04  (mlcanopy_inst__gppvegsun_canopy)
  step 686: max_abs 2.951e+20  max_rel 8.742e+00  (mlcanopy_inst__gppvegsun_canopy)
  step 687: max_abs 2.951e+20  max_rel 2.000e+00  (mlcanopy_inst__aj_leaf)
  step 688: max_abs 2.951e+20  max_rel 8.945e+00  (mlcanopy_inst__gppvegsha_canopy)
  step 689: max_abs 2.951e+20  max_rel 2.333e+00  (mlcanopy_inst__agross_leaf)
  step 690: max_abs 2.951e+20  max_rel 2.000e+00  (mlcanopy_inst__agross_leaf)
  step 691: max_abs 2.951e+20  max_rel 2.000e+00  (mlcanopy_inst__agross_leaf)
  step 692: max_abs 2.951e+20  max_rel 3.113e+00  (mlcanopy_inst__gppvegsun_canopy)
  step 693: max_abs 2.951e+20  max_rel 1.192e+01  (mlcanopy_inst__gppvegsun_canopy)
  step 694: max_abs 2.951e+20  max_rel 3.000e+00  (mlcanopy_inst__aj_leaf)
  step 695: max_abs 2.951e+20  max_rel 5.307e+00  (mlcanopy_inst__gppvegsha_canopy)
  step 696: max_abs 2.951e+20  max_rel 3.906e+00  (mlcanopy_inst__gppvegsha_canopy)
  step 728: max_abs 2.951e+20  max_rel 2.000e+00  (mlcanopy_inst__aj_leaf)
  step 729: max_abs 2.951e+20  max_rel 5.894e+00  (mlcanopy_inst__gppveg_canopy)
  step 730: max_abs 2.951e+20  max_rel 1.283e+00  (mlcanopy_inst__gppvegsun_canopy)
  step 731: max_abs 2.951e+20  max_rel 4.162e+00  (mlcanopy_inst__gppvegsun_canopy)
  step 732: max_abs 2.951e+20  max_rel 1.968e+00  (mlcanopy_inst__gppvegsun_canopy)
  step 733: max_abs 2.951e+20  max_rel 3.635e+00  (mlcanopy_inst__gppvegsun_canopy)
  step 734: max_abs 2.951e+20  max_rel 4.655e+00  (mlcanopy_inst__gppveg_canopy)
  step 735: max_abs 2.951e+20  max_rel 1.968e+01  (mlcanopy_inst__gppvegsun_canopy)
  step 736: max_abs 2.951e+20  max_rel 2.000e+00  (mlcanopy_inst__aj_leaf)
  step 737: max_abs 2.951e+20  max_rel 2.000e+00  (mlcanopy_inst__agross_leaf)
  step 738: max_abs 2.951e+20  max_rel 1.729e+00  (mlcanopy_inst__gppvegsun_canopy)
  step 739: max_abs 2.951e+20  max_rel 5.137e+00  (mlcanopy_inst__gppvegsha_canopy)
  step 740: max_abs 2.951e+20  max_rel 1.937e+00  (mlcanopy_inst__gppvegsha_canopy)
  step 741: max_abs 2.951e+20  max_rel 5.163e+00  (mlcanopy_inst__gppvegsha_canopy)
  step 742: max_abs 2.951e+20  max_rel 1.500e+00  (mlcanopy_inst__aj_leaf)
  step 743: max_abs 2.951e+20  max_rel 1.500e+00  (mlcanopy_inst__aj_leaf)
  step 744: max_abs 2.951e+20  max_rel 2.959e+00  (mlcanopy_inst__gppvegsha_canopy)
  step 776: max_abs 2.951e+20  max_rel 2.000e+00  (mlcanopy_inst__aj_leaf)
  step 777: max_abs 2.951e+20  max_rel 8.075e+01  (mlcanopy_inst__gppveg_canopy)
  step 778: max_abs 2.951e+20  max_rel 3.229e+02  (mlcanopy_inst__gppvegsun_canopy)
  step 779: max_abs 2.951e+20  max_rel 2.889e+00  (mlcanopy_inst__gppvegsun_canopy)
  step 780: max_abs 2.951e+20  max_rel 1.000e+00  (mlcanopy_inst__agross_leaf)
  step 781: max_abs 2.951e+20  max_rel 2.711e+00  (mlcanopy_inst__gppvegsha_canopy)
  step 782: max_abs 2.951e+20  max_rel 5.309e+00  (mlcanopy_inst__gppvegsun_canopy)
  step 783: max_abs 2.951e+20  max_rel 1.814e+02  (mlcanopy_inst__gppveg_canopy)
  step 784: max_abs 2.951e+20  max_rel 2.000e+00  (mlcanopy_inst__aj_leaf)
  step 785: max_abs 2.951e+20  max_rel 7.462e+00  (mlcanopy_inst__gppveg_canopy)
  step 786: max_abs 2.951e+20  max_rel 4.220e+00  (mlcanopy_inst__gppvegsha_canopy)
  step 787: max_abs 2.951e+20  max_rel 2.000e+00  (mlcanopy_inst__aj_leaf)
  step 788: max_abs 2.951e+20  max_rel 3.229e+00  (mlcanopy_inst__gppvegsun_canopy)
  step 789: max_abs 2.951e+20  max_rel 2.270e+00  (mlcanopy_inst__gppvegsun_canopy)
  step 790: max_abs 2.951e+20  max_rel 1.500e+00  (mlcanopy_inst__agross_leaf)
  step 791: max_abs 2.951e+20  max_rel 2.028e+00  (mlcanopy_inst__gppvegsun_canopy)
  step 792: max_abs 2.951e+20  max_rel 9.440e+00  (mlcanopy_inst__gppvegsha_canopy)
  step 824: max_abs 2.951e+20  max_rel 1.000e+00  (mlcanopy_inst__aj_leaf)
  step 825: max_abs 2.951e+20  max_rel 1.182e+02  (mlcanopy_inst__gppvegsun_canopy)
  step 826: max_abs 2.951e+20  max_rel 7.730e+00  (mlcanopy_inst__gppvegsun_canopy)
  step 827: max_abs 2.951e+20  max_rel 6.938e+00  (mlcanopy_inst__gppvegsun_canopy)
  step 828: max_abs 2.951e+20  max_rel 6.031e+00  (mlcanopy_inst__gppveg_canopy)
  step 829: max_abs 2.951e+20  max_rel 2.779e+00  (mlcanopy_inst__gppvegsha_canopy)
  step 830: max_abs 2.951e+20  max_rel 2.000e+00  (mlcanopy_inst__aj_leaf)
  step 831: max_abs 2.951e+20  max_rel 2.386e+00  (mlcanopy_inst__gppveg_canopy)
  step 832: max_abs 2.951e+20  max_rel 1.871e+03  (mlcanopy_inst__gppveg_canopy)
  step 833: max_abs 2.951e+20  max_rel 2.000e+00  (mlcanopy_inst__aj_leaf)
  step 834: max_abs 2.951e+20  max_rel 3.837e+00  (mlcanopy_inst__gppveg_canopy)
  step 835: max_abs 2.951e+20  max_rel 6.317e+00  (mlcanopy_inst__gppvegsha_canopy)
  step 836: max_abs 2.951e+20  max_rel 1.467e+00  (mlcanopy_inst__gppvegsun_canopy)
  step 837: max_abs 2.951e+20  max_rel 1.063e+01  (mlcanopy_inst__gppvegsha_canopy)
  step 838: max_abs 2.951e+20  max_rel 2.000e+00  (mlcanopy_inst__aj_leaf)
  step 839: max_abs 2.951e+20  max_rel 4.282e+00  (mlcanopy_inst__gppvegsun_canopy)
  step 840: max_abs 2.951e+20  max_rel 1.250e+00  (mlcanopy_inst__agross_leaf)
  step 872: max_abs 2.951e+20  max_rel 1.000e+00  (mlcanopy_inst__aj_leaf)
  step 873: max_abs 2.951e+20  max_rel 4.575e+00  (mlcanopy_inst__gppvegsha_canopy)
  step 874: max_abs 2.951e+20  max_rel 2.333e+00  (mlcanopy_inst__agross_leaf)
  step 875: max_abs 2.951e+20  max_rel 3.294e+00  (mlcanopy_inst__gppvegsun_canopy)
  step 876: max_abs 2.951e+20  max_rel 2.106e+00  (mlcanopy_inst__gppveg_canopy)
  step 877: max_abs 2.951e+20  max_rel 1.589e+00  (mlcanopy_inst__gppvegsun_canopy)
  step 878: max_abs 2.951e+20  max_rel 3.823e+00  (mlcanopy_inst__gppveg_canopy)
  step 879: max_abs 2.951e+20  max_rel 8.457e+00  (mlcanopy_inst__gppvegsha_canopy)
  step 880: max_abs 2.951e+20  max_rel 4.462e+00  (mlcanopy_inst__gppvegsun_canopy)
  step 881: max_abs 2.951e+20  max_rel 2.333e+00  (mlcanopy_inst__agross_leaf)
  step 882: max_abs 2.951e+20  max_rel 3.443e+00  (mlcanopy_inst__gppvegsha_canopy)
  step 883: max_abs 2.951e+20  max_rel 2.079e+00  (mlcanopy_inst__gppvegsun_canopy)
  step 884: max_abs 2.951e+20  max_rel 1.051e+01  (mlcanopy_inst__gppvegsha_canopy)
  step 885: max_abs 2.951e+20  max_rel 1.749e+01  (mlcanopy_inst__gppveg_canopy)
  step 886: max_abs 2.951e+20  max_rel 1.382e+02  (mlcanopy_inst__gppvegsun_canopy)
  step 887: max_abs 2.951e+20  max_rel 1.497e+00  (mlcanopy_inst__gppvegsha_canopy)
  step 888: max_abs 2.951e+20  max_rel 5.360e+00  (mlcanopy_inst__gppvegsun_canopy)
  step 920: max_abs 2.951e+20  max_rel 2.000e+00  (mlcanopy_inst__aj_leaf)
  step 921: max_abs 2.951e+20  max_rel 7.105e+00  (mlcanopy_inst__gppvegsha_canopy)
  step 922: max_abs 2.951e+20  max_rel 2.501e+00  (mlcanopy_inst__gppvegsha_canopy)
  step 923: max_abs 2.951e+20  max_rel 1.250e+00  (mlcanopy_inst__agross_leaf)
  step 924: max_abs 2.951e+20  max_rel 2.607e+02  (mlcanopy_inst__gppvegsun_canopy)
  step 925: max_abs 2.951e+20  max_rel 1.600e+00  (mlcanopy_inst__agross_leaf)
  step 926: max_abs 2.951e+20  max_rel 3.666e+01  (mlcanopy_inst__gppveg_canopy)
  step 927: max_abs 2.951e+20  max_rel 2.498e+02  (mlcanopy_inst__gppveg_canopy)
  step 928: max_abs 2.951e+20  max_rel 4.449e+00  (mlcanopy_inst__gppvegsha_canopy)
  step 929: max_abs 2.951e+20  max_rel 2.000e+00  (mlcanopy_inst__aj_leaf)
  step 930: max_abs 2.951e+20  max_rel 1.669e+00  (mlcanopy_inst__gppvegsha_canopy)
  step 931: max_abs 2.951e+20  max_rel 2.000e+00  (mlcanopy_inst__agross_leaf)
  step 932: max_abs 2.951e+20  max_rel 1.250e+00  (mlcanopy_inst__agross_leaf)
  step 933: max_abs 2.951e+20  max_rel 7.991e+00  (mlcanopy_inst__gppvegsun_canopy)
  step 934: max_abs 2.951e+20  max_rel 4.955e+01  (mlcanopy_inst__gppvegsun_canopy)
  step 935: max_abs 2.951e+20  max_rel 3.000e+00  (mlcanopy_inst__aj_leaf)
  step 936: max_abs 2.951e+20  max_rel 4.297e+01  (mlcanopy_inst__gppvegsha_canopy)
  step 968: max_abs 2.951e+20  max_rel 2.000e+00  (mlcanopy_inst__aj_leaf)
  step 969: max_abs 2.951e+20  max_rel 1.333e+00  (mlcanopy_inst__agross_leaf)
  step 970: max_abs 2.951e+20  max_rel 2.153e+00  (mlcanopy_inst__gppvegsun_canopy)
  step 971: max_abs 2.951e+20  max_rel 2.934e+00  (mlcanopy_inst__gppvegsun_canopy)
  step 972: max_abs 2.951e+20  max_rel 5.754e+00  (mlcanopy_inst__gppvegsha_canopy)
  step 973: max_abs 2.951e+20  max_rel 2.000e+00  (mlcanopy_inst__aj_leaf)
  step 974: max_abs 2.951e+20  max_rel 5.872e+01  (mlcanopy_inst__gppvegsun_canopy)
  step 975: max_abs 2.951e+20  max_rel 1.297e+01  (mlcanopy_inst__gppvegsun_canopy)
  step 976: max_abs 2.951e+20  max_rel 2.000e+00  (mlcanopy_inst__aj_leaf)
  step 977: max_abs 2.951e+20  max_rel 2.000e+00  (mlcanopy_inst__agross_leaf)
  step 978: max_abs 2.951e+20  max_rel 2.000e+00  (mlcanopy_inst__agross_leaf)
  step 979: max_abs 2.951e+20  max_rel 2.013e+00  (mlcanopy_inst__gppvegsun_canopy)
  step 980: max_abs 2.951e+20  max_rel 2.037e+01  (mlcanopy_inst__gppvegsha_canopy)
  step 981: max_abs 2.951e+20  max_rel 2.821e+00  (mlcanopy_inst__gppvegsha_canopy)
  step 982: max_abs 2.951e+20  max_rel 2.947e+00  (mlcanopy_inst__gppvegsun_canopy)
  step 983: max_abs 2.951e+20  max_rel 5.504e+00  (mlcanopy_inst__gppvegsun_canopy)
  step 984: max_abs 2.951e+20  max_rel 5.729e+00  (mlcanopy_inst__gppveg_canopy)
  step 1003: max_abs 2.951e+20  max_rel 2.754e-03  (mlcanopy_inst__dlwp_leaf)
  step 1004: max_abs 2.951e+20  max_rel 4.532e-03  (mlcanopy_inst__stsrc_profile)
  step 1005: max_abs 2.951e+20  max_rel 1.438e-02  (mlcanopy_inst__stleaf_mean_profile)
  step 1006: max_abs 2.951e+20  max_rel 2.622e+00  (mlcanopy_inst__stleaf_mean_profile)
  step 1007: max_abs 2.951e+20  max_rel 1.112e+00  (mlcanopy_inst__stsrc_profile)
  step 1008: max_abs 2.951e+20  max_rel 1.217e+00  (mlcanopy_inst__obu_canopy)
  step 1009: max_abs 2.951e+20  max_rel 4.133e-01  (mlcanopy_inst__stleaf_leaf)
  step 1010: max_abs 2.951e+20  max_rel 7.792e-01  (mlcanopy_inst__stleaf_mean_profile)
  step 1011: max_abs 2.951e+20  max_rel 2.494e-01  (mlcanopy_inst__stleaf_mean_profile)
  step 1012: max_abs 2.951e+20  max_rel 3.447e-03  (mlcanopy_inst__stsrc_profile)
  step 1016: max_abs 2.951e+20  max_rel 1.000e+00  (mlcanopy_inst__aj_leaf)
  step 1017: max_abs 2.951e+20  max_rel 2.936e+01  (mlcanopy_inst__gppveg_canopy)
  step 1018: max_abs 2.951e+20  max_rel 2.309e+00  (mlcanopy_inst__gppvegsun_canopy)
  step 1019: max_abs 2.951e+20  max_rel 1.333e+00  (mlcanopy_inst__agross_leaf)
  step 1020: max_abs 2.951e+20  max_rel 2.760e+00  (mlcanopy_inst__gppvegsun_canopy)
  step 1021: max_abs 2.951e+20  max_rel 3.359e+00  (mlcanopy_inst__gppvegsun_canopy)
  step 1022: max_abs 2.951e+20  max_rel 2.411e+01  (mlcanopy_inst__gppvegsha_canopy)
  step 1023: max_abs 2.951e+20  max_rel 2.000e+00  (mlcanopy_inst__aj_leaf)
  step 1024: max_abs 2.951e+20  max_rel 2.181e+00  (mlcanopy_inst__gppvegsun_canopy)
  step 1025: max_abs 2.951e+20  max_rel 3.859e+00  (mlcanopy_inst__gppveg_canopy)
  step 1026: max_abs 2.951e+20  max_rel 7.611e+00  (mlcanopy_inst__gppveg_canopy)
  step 1027: max_abs 2.951e+20  max_rel 1.333e+00  (mlcanopy_inst__agross_leaf)
  step 1028: max_abs 2.951e+20  max_rel 1.629e+00  (mlcanopy_inst__gppvegsha_canopy)
  step 1029: max_abs 2.951e+20  max_rel 1.333e+00  (mlcanopy_inst__agross_leaf)
  step 1030: max_abs 2.951e+20  max_rel 8.536e+00  (mlcanopy_inst__gppvegsun_canopy)
  step 1031: max_abs 2.951e+20  max_rel 1.500e+00  (mlcanopy_inst__agross_leaf)
  step 1032: max_abs 2.951e+20  max_rel 3.809e+00  (mlcanopy_inst__gppveg_canopy)
  step 1054: max_abs 2.951e+20  max_rel 8.456e-02  (mlcanopy_inst__stsrc_profile)
  step 1055: max_abs 2.951e+20  max_rel 3.733e-01  (mlcanopy_inst__dlwp_leaf)
  step 1056: max_abs 2.951e+20  max_rel 1.212e+00  (mlcanopy_inst__dlwp_leaf)
  step 1057: max_abs 2.951e+20  max_rel 5.381e-01  (mlcanopy_inst__stleaf_mean_profile)
  step 1058: max_abs 2.951e+20  max_rel 1.004e-02  (mlcanopy_inst__stleaf_mean_profile)
  step 1064: max_abs 2.951e+20  max_rel 1.000e+00  (mlcanopy_inst__aj_leaf)
  step 1065: max_abs 2.951e+20  max_rel 3.389e+00  (mlcanopy_inst__gppveg_canopy)
  step 1066: max_abs 2.951e+20  max_rel 2.000e+00  (mlcanopy_inst__aj_leaf)
  step 1067: max_abs 2.951e+20  max_rel 7.310e+00  (mlcanopy_inst__gppvegsun_canopy)
  step 1068: max_abs 2.951e+20  max_rel 1.904e+01  (mlcanopy_inst__gppvegsha_canopy)
  step 1069: max_abs 2.951e+20  max_rel 7.218e+00  (mlcanopy_inst__gppveg_canopy)
  step 1070: max_abs 2.951e+20  max_rel 8.492e+00  (mlcanopy_inst__gppveg_canopy)
  step 1071: max_abs 2.951e+20  max_rel 1.117e+00  (mlcanopy_inst__gppvegsun_canopy)
  step 1072: max_abs 2.951e+20  max_rel 2.000e+00  (mlcanopy_inst__aj_leaf)
  step 1073: max_abs 2.951e+20  max_rel 2.000e+00  (mlcanopy_inst__aj_leaf)
  step 1074: max_abs 2.951e+20  max_rel 5.454e+00  (mlcanopy_inst__gppvegsun_canopy)
  step 1075: max_abs 2.951e+20  max_rel 3.215e+00  (mlcanopy_inst__gppveg_canopy)
  step 1076: max_abs 2.951e+20  max_rel 1.662e+00  (mlcanopy_inst__gppvegsun_canopy)
  step 1077: max_abs 2.951e+20  max_rel 2.754e+00  (mlcanopy_inst__gppvegsun_canopy)
  step 1078: max_abs 2.951e+20  max_rel 1.250e+00  (mlcanopy_inst__agross_leaf)
  step 1079: max_abs 2.951e+20  max_rel 1.124e+01  (mlcanopy_inst__gppvegsun_canopy)
  step 1080: max_abs 2.951e+20  max_rel 3.344e+01  (mlcanopy_inst__gppvegsun_canopy)
  step 1112: max_abs 2.951e+20  max_rel 2.000e+00  (mlcanopy_inst__aj_leaf)
  step 1113: max_abs 2.951e+20  max_rel 1.465e+00  (mlcanopy_inst__gppvegsun_canopy)
  step 1114: max_abs 2.951e+20  max_rel 1.646e+02  (mlcanopy_inst__gppvegsun_canopy)
  step 1115: max_abs 2.951e+20  max_rel 1.364e+00  (mlcanopy_inst__gppvegsha_canopy)
  step 1116: max_abs 2.951e+20  max_rel 5.922e+01  (mlcanopy_inst__gppveg_canopy)
  step 1117: max_abs 2.951e+20  max_rel 5.246e+01  (mlcanopy_inst__gppvegsha_canopy)
  step 1118: max_abs 2.951e+20  max_rel 1.172e+01  (mlcanopy_inst__gppvegsha_canopy)
  step 1119: max_abs 2.951e+20  max_rel 2.000e+00  (mlcanopy_inst__aj_leaf)
  step 1120: max_abs 2.951e+20  max_rel 2.500e+00  (mlcanopy_inst__agross_leaf)
  step 1121: max_abs 2.951e+20  max_rel 2.140e+00  (mlcanopy_inst__gppvegsha_canopy)
  step 1122: max_abs 2.951e+20  max_rel 3.607e+00  (mlcanopy_inst__gppvegsun_canopy)
  step 1123: max_abs 2.951e+20  max_rel 1.879e+00  (mlcanopy_inst__gppvegsun_canopy)
  step 1124: max_abs 2.951e+20  max_rel 3.670e+00  (mlcanopy_inst__gppveg_canopy)
  step 1125: max_abs 2.951e+20  max_rel 2.333e+00  (mlcanopy_inst__agross_leaf)
  step 1126: max_abs 2.951e+20  max_rel 2.037e+00  (mlcanopy_inst__gppvegsha_canopy)
  step 1127: max_abs 2.951e+20  max_rel 2.661e+00  (mlcanopy_inst__gppvegsha_canopy)
  step 1128: max_abs 2.951e+20  max_rel 3.967e+01  (mlcanopy_inst__gppvegsun_canopy)
  step 1160: max_abs 2.951e+20  max_rel 2.000e+00  (mlcanopy_inst__aj_leaf)
  step 1161: max_abs 2.951e+20  max_rel 1.205e+01  (mlcanopy_inst__gppvegsha_canopy)
  step 1162: max_abs 2.951e+20  max_rel 6.452e+00  (mlcanopy_inst__gppveg_canopy)
  step 1163: max_abs 2.951e+20  max_rel 2.000e+00  (mlcanopy_inst__aj_leaf)
  step 1164: max_abs 2.951e+20  max_rel 1.108e+01  (mlcanopy_inst__gppveg_canopy)
  step 1165: max_abs 2.951e+20  max_rel 1.667e+00  (mlcanopy_inst__agross_leaf)
  step 1166: max_abs 2.951e+20  max_rel 5.848e+01  (mlcanopy_inst__gppvegsha_canopy)
  step 1167: max_abs 2.951e+20  max_rel 2.000e+00  (mlcanopy_inst__aj_leaf)
  step 1168: max_abs 2.951e+20  max_rel 2.000e+00  (mlcanopy_inst__aj_leaf)
  step 1169: max_abs 2.951e+20  max_rel 1.604e+01  (mlcanopy_inst__gppvegsun_canopy)
  step 1170: max_abs 2.951e+20  max_rel 2.784e+00  (mlcanopy_inst__gppvegsha_canopy)
  step 1171: max_abs 2.951e+20  max_rel 3.000e+00  (mlcanopy_inst__agross_leaf)
  step 1172: max_abs 2.951e+20  max_rel 3.640e+00  (mlcanopy_inst__gppvegsha_canopy)
  step 1173: max_abs 2.951e+20  max_rel 1.997e+00  (mlcanopy_inst__gppvegsun_canopy)
  step 1174: max_abs 2.951e+20  max_rel 2.713e+00  (mlcanopy_inst__gppvegsun_canopy)
  step 1175: max_abs 2.951e+20  max_rel 2.000e+00  (mlcanopy_inst__aj_leaf)
  step 1176: max_abs 2.951e+20  max_rel 3.039e+00  (mlcanopy_inst__gppvegsha_canopy)
  step 1208: max_abs 2.951e+20  max_rel 1.000e+00  (mlcanopy_inst__aj_leaf)
  step 1209: max_abs 2.951e+20  max_rel 2.444e+00  (mlcanopy_inst__gppvegsun_canopy)
  step 1210: max_abs 2.951e+20  max_rel 8.369e+00  (mlcanopy_inst__gppvegsun_canopy)
  step 1211: max_abs 2.951e+20  max_rel 1.330e+02  (mlcanopy_inst__gppvegsun_canopy)
  step 1212: max_abs 2.951e+20  max_rel 4.528e+00  (mlcanopy_inst__gppvegsha_canopy)
  step 1213: max_abs 2.951e+20  max_rel 2.481e+00  (mlcanopy_inst__gppvegsha_canopy)
  step 1214: max_abs 2.951e+20  max_rel 2.000e+00  (mlcanopy_inst__aj_leaf)
  step 1215: max_abs 2.951e+20  max_rel 2.000e+00  (mlcanopy_inst__aj_leaf)
  step 1216: max_abs 2.951e+20  max_rel 2.000e+00  (mlcanopy_inst__aj_leaf)
  step 1217: max_abs 2.951e+20  max_rel 3.605e+00  (mlcanopy_inst__gppvegsha_canopy)
  step 1218: max_abs 2.951e+20  max_rel 5.738e+00  (mlcanopy_inst__gppveg_canopy)
  step 1219: max_abs 2.951e+20  max_rel 2.049e+00  (mlcanopy_inst__gppvegsun_canopy)
  step 1220: max_abs 2.951e+20  max_rel 3.579e+00  (mlcanopy_inst__gppveg_canopy)
  step 1221: max_abs 2.951e+20  max_rel 2.479e+00  (mlcanopy_inst__gppvegsun_canopy)
  step 1222: max_abs 2.951e+20  max_rel 4.858e+01  (mlcanopy_inst__gppvegsun_canopy)
  step 1223: max_abs 2.951e+20  max_rel 2.000e+00  (mlcanopy_inst__aj_leaf)
  step 1224: max_abs 2.951e+20  max_rel 3.199e+00  (mlcanopy_inst__gppvegsha_canopy)
  step 1256: max_abs 2.951e+20  max_rel 1.000e+00  (mlcanopy_inst__aj_leaf)
  step 1257: max_abs 2.951e+20  max_rel 2.000e+00  (mlcanopy_inst__aj_leaf)
  step 1258: max_abs 2.951e+20  max_rel 1.597e+00  (mlcanopy_inst__gppvegsun_canopy)
  step 1259: max_abs 2.951e+20  max_rel 2.174e+00  (mlcanopy_inst__gppvegsun_canopy)
  step 1260: max_abs 2.951e+20  max_rel 2.000e+00  (mlcanopy_inst__aj_leaf)
  step 1261: max_abs 2.951e+20  max_rel 2.000e+00  (mlcanopy_inst__aj_leaf)
  step 1262: max_abs 2.951e+20  max_rel 2.795e+00  (mlcanopy_inst__gppvegsun_canopy)
  step 1263: max_abs 2.951e+20  max_rel 2.194e+00  (mlcanopy_inst__gppveg_canopy)
  step 1264: max_abs 2.951e+20  max_rel 5.315e+00  (mlcanopy_inst__gppvegsun_canopy)
  step 1265: max_abs 2.951e+20  max_rel 1.495e+01  (mlcanopy_inst__gppveg_canopy)
  step 1266: max_abs 2.951e+20  max_rel 2.156e+00  (mlcanopy_inst__gppvegsun_canopy)
  step 1267: max_abs 2.951e+20  max_rel 3.000e+00  (mlcanopy_inst__aj_leaf)
  step 1268: max_abs 2.951e+20  max_rel 4.380e+00  (mlcanopy_inst__gppvegsun_canopy)
  step 1269: max_abs 2.951e+20  max_rel 2.333e+00  (mlcanopy_inst__agross_leaf)
  step 1270: max_abs 2.951e+20  max_rel 2.388e+00  (mlcanopy_inst__gppveg_canopy)
  step 1271: max_abs 2.951e+20  max_rel 6.722e+00  (mlcanopy_inst__gppvegsun_canopy)
  step 1272: max_abs 2.951e+20  max_rel 1.541e+00  (mlcanopy_inst__gppveg_canopy)
  step 1304: max_abs 2.951e+20  max_rel 2.000e+00  (mlcanopy_inst__aj_leaf)
  step 1305: max_abs 2.951e+20  max_rel 2.803e+00  (mlcanopy_inst__gppvegsha_canopy)
  step 1306: max_abs 2.951e+20  max_rel 1.467e+00  (mlcanopy_inst__gppvegsha_canopy)
  step 1307: max_abs 2.951e+20  max_rel 2.000e+00  (mlcanopy_inst__aj_leaf)
  step 1308: max_abs 2.951e+20  max_rel 1.554e+01  (mlcanopy_inst__gppvegsun_canopy)
  step 1309: max_abs 2.951e+20  max_rel 5.145e+00  (mlcanopy_inst__gppvegsha_canopy)
  step 1310: max_abs 2.951e+20  max_rel 2.000e+00  (mlcanopy_inst__aj_leaf)
  step 1311: max_abs 2.951e+20  max_rel 8.305e+00  (mlcanopy_inst__gppvegsha_canopy)
  step 1312: max_abs 2.951e+20  max_rel 2.000e+00  (mlcanopy_inst__aj_leaf)
  step 1313: max_abs 2.951e+20  max_rel 5.176e+01  (mlcanopy_inst__gppvegsha_canopy)
  step 1314: max_abs 2.951e+20  max_rel 5.386e+00  (mlcanopy_inst__gppvegsun_canopy)
  step 1315: max_abs 2.951e+20  max_rel 5.960e+00  (mlcanopy_inst__gppvegsun_canopy)
  step 1316: max_abs 2.951e+20  max_rel 1.610e+01  (mlcanopy_inst__gppveg_canopy)
  step 1317: max_abs 2.951e+20  max_rel 4.548e+01  (mlcanopy_inst__gppvegsha_canopy)
  step 1318: max_abs 2.951e+20  max_rel 4.830e+00  (mlcanopy_inst__gppvegsun_canopy)
  step 1319: max_abs 2.951e+20  max_rel 2.000e+00  (mlcanopy_inst__aj_leaf)
  step 1320: max_abs 2.951e+20  max_rel 1.091e+01  (mlcanopy_inst__gppveg_canopy)
  step 1339: max_abs 2.951e+20  max_rel 1.221e-03  (mlcanopy_inst__dlwp_leaf)
  step 1340: max_abs 2.951e+20  max_rel 1.544e-03  (mlcanopy_inst__stsrc_profile)
  step 1352: max_abs 2.951e+20  max_rel 2.000e+00  (mlcanopy_inst__aj_leaf)
  step 1353: max_abs 2.951e+20  max_rel 1.232e+00  (mlcanopy_inst__gppvegsun_canopy)
  step 1354: max_abs 2.951e+20  max_rel 3.859e+00  (mlcanopy_inst__gppvegsha_canopy)
  step 1355: max_abs 2.951e+20  max_rel 1.250e+00  (mlcanopy_inst__agross_leaf)
  step 1356: max_abs 2.951e+20  max_rel 3.056e+00  (mlcanopy_inst__gppvegsha_canopy)
  step 1357: max_abs 2.951e+20  max_rel 2.986e+01  (mlcanopy_inst__gppvegsun_canopy)
  step 1358: max_abs 2.951e+20  max_rel 2.000e+00  (mlcanopy_inst__aj_leaf)
  step 1359: max_abs 2.951e+20  max_rel 3.022e+00  (mlcanopy_inst__gppveg_canopy)
  step 1360: max_abs 2.951e+20  max_rel 2.000e+00  (mlcanopy_inst__aj_leaf)
  step 1361: max_abs 2.951e+20  max_rel 1.753e+00  (mlcanopy_inst__gppvegsun_canopy)
  step 1362: max_abs 2.951e+20  max_rel 2.880e+00  (mlcanopy_inst__gppveg_canopy)
  step 1363: max_abs 2.951e+20  max_rel 2.000e+00  (mlcanopy_inst__aj_leaf)
  step 1364: max_abs 2.951e+20  max_rel 3.586e+01  (mlcanopy_inst__gppveg_canopy)
  step 1365: max_abs 2.951e+20  max_rel 2.000e+00  (mlcanopy_inst__aj_leaf)
  step 1366: max_abs 2.951e+20  max_rel 2.060e+00  (mlcanopy_inst__gppvegsun_canopy)
  step 1367: max_abs 2.951e+20  max_rel 1.500e+00  (mlcanopy_inst__aj_leaf)
  step 1368: max_abs 2.951e+20  max_rel 3.513e+00  (mlcanopy_inst__gppvegsha_canopy)
  step 1400: max_abs 2.951e+20  max_rel 1.000e+00  (mlcanopy_inst__aj_leaf)
  step 1401: max_abs 2.951e+20  max_rel 6.358e+00  (mlcanopy_inst__gppvegsha_canopy)
  step 1402: max_abs 2.951e+20  max_rel 1.400e+00  (mlcanopy_inst__agross_leaf)
  step 1403: max_abs 2.951e+20  max_rel 2.000e+00  (mlcanopy_inst__aj_leaf)
  step 1404: max_abs 2.951e+20  max_rel 6.798e+00  (mlcanopy_inst__gppvegsha_canopy)
  step 1405: max_abs 2.951e+20  max_rel 2.500e+00  (mlcanopy_inst__agross_leaf)
  step 1406: max_abs 2.951e+20  max_rel 3.000e+00  (mlcanopy_inst__aj_leaf)
  step 1407: max_abs 2.951e+20  max_rel 2.452e+00  (mlcanopy_inst__gppvegsun_canopy)
  step 1408: max_abs 2.951e+20  max_rel 8.635e+00  (mlcanopy_inst__gppveg_canopy)
  step 1409: max_abs 2.951e+20  max_rel 1.296e+01  (mlcanopy_inst__gppveg_canopy)
  step 1410: max_abs 2.951e+20  max_rel 2.000e+00  (mlcanopy_inst__agross_leaf)
  step 1411: max_abs 2.951e+20  max_rel 1.022e+01  (mlcanopy_inst__gppvegsha_canopy)
  step 1412: max_abs 2.951e+20  max_rel 3.559e+00  (mlcanopy_inst__gppvegsha_canopy)
  step 1413: max_abs 2.951e+20  max_rel 2.771e+00  (mlcanopy_inst__gppvegsun_canopy)
  step 1414: max_abs 2.951e+20  max_rel 1.000e+00  (mlcanopy_inst__agross_leaf)
  step 1415: max_abs 2.951e+20  max_rel 2.000e+00  (mlcanopy_inst__aj_leaf)
  step 1416: max_abs 2.951e+20  max_rel 1.333e+00  (mlcanopy_inst__agross_leaf)
  step 1449: max_abs 2.951e+20  max_rel 1.000e+00  (mlcanopy_inst__aj_leaf)
  step 1450: max_abs 2.951e+20  max_rel 1.333e+00  (mlcanopy_inst__agross_leaf)
  step 1451: max_abs 2.951e+20  max_rel 2.667e+00  (mlcanopy_inst__agross_leaf)
  step 1452: max_abs 2.951e+20  max_rel 4.366e+00  (mlcanopy_inst__gppvegsha_canopy)
  step 1453: max_abs 2.951e+20  max_rel 1.596e+00  (mlcanopy_inst__gppvegsha_canopy)
  step 1454: max_abs 2.951e+20  max_rel 1.864e+00  (mlcanopy_inst__gppvegsun_canopy)
  step 1455: max_abs 2.951e+20  max_rel 1.589e+01  (mlcanopy_inst__gppvegsha_canopy)
  step 1456: max_abs 2.951e+20  max_rel 2.699e+01  (mlcanopy_inst__gppvegsun_canopy)
  step 1457: max_abs 2.951e+20  max_rel 1.159e+00  (mlcanopy_inst__gppvegsun_canopy)
  step 1458: max_abs 2.951e+20  max_rel 2.333e+00  (mlcanopy_inst__agross_leaf)
  step 1459: max_abs 2.951e+20  max_rel 8.560e+00  (mlcanopy_inst__gppvegsha_canopy)
  step 1460: max_abs 2.951e+20  max_rel 4.530e+00  (mlcanopy_inst__gppvegsha_canopy)
  step 1461: max_abs 2.951e+20  max_rel 7.596e+00  (mlcanopy_inst__gppveg_canopy)
  step 1462: max_abs 2.951e+20  max_rel 1.500e+00  (mlcanopy_inst__aj_leaf)
  step 1463: max_abs 2.951e+20  max_rel 8.816e+00  (mlcanopy_inst__gppvegsha_canopy)
  step 1464: max_abs 2.951e+20  max_rel 2.465e+00  (mlcanopy_inst__gppveg_canopy)
worst of day: max_rel 3.379e+04 at step 685: mlcanopy_inst__gppvegsun_canopy (abs 2.951e+20)
