ncan = 46
mode=jax  open loop (recorded inputs every step)  start=1  steps=48  carried=262  exogenous=194
  step   1: max_abs 1.476e+20  max_rel 1.135e-05  (mlcanopy_inst__dtleaf_leaf)
  step   2: max_abs 1.476e+20  max_rel 3.500e-11  (mlcanopy_inst__dlwp_leaf)
  step   6: max_abs 1.476e+20  max_rel 7.058e-11  (mlcanopy_inst__dtair_profile)
  step   7: max_abs 1.476e+20  max_rel 1.000e+00  (mlcanopy_inst__aj_leaf)
  step   8: max_abs 1.476e+20  max_rel 1.825e+00  (mlcanopy_inst__gppvegsun_canopy)
  step   9: max_abs 1.476e+20  max_rel 1.453e+00  (mlcanopy_inst__gppvegsun_canopy)
  step  10: max_abs 1.476e+20  max_rel 2.818e+00  (mlcanopy_inst__gppvegsun_canopy)
  step  11: max_abs 1.476e+20  max_rel 1.750e+00  (mlcanopy_inst__agross_leaf)
  step  12: max_abs 1.476e+20  max_rel 2.230e+00  (mlcanopy_inst__gppvegsha_canopy)
  step  13: max_abs 1.476e+20  max_rel 2.604e+01  (mlcanopy_inst__gppveg_canopy)
  step  14: max_abs 1.476e+20  max_rel 2.905e+00  (mlcanopy_inst__gppvegsun_canopy)
  step  15: max_abs 1.476e+20  max_rel 1.508e+02  (mlcanopy_inst__gppvegsun_canopy)
  step  16: max_abs 1.476e+20  max_rel 1.000e+00  (mlcanopy_inst__agross_leaf)
  step  17: max_abs 1.476e+20  max_rel 6.805e+00  (mlcanopy_inst__gppvegsha_canopy)
  step  18: max_abs 1.476e+20  max_rel 4.421e+00  (mlcanopy_inst__gppveg_canopy)
  step  19: max_abs 1.476e+20  max_rel 9.041e+00  (mlcanopy_inst__gppvegsha_canopy)
  step  20: max_abs 1.476e+20  max_rel 1.250e+00  (mlcanopy_inst__agross_leaf)
  step  21: max_abs 1.476e+20  max_rel 1.275e+00  (mlcanopy_inst__gppvegsha_canopy)
  step  22: max_abs 1.476e+20  max_rel 1.378e+01  (mlcanopy_inst__gppvegsun_canopy)
  step  23: max_abs 1.476e+20  max_rel 4.904e+01  (mlcanopy_inst__gppveg_canopy)
  step  24: max_abs 1.476e+20  max_rel 2.000e+00  (mlcanopy_inst__aj_leaf)
  step  25: max_abs 1.476e+20  max_rel 2.818e+00  (mlcanopy_inst__gppvegsun_canopy)
  step  48: max_abs 1.476e+20  max_rel 2.625e-10  (mlcanopy_inst__dtair_profile)
worst of day: max_rel 1.508e+02 at step 15: mlcanopy_inst__gppvegsun_canopy (abs 1.476e+20)
per-flux relative error over 48 steps from step 1 (gate: max < 0.001):
  gppveg_canopy    median 1.306e-13  p95 1.638e-05  max 1.872e-05  ok
  lhflx_canopy     median 5.406e-13  p95 6.984e-12  max 4.332e-10  ok
  shflx_canopy     median 1.133e-11  p95 9.903e-11  max 1.883e-10  ok
  ustar_canopy     median 3.522e-13  p95 1.429e-12  max 8.652e-10  ok
