76 units, target=numpy
  fortran:abortutils                       ['static.rwset'] 0s
  fortran:atm2lndtype                      ['f2py-golden'] 0s
  fortran:canopystatetype                  ['static.rwset'] 0s
  fortran:clm_driver                       ['f2py-golden'] 0s
  fortran:clm_initializemod                ['static.rwset'] 0s
  fortran:clm_instmod                      ['f2py-golden'] 0s
  fortran:clm_time_manager                 ['f2py-golden'] 2s
  fortran:clm_varcon                       ['f2py-golden'] 0s
  fortran:clm_varctl                       ['f2py-golden'] 0s
  fortran:clm_varorb                       ['f2py-golden'] 0s
  fortran:clm_varpar                       ['static.rwset'] 0s
  fortran:clmdatamod                       ['static.rwset'] 0s
  fortran:clmml                            ['f2py-golden'] 0s
  fortran:clmml_driver                     ['static.rwset'] 0s
  fortran:clmsoiloptionmod                 ['f2py-golden'] 0s
  fortran:columntype                       ['static.rwset'] 0s
  fortran:controlmod                       ['static.rwset'] 0s
  fortran:decompmod                        ['f2py-golden'] 0s
  fortran:energyfluxtype                   ['static.rwset'] 0s
  fortran:fileutils                        ['static.rwset'] 0s
  fortran:filtermod                        ['f2py-golden'] 0s
  fortran:frictionvelocitymod              ['static.rwset'] 0s
  fortran:gridcelltype                     ['static.rwset'] 0s
  fortran:histfilemod                      ['differential.bitexact'] 2s
  fortran:initgridcellsmod                 ['static.rwset'] 0s
  fortran:initsubgridmod                   ['f2py-golden'] 2s
  fortran:initverticalmod                  ['static.rwset'] 0s
  fortran:lnd_comp_nuopc                   ['f2py-golden'] 0s
  fortran:mlcanopyfluxesmod                ['static.rwset'] 1s
  fortran:mlcanopyfluxestype               ['static.rwset'] 0s
  fortran:mlcanopynitrogenprofilemod       ['static.rwset'] 0s
  fortran:mlcanopyturbulencemod            ['static.rwset'] 0s
  fortran:mlcanopywatermod                 ['static.rwset'] 0s
  fortran:mlclm_varcon                     ['f2py-golden'] 0s
  fortran:mlclm_varctl                     ['f2py-golden'] 0s
  fortran:mlclm_varpar                     ['f2py-golden'] 0s
  fortran:mlfluxprofilesolutionmod         ['static.rwset'] 0s
  fortran:mlgetatmforcingmod               ['static.rwset'] 0s
  fortran:mlinitverticalmod                ['static.rwset'] 0s
  fortran:mlleafboundarylayermod           ['static.rwset'] 0s
  fortran:mlleaffluxesmod                  ['static.rwset'] 0s
  fortran:mlleafheatcapacitymod            ['static.rwset'] 0s
  fortran:mlleafphotosynthesismod          ['static.rwset'] 0s
  fortran:mllongwaveradiationmod           ['static.rwset'] 0s
  fortran:mlmathtoolsmod                   ['f2py-golden'] 0s
  fortran:mlpftconmod                      ['static.rwset'] 0s
  fortran:mlplanthydraulicsmod             ['static.rwset'] 0s
  fortran:mlrungekuttamod                  ['static.rwset'] 0s
  fortran:mlsoilfluxesmod                  ['static.rwset'] 0s
  fortran:mlsoiltemperaturemod             ['static.rwset'] 0s
  fortran:mlsolarradiationmod              ['f2py-golden'] 0s
  fortran:mlwatervapormod                  ['static.rwset'] 0s
  fortran:ncdio_pio                        ['f2py-golden'] 0s
  fortran:patchtype                        ['static.rwset'] 0s
  fortran:pftconmod                        ['static.rwset'] 0s
  fortran:restutilmod                      ['f2py-golden'] 0s
  fortran:shr_file_mod                     ['f2py-golden'] 2s
  fortran:shr_kind_mod                     ['f2py-golden'] 0s
  fortran:shr_orb_mod                      ['static.rwset'] 0s
  fortran:soilstateinittimeconstmod        ['static.rwset'] 0s
  fortran:soilstatetype                    ['static.rwset'] 0s
  fortran:soiltexmod                       ['f2py-golden'] 0s
  fortran:soilwatermovementmod             ['static.rwset'] 0s
  fortran:solarabsorbedtype                ['static.rwset'] 0s
  fortran:spmdmod                          ['f2py-golden'] 0s
  fortran:surfacealbedomod                 CRASH TypeError: string indices must be integers, not 'str'
  fortran:surfacealbedotype                ['static.rwset'] 0s
  fortran:surfaceresistancemod             ['static.rwset'] 0s
  fortran:temperaturetype                  ['static.rwset'] 0s
  fortran:towerdatamod                     ['f2py-golden'] 0s
  fortran:towermetmod                      ['static.rwset'] 0s
  fortran:wateratm2lndbulktype             ['f2py-golden'] 0s
  fortran:waterdiagnosticbulktype          ['static.rwset'] 0s
  fortran:waterfluxbulktype                ['static.rwset'] 0s
  fortran:waterstatebulktype               ['static.rwset'] 0s
  fortran:watertype                        ['static.rwset'] 0s
run finished in 21s
stopped_by: {'static.rwset': 48, 'f2py-golden': 26, 'differential.bitexact': 1, 'CRASH': 1}
top refusals: [("call to external subroutine 'X'", 49), ("dim expr 'X'", 8), ('formatted internal write', 7), ('goto N is not a loop-exit pattern', 3), ('inquire writes EXIST=', 2), ('towerveg/D003: DATA non-literal bound mxpft', 1), ("generic 'X': no match", 1), ('inquire writes OPENED=', 1)]
