fortran:mlcanopynitrogenprofilemod: [ok ] verifier   differential.tolerance      ulp_bounded: every one of 57648 points within 16 ULP (gate 32)
    kernels=['canopynitrogenprofile_flat']
fortran:mlcanopyturbulencemod: [ok ] verifier   differential.tolerance      toleranced: 10944 dominant point(s) within 25 ULP (gate 32); the tail reaches 171 ULP but max_rel=3.414e-15 is inside rel_gate=1e-12
    kernels=['aerodynamicconductance_flat', 'canopyturbulence_flat', 'getbeta', 'getobu_flat', 'getprsc', 'getpsirsl', 'hf2008_flat', 'hybrid__obufunc_flat', 'hybrid__obufunc_iterate_flat', 'lookuppsihat', 'lookuppsihatini', 'obufunc_flat', 'phic_monin_obukhov', 'phim_monin_obukhov', 'psic_monin_obukhov', 'psim_monin_obukhov', 'roughnesslength_flat', 'windprofile_flat', 'zbrent__obufunc_flat', 'zbrent__obufunc_iterate_flat']
fortran:mlcanopywatermod: [ok ] verifier   differential.tolerance      ulp_bounded: every one of 19344 points within 2 ULP (gate 32)
    kernels=['canopyevaporation_flat', 'canopyinterception_flat', 'canopywettedfraction_flat']
fortran:mlfluxprofilesolutionmod: [FAIL] verifier   differential.tolerance      failed: a dominant element is 4346 ULP out (gate 32); that is where a translation defect shows, not where conditioning does
    kernels=['errorcheck01_flat', 'errorcheck02_flat', 'fluxprofilesolution_flat', 'implicitfluxprofilesolution_flat', 'wellmixed_flat']
fortran:mlinitverticalmod: acle     dump-replay                 dump-replay found no dump files under 'output/recorded.day15/dumps/fortran_mlinitverticalmod'; a replay oracle has no way to derive a reference it was not given
  [ok ] store      fs-evidence                 0 verdict(s) recorded

1 unit(s), 0 verdict(s), FAILED

    kernels=[]
fortran:mlleafboundarylayermod: [ok ] verifier   differential.tolerance      ulp_bounded: every one of 28800 points within 4 ULP (gate 32)
    kernels=['leafboundarylayer_flat']
fortran:mlleaffluxesmod: [ok ] verifier   differential.tolerance      toleranced: 31104 dominant point(s) within 0 ULP (gate 32); the tail reaches 14173 ULP but max_rel=3.354e-48 is inside rel_gate=1e-12
    kernels=['leaffluxes_flat']
fortran:mlleafheatcapacitymod: [ok ] verifier   differential.tolerance      ulp_bounded: every one of 4800 points within 1 ULP (gate 32)
    kernels=['leafheatcapacity_flat']
fortran:mlleafphotosynthesismod: [ok ] verifier   differential.tolerance      toleranced: 139440 dominant point(s) within 0 ULP (gate 32); the tail reaches 40 ULP but max_rel=1.819e-48 is inside rel_gate=1e-12
    kernels=['bisection__stomataefficiency_flat', 'bisection__stomataefficiency_iterate_flat', 'cifunc_flat', 'cifuncgs_flat', 'ft', 'fth', 'fth25', 'hybrid__cifunc_flat', 'hybrid__cifunc_iterate_flat', 'leafphotosynthesis_flat', 'realizedrate', 'stomataefficiency_flat', 'stomataoptimization_flat', 'zbrent__cifunc_flat', 'zbrent__cifunc_iterate_flat', 'zbrent__stomataefficiency_flat', 'zbrent__stomataefficiency_iterate_flat']
fortran:mllongwaveradiationmod: [FAIL] verifier   differential.tolerance      failed: a dominant element is 3584 ULP out (gate 32); that is where a translation defect shows, not where conditioning does
    kernels=['longwaveradiation_flat', 'norman_flat']
fortran:mlplanthydraulicsmod: [ok ] verifier   differential.tolerance      ulp_bounded: every one of 15696 points within 2 ULP (gate 32)
    kernels=['leafwaterpotential_flat', 'plantresistance_flat', 'soilresistance_flat']
fortran:mlrungekuttamod: [ok ] verifier   differential.tolerance      ulp_bounded: every one of 168240 points within 2 ULP (gate 32); 1 subprogram(s) ungated, no reference: rungekuttaini (no per-call recording; compared inside the whole-step replay of fortran:mlcanopyfluxesmod, which calls it every step)
    kernels=['rungekuttaini', 'rungekuttaupdate_flat']
fortran:mlsoilfluxesmod: [FAIL] verifier   differential.tolerance      failed: a dominant element is 1722 ULP out (gate 32); that is where a translation defect shows, not where conditioning does
    kernels=['soilfluxes_flat']
fortran:mlsoiltemperaturemod: [ok ] verifier   differential.tolerance      ulp_bounded: every one of 10080 points within 3 ULP (gate 32)
    kernels=['soiltemperature_flat', 'soilthermprop_flat']
fortran:mlsolarradiationmod: [ok ] verifier   differential.tolerance      toleranced: 44544 dominant point(s) within 32 ULP (gate 32); the tail reaches 3122 ULP but max_rel=4.131e-15 is inside rel_gate=1e-12
    kernels=['norman_flat', 'solarradiation_flat', 'twostream_flat']
