 121.0104167     0.010   300.487     0.040   298.816     0.090   295.664     0.160   292.453     0.260   290.503     0.400   289.637     0.580   288.658     0.800   287.600     1.060   286.743     1.360   286.180
 121.0312500     0.010   300.030     0.040   298.637     0.090   295.741     0.160   292.601     0.260   290.568     0.400   289.634     0.580   288.655     0.800   287.606     1.060   286.748     1.360   286.182
 121.0520833     0.010   299.186     0.040   298.310     0.090   295.766     0.160   292.735     0.260   290.634     0.400   289.634     0.580   288.651     0.800   287.612     1.060   286.752     1.360   286.184
 121.0729167     0.010   298.186     0.040   297.848     0.090   295.731     0.160   292.850     0.260   290.700     0.400   289.635     0.580   288.649     0.800   287.617     1.060   286.757     1.360   286.187
 121.0937500     0.010   297.249     0.040   297.317     0.090   295.639     0.160   292.945     0.260   290.765     0.400   289.637     0.580   288.646     0.800   287.622     1.060   286.762     1.360   286.189
 121.1145833     0.010   296.364     0.040   296.755     0.090   295.498     0.160   293.020     0.260   290.828     0.400   289.641     0.580   288.644     0.800   287.627     1.060   286.767     1.360   286.191
 121.1354167     0.010   295.593     0.040   296.199     0.090   295.319     0.160   293.073     0.260   290.890     0.400   289.646     0.580   288.642     0.800   287.632     1.060   286.771     1.360   286.194
 121.1562500     0.010   294.938     0.040   295.675     0.090   295.114     0.160   293.105     0.260   290.948     0.400   289.652     0.580   288.640     0.800   287.637     1.060   286.776     1.360   286.196
 121.1770833     0.010   294.244     0.040   295.154     0.090   294.889     0.160   293.118     0.260   291.002     0.400   289.659     0.580   288.638     0.800   287.642     1.060   286.781     1.360   286.198
 121.1979167     0.010   293.439     0.040   294.601     0.090   294.642     0.160   293.112     0.260   291.053     0.400   289.668     0.580   288.637     0.800   287.646     1.060   286.785     1.360   286.201
 121.2187500     0.010   292.715     0.040   294.049     0.090   294.376     0.160   293.089     0.260   291.098     0.400   289.676     0.580   288.636     0.800   287.651     1.060   286.790     1.360   286.203
 121.2395833     0.010   292.106     0.040   293.526     0.090   294.099     0.160   293.049     0.260   291.139     0.400   289.686     0.580   288.636     0.800   287.655     1.060   286.794     1.360   286.206
 121.2604167     0.010   291.624     0.040   293.056     0.090   293.820     0.160   292.994     0.260   291.175     0.400   289.695     0.580   288.636     0.800   287.660     1.060   286.799     1.360   286.208
 121.2812500     0.010   291.111     0.040   292.605     0.090   293.540     0.160   292.927     0.260   291.205     0.400   289.705     0.580   288.636     0.800   287.664     1.060   286.803     1.360   286.211
 121.3020833     0.010   290.654     0.040   292.182     0.090   293.263     0.160   292.848     0.260   291.229     0.400   289.715     0.580   288.636     0.800   287.668     1.060   286.808     1.360   286.213
 121.3229167     0.010   290.161     0.040   291.764     0.090   292.988     0.160   292.760     0.260   291.248     0.400   289.725     0.580   288.636     0.800   287.672     1.060   286.812     1.360   286.216
 121.3437500     0.010   289.664     0.040   291.348     0.090   292.713     0.160   292.663     0.260   291.262     0.400   289.735     0.580   288.637     0.800   287.676     1.060   286.817     1.360   286.218
 121.3645833     0.010   289.243     0.040   290.954     0.090   292.441     0.160   292.559     0.260   291.270     0.400   289.745     0.580   288.638     0.800   287.681     1.060   286.821     1.360   286.221
 121.3854167     0.010   288.832     0.040   290.577     0.090   292.172     0.160   292.448     0.260   291.273     0.400   289.754     0.580   288.640     0.800   287.685     1.060   286.826     1.360   286.223
 121.4062500     0.010   288.306     0.040   290.176     0.090   291.902     0.160   292.331     0.260   291.271     0.400   289.763     0.580   288.641     0.800   287.689     1.060   286.830     1.360   286.225
 121.4270833     0.010   287.858     0.040   289.785     0.090   291.631     0.160   292.209     0.260   291.264     0.400   289.771     0.580   288.643     0.800   287.693     1.060   286.834     1.360   286.228
 121.4479167     0.010   287.527     0.040   289.430     0.090   291.366     0.160   292.082     0.260   291.252     0.400   289.779     0.580   288.644     0.800   287.696     1.060   286.839     1.360   286.230
 121.4687500     0.010   287.209     0.040   289.102     0.090   291.107     0.160   291.951     0.260   291.235     0.400   289.785     0.580   288.646     0.800   287.700     1.060   286.843     1.360   286.233
 121.4895833     0.010   286.873     0.040   288.784     0.090   290.854     0.160   291.818     0.260   291.214     0.400   289.791     0.580   288.648     0.800   287.704     1.060   286.847     1.360   286.235
 121.5104167     0.010   286.576     0.040   288.483     0.090   290.608     0.160   291.682     0.260   291.189     0.400   289.796     0.580   288.650     0.800   287.708     1.060   286.851     1.360   286.238
 121.5312500     0.010   286.301     0.040   288.200     0.090   290.369     0.160   291.545     0.260   291.159     0.400   289.801     0.580   288.653     0.800   287.712     1.060   286.856     1.360   286.240
 121.5520833     0.010   286.132     0.040   287.957     0.090   290.142     0.160   291.407     0.260   291.126     0.400   289.804     0.580   288.655     0.800   287.716     1.060   286.860     1.360   286.243
 121.5729167     0.010   286.175     0.040   287.798     0.090   289.935     0.160   291.270     0.260   291.089     0.400   289.806     0.580   288.657     0.800   287.719     1.060   286.864     1.360   286.246
 121.5937500     0.010   286.582     0.040   287.793     0.090   289.766     0.160   291.137     0.260   291.050     0.400   289.807     0.580   288.660     0.800   287.723     1.060   286.868     1.360   286.248
 121.6145833     0.010   287.221     0.040   287.944     0.090   289.648     0.160   291.010     0.260   291.008     0.400   289.807     0.580   288.662     0.800   287.727     1.060   286.872     1.360   286.251
 121.6354167     0.010   288.228     0.040   288.296     0.090   289.599     0.160   290.895     0.260   290.963     0.400   289.807     0.580   288.664     0.800   287.731     1.060   286.876     1.360   286.253
 121.6562500     0.010   289.461     0.040   288.835     0.090   289.629     0.160   290.796     0.260   290.918     0.400   289.805     0.580   288.666     0.800   287.734     1.060   286.880     1.360   286.256
 121.6770833     0.010   290.831     0.040   289.531     0.090   289.742     0.160   290.717     0.260   290.873     0.400   289.802     0.580   288.668     0.800   287.738     1.060   286.884     1.360   286.258
 121.6979167     0.010   292.267     0.040   290.345     0.090   289.937     0.160   290.661     0.260   290.828     0.400   289.798     0.580   288.670     0.800   287.742     1.060   286.888     1.360   286.261
 121.7187500     0.010   293.703     0.040   291.239     0.090   290.206     0.160   290.633     0.260   290.786     0.400   289.793     0.580   288.672     0.800   287.745     1.060   286.892     1.360   286.263
 121.7395833     0.010   295.198     0.040   292.205     0.090   290.545     0.160   290.633     0.260   290.747     0.400   289.788     0.580   288.674     0.800   287.749     1.060   286.896     1.360   286.266
 121.7604167     0.010   296.257     0.040   293.100     0.090   290.928     0.160   290.661     0.260   290.712     0.400   289.782     0.580   288.676     0.800   287.752     1.060   286.900     1.360   286.268
 121.7812500     0.010   296.525     0.040   293.738     0.090   291.310     0.160   290.714     0.260   290.681     0.400   289.776     0.580   288.678     0.800   287.756     1.060   286.904     1.360   286.271
 121.8020833     0.010   297.229     0.040   294.351     0.090   291.689     0.160   290.789     0.260   290.656     0.400   289.770     0.580   288.679     0.800   287.759     1.060   286.908     1.360   286.273
 121.8229167     0.010   297.115     0.040   294.721     0.090   292.033     0.160   290.879     0.260   290.637     0.400   289.763     0.580   288.681     0.800   287.763     1.060   286.912     1.360   286.276
 121.8437500     0.010   297.091     0.040   294.972     0.090   292.336     0.160   290.980     0.260   290.624     0.400   289.757     0.580   288.682     0.800   287.766     1.060   286.916     1.360   286.278
 121.8645833     0.010   297.251     0.040   295.201     0.090   292.605     0.160   291.087     0.260   290.616     0.400   289.750     0.580   288.683     0.800   287.770     1.060   286.920     1.360   286.281
 121.8854167     0.010   297.241     0.040   295.366     0.090   292.841     0.160   291.198     0.260   290.613     0.400   289.744     0.580   288.684     0.800   287.773     1.060   286.924     1.360   286.284
 121.9062500     0.010   297.162     0.040   295.471     0.090   293.043     0.160   291.310     0.260   290.616     0.400   289.738     0.580   288.685     0.800   287.776     1.060   286.928     1.360   286.286
 121.9270833     0.010   296.520     0.040   295.379     0.090   293.192     0.160   291.418     0.260   290.623     0.400   289.733     0.580   288.686     0.800   287.780     1.060   286.931     1.360   286.289
 121.9479167     0.010   296.615     0.040   295.373     0.090   293.313     0.160   291.522     0.260   290.633     0.400   289.728     0.580   288.687     0.800   287.783     1.060   286.935     1.360   286.291
 121.9687500     0.010   296.215     0.040   295.276     0.090   293.400     0.160   291.618     0.260   290.648     0.400   289.724     0.580   288.688     0.800   287.786     1.060   286.939     1.360   286.294
 121.9895833     0.010   295.673     0.040   295.080     0.090   293.446     0.160   291.705     0.260   290.664     0.400   289.721     0.580   288.689     0.800   287.790     1.060   286.943     1.360   286.296
