    1.0000     4.984    -0.235    -1.509    -0.509     0.000
    1.0000     4.983    -0.236    -1.317    -0.448     0.000
    1.0000     4.983    -0.236    -1.277    -0.427     0.000
    1.0000     4.981    -0.237    -1.004    -0.372     0.000
    1.0000     4.980    -0.239    -0.678    -0.312     0.000
    1.0000     4.978    -0.240    -0.380    -0.292     0.000
    1.0000     4.977    -0.241    -0.343    -0.292     0.000
    1.0000     4.975    -0.241    -0.342    -0.292     0.000
    1.0000     4.974    -0.242    -0.341    -0.292     0.000
    1.0000     4.972    -0.243    -0.341    -0.292     0.000
    1.0000     4.970    -0.244    -0.342    -0.293     0.000
    1.0000     4.968    -0.244    -0.343    -0.293     0.000
    1.0000     4.966    -0.245    -0.343    -0.294     0.000
    1.0000     4.964    -0.246    -0.344    -0.295     0.000
    1.0000     4.963    -0.246    -0.344    -0.295     0.000
    1.0000     4.960    -0.247    -0.344    -0.295     0.000
    1.0000     4.958    -0.247    -0.344    -0.295     0.000
    1.0000     4.956    -0.248    -0.344    -0.295     0.000
    1.0000     4.954    -0.248    -0.344    -0.295     0.000
    1.0000     4.952    -0.248    -0.345    -0.296     0.000
    1.0000     4.950    -0.248    -0.345    -0.296     0.000
    1.0000     4.948    -0.248    -0.345    -0.296     0.000
    1.0000     4.946    -0.248    -0.345    -0.296     0.000
    1.0000     4.944    -0.248    -0.345    -0.296     0.000
    1.0000     4.941    -0.248    -0.345    -0.296     0.000
    1.0000     4.939    -0.248    -0.348    -0.296     0.000
    1.0000     4.938    -0.248    -0.393    -0.297     0.000
    1.0000     4.935    -0.248    -0.472    -0.306     0.000
    1.0000     4.933    -0.247    -0.531    -0.324     0.000
    1.0000     4.933    -0.247    -0.666    -0.359     0.000
    1.0000     4.933    -0.247    -0.789    -0.393     0.000
    1.0000     4.934    -0.248    -0.942    -0.434     0.000
    1.0000     4.935    -0.248    -1.104    -0.479     0.000
    1.0000     4.937    -0.248    -1.246    -0.519     0.000
    1.0000     4.938    -0.248    -1.397    -0.560     0.000
    1.0000     4.941    -0.249    -1.481    -0.594     0.000
    1.0000     4.945    -0.249    -1.480    -0.592     0.000
    1.0000     4.949    -0.249    -1.460    -0.573     0.000
    1.0000     4.952    -0.249    -1.484    -0.586     0.000
    1.0000     4.953    -0.249    -1.447    -0.557     0.000
    1.0000     4.954    -0.249    -1.457    -0.544     0.000
    1.0000     4.956    -0.249    -1.474    -0.544     0.000
    1.0000     4.956    -0.250    -1.458    -0.528     0.000
    1.0000     4.956    -0.250    -1.384    -0.502     0.000
    1.0000     4.956    -0.250    -1.202    -0.454     0.000
    1.0000     4.956    -0.250    -1.317    -0.482     0.000
    1.0000     4.956    -0.250    -1.156    -0.443     0.000
    1.0000     4.955    -0.250    -1.048    -0.418     0.000
