 121.0104167   291.071    64.827   -98.604   293.947    25.004     0.367    88.703   451.664   299.785    34.139    57.205     1.433    21.632   355.958     0.000     0.310    -3.238
 121.0312500   216.413    52.428   -53.965   198.333    23.905     0.220    72.432   444.846   298.625    20.705    36.569     1.227    14.637   251.162     0.000     0.277    -1.087
 121.0520833   133.488   -40.432  -109.504   283.498    21.248     0.435    54.546   442.227   298.302     0.462    19.967     3.051    16.454   238.078     0.000     0.318    -0.535
 121.0729167    47.603   -36.943  -110.914   211.178    15.727     0.503    35.406   438.131   297.549   -15.010     4.855     2.876    16.989   169.678     0.000     0.327    -0.709
 121.0937500   -27.729   -25.251   -99.599   120.065     8.665     0.593    18.348   436.248   297.000   -22.593    -4.578     1.632    16.383    87.799     0.000     0.336    -0.352
 121.1145833   -82.931   -31.038   -70.798    48.405     2.560     0.527     5.072   432.569   296.116   -28.535   -12.108     1.089    15.337    15.679     0.000     0.335    -0.964
 121.1354167   -98.904   -39.501   -71.393    43.805     0.269     0.490     0.495   427.172   295.226   -30.750   -14.869     1.132    14.749     2.954     0.000     0.332    -1.064
 121.1562500   -97.000   -28.153   -64.457    27.719     0.000     0.505     0.000   422.301   294.100   -30.991   -15.143     1.360    14.488     2.649     0.000     0.334    -1.119
 121.1770833   -94.096   -22.996   -40.433     7.073    -0.000     0.543     0.000   413.866   292.062   -35.654   -19.000     3.237    13.417     2.204     0.000     0.340    -2.087
 121.1979167   -91.615   -35.373   -30.281    19.804     0.000     0.545     0.000   402.826   290.120   -43.642   -25.054     6.182    12.405     1.733     0.000     0.342    -2.123
 121.2187500   -88.801   -22.689   -39.864    20.464     0.000     0.407     0.000   395.428   289.123   -45.577   -27.214     6.985    11.377     1.485     0.000     0.331    -1.135
 121.2395833   -89.098   -17.302   -49.335    22.878    -0.000     0.525     0.000   392.212   288.728   -44.913   -26.673     7.257    10.983     1.443     0.000     0.339    -0.426
 121.2604167   -87.744   -16.615   -49.815    21.417    -0.000     0.536     0.000   390.673   288.265   -42.241   -24.959     6.627    10.655     1.464     0.000     0.339    -0.489
 121.2812500   -86.521   -21.490   -40.332    20.532     0.000     0.487     0.000   385.999   287.435   -44.273   -26.557     7.365    10.351     1.357     0.000     0.338    -0.957
 121.3020833   -90.698   -13.108   -50.980    17.525    -0.000     0.531     0.000   383.806   287.011   -43.691   -26.360     7.209    10.122     1.354     0.000     0.339    -0.445
 121.3229167   -89.070   -14.847   -32.246     5.522    -0.000     0.521     0.000   378.965   285.710   -46.107   -28.273     8.249     9.585     1.177     0.000     0.341    -1.393
 121.3437500   -84.299   -17.113   -17.378     0.796    -0.000     0.249     0.000   369.677   283.174   -47.918   -32.829     7.095     7.994     0.833     0.000     0.303    -2.687
 121.3645833   -79.577   -13.622   -18.281     0.692     0.000     0.104     0.000   357.195   281.613   -46.748   -39.397     2.350     5.001     0.475     0.000     0.261    -1.619
 121.3854167   -81.373    -4.986   -35.291     5.910    -0.000     0.177     0.000   355.535   281.983   -47.250   -40.041     2.962     4.248     0.392     0.000     0.265     0.244
 121.4062500   -90.569   -18.653   -50.383    29.928     0.000     0.477     0.000   362.076   282.946   -52.464   -34.483    10.713     7.268     0.662     0.000     0.333     1.003
 121.4270833   -90.448   -14.113   -37.292    13.578    -0.000     0.462     0.000   360.390   282.343   -51.927   -33.497    10.953     7.477     0.696     0.000     0.337    -0.694
 121.4479167   -84.563   -14.785   -24.410     5.386     0.000     0.212     0.000   353.566   280.406   -48.761   -35.958     6.740     6.062     0.528     0.000     0.286    -1.993
 121.4687500   -85.370    -1.914   -57.868    20.847     0.000     0.347     0.000   353.438   282.183   -48.213   -35.101     7.268     5.845     0.572     0.000     0.301     1.779
 121.4895833   -90.352    -9.610   -43.988    12.502    -0.000     0.552     0.000   357.055   281.887   -48.958   -31.412    10.364     7.181     0.744     0.000     0.341    -0.299
 121.5104167   -91.522    -3.869   -48.687     9.160    -0.000     0.590     0.000   356.078   281.738   -47.938   -30.838    10.131     6.969     0.731     0.000     0.342    -0.189
 121.5312500   -92.277    -5.996   -47.971     9.374     0.119     0.499     0.205   354.552   281.402   -47.240   -30.705     9.777     6.757     0.761     0.000     0.337    -0.445
 121.5520833   -77.485    -9.053   -27.394     4.105     1.533     0.185     2.953   347.541   279.613   -43.306   -32.874     5.157     5.275     3.343     0.000     0.277    -1.836
 121.5729167   -37.188    21.898   -40.685    14.453     6.416     0.181    14.028   348.313   280.824   -34.202   -27.112     3.065     4.025    18.776     0.000     0.263     1.348
 121.5937500    23.642    41.758   -26.556    23.290    11.777     0.154    29.893   356.640   282.624   -17.231   -10.723     2.839     3.669    39.413     0.000     0.268     2.380
 121.6145833    96.894    21.740   -13.861    88.482    15.599     0.384    48.288   367.844   284.399    -1.597    10.524     6.143     5.978    80.960     0.000     0.347     2.130
 121.6354167   180.642    29.802     7.079   121.023    18.571     0.384    67.292   377.641   286.099    20.661    32.369     4.883     6.825   117.447     0.000     0.372     2.077
 121.6562500   263.642    11.486    25.975   183.717    21.136     0.334    85.494   387.679   287.644    40.631    53.357     4.342     8.384   162.488     0.000     0.409     1.833
 121.6770833   346.083    14.425    39.151   232.305    23.267     0.278   103.005   397.046   289.159    58.294    72.811     4.134    10.383   212.576     0.000     0.382     1.909
 121.6979167   423.867    20.522    59.875   268.587    24.987     0.249   119.295   405.396   290.493    73.240    89.602     4.274    12.088   256.264     0.000     0.372     1.643
 121.7187500   499.294    17.233    78.725   316.894    26.392     0.305   135.037   412.826   291.642    85.017   104.742     5.412    14.314   302.012     0.000     0.393     1.425
 121.7395833   581.999    28.792   109.193   344.610    27.513     0.293   151.282   420.400   292.710    97.926   120.650     6.435    16.289   340.634     0.000     0.389     1.478
 121.7604167   582.048    25.460   111.602   352.368    27.693     0.265   148.378   425.343   293.445    92.046   117.249     7.467    17.736   348.606     0.000     0.388     0.572
 121.7812500   483.253    15.415    59.338   341.363    26.798     0.233   123.809   425.954   294.045    66.633    93.088     7.838    18.617   328.540     0.000     0.390     0.503
 121.8020833   517.617    12.942    63.140   362.500    27.298     0.183   131.260   431.063   294.808    78.379   103.678     6.556    18.742   344.823     0.000     0.365     0.656
 121.8229167   392.935     4.729   -10.438   349.220    26.043     0.229   103.541   430.429   295.308    49.713    75.967     6.487    19.767   325.956     0.000     0.401    -0.289
 121.8437500   360.224    15.051   -23.552   322.494    25.433     0.248    91.866   431.414   295.678    45.737    68.958     4.791    18.430   312.961     0.000     0.369     0.494
 121.8645833   369.768     8.660   -18.937   331.501    25.424     0.283    91.346   432.875   295.827    48.370    70.728     4.090    18.268   319.521     0.000     0.362     0.173
 121.8854167   338.651    18.956   -26.603   305.686    25.001     0.360    84.184   432.123   295.769    40.750    62.755     4.226    17.779   307.552     0.000     0.348    -0.138
 121.9062500   309.505    21.351   -28.116   281.514    24.548     0.407    77.866   431.632   295.461    35.193    56.312     4.203    16.917   290.520     0.000     0.346    -0.436
 121.9270833   199.589    15.980   -36.095   209.597    21.467     0.400    53.541   427.073   294.947    10.696    30.666     4.692    15.279   218.273     0.000     0.339    -0.590
 121.9479167   269.128     7.868   -29.020   260.977    23.857     0.590    69.571   428.043   294.872    29.258    47.915     4.203    14.454   256.313     0.000     0.348     0.046
 121.9687500   202.040    -7.984   -28.540   227.793    21.833     0.677    55.294   424.654   294.140    11.658    31.068     5.211    14.200   216.818     0.000     0.348    -0.888
 121.9895833   153.234    -5.725   -32.545   191.068    19.577     0.720    44.635   421.104   293.694     0.933    20.162     5.727    13.502   178.754     0.000     0.348    -0.497
