 121.0104167   291.071    64.827   -98.604   293.947    25.004     0.367    88.703   451.664   299.785    34.139    57.205     1.433    21.632   355.958     0.000     0.310    -3.238
 121.0312500       NaN       NaN       NaN       NaN       NaN     0.377    72.432       NaN       NaN       NaN       NaN       NaN       NaN       NaN       NaN     0.325       NaN
 121.0520833       NaN       NaN       NaN       NaN       NaN     0.463    54.546       NaN       NaN       NaN       NaN       NaN       NaN       NaN       NaN     0.325       NaN
 121.0729167       NaN       NaN       NaN       NaN       NaN     0.490    35.406       NaN       NaN       NaN       NaN       NaN       NaN       NaN       NaN     0.325       NaN
 121.0937500       NaN       NaN       NaN       NaN       NaN     0.531    18.348       NaN       NaN       NaN       NaN       NaN       NaN       NaN       NaN     0.325       NaN
 121.1145833       NaN       NaN       NaN       NaN       NaN     0.475     5.072       NaN       NaN       NaN       NaN       NaN       NaN       NaN       NaN     0.325       NaN
 121.1354167       NaN       NaN       NaN       NaN       NaN     0.457     0.495       NaN       NaN       NaN       NaN       NaN       NaN       NaN       NaN     0.325       NaN
 121.1562500       NaN       NaN       NaN       NaN       NaN     0.460     0.000       NaN       NaN       NaN       NaN       NaN       NaN       NaN       NaN     0.325       NaN
 121.1770833       NaN       NaN       NaN       NaN       NaN     0.465     0.000       NaN       NaN       NaN       NaN       NaN       NaN       NaN       NaN     0.325       NaN
 121.1979167       NaN       NaN       NaN       NaN       NaN     0.457     0.000       NaN       NaN       NaN       NaN       NaN       NaN       NaN       NaN     0.325       NaN
 121.2187500       NaN       NaN       NaN       NaN       NaN     0.380     0.000       NaN       NaN       NaN       NaN       NaN       NaN       NaN       NaN     0.325       NaN
 121.2395833       NaN       NaN       NaN       NaN       NaN     0.456     0.000       NaN       NaN       NaN       NaN       NaN       NaN       NaN       NaN     0.325       NaN
 121.2604167       NaN       NaN       NaN       NaN       NaN     0.463     0.000       NaN       NaN       NaN       NaN       NaN       NaN       NaN       NaN     0.325       NaN
 121.2812500       NaN       NaN       NaN       NaN       NaN     0.425     0.000       NaN       NaN       NaN       NaN       NaN       NaN       NaN       NaN     0.325       NaN
 121.3020833       NaN       NaN       NaN       NaN       NaN     0.462     0.000       NaN       NaN       NaN       NaN       NaN       NaN       NaN       NaN     0.325       NaN
 121.3229167       NaN       NaN       NaN       NaN       NaN     0.441     0.000       NaN       NaN       NaN       NaN       NaN       NaN       NaN       NaN     0.325       NaN
 121.3437500       NaN       NaN       NaN       NaN       NaN     0.292     0.000       NaN       NaN       NaN       NaN       NaN       NaN       NaN       NaN     0.325       NaN
 121.3645833       NaN       NaN       NaN       NaN       NaN     0.224     0.000       NaN       NaN       NaN       NaN       NaN       NaN       NaN       NaN     0.325       NaN
 121.3854167       NaN       NaN       NaN       NaN       NaN     0.358     0.000       NaN       NaN       NaN       NaN       NaN       NaN       NaN       NaN     0.325       NaN
 121.4062500       NaN       NaN       NaN       NaN       NaN     0.438     0.000       NaN       NaN       NaN       NaN       NaN       NaN       NaN       NaN     0.325       NaN
 121.4270833       NaN       NaN       NaN       NaN       NaN     0.407     0.000       NaN       NaN       NaN       NaN       NaN       NaN       NaN       NaN     0.325       NaN
 121.4479167       NaN       NaN       NaN       NaN       NaN     0.316     0.000       NaN       NaN       NaN       NaN       NaN       NaN       NaN       NaN     0.325       NaN
 121.4687500       NaN       NaN       NaN       NaN       NaN     0.425     0.000       NaN       NaN       NaN       NaN       NaN       NaN       NaN       NaN     0.325       NaN
 121.4895833       NaN       NaN       NaN       NaN       NaN     0.469     0.000       NaN       NaN       NaN       NaN       NaN       NaN       NaN       NaN     0.325       NaN
 121.5104167       NaN       NaN       NaN       NaN       NaN     0.497     0.000       NaN       NaN       NaN       NaN       NaN       NaN       NaN       NaN     0.325       NaN
 121.5312500       NaN       NaN       NaN       NaN       NaN     0.441     0.205       NaN       NaN       NaN       NaN       NaN       NaN       NaN       NaN     0.325       NaN
 121.5520833       NaN       NaN       NaN       NaN       NaN     0.309     2.953       NaN       NaN       NaN       NaN       NaN       NaN       NaN       NaN     0.325       NaN
 121.5729167       NaN       NaN       NaN       NaN       NaN     0.377    14.028       NaN       NaN       NaN       NaN       NaN       NaN       NaN       NaN     0.325       NaN
 121.5937500       NaN       NaN       NaN       NaN       NaN     0.300    29.893       NaN       NaN       NaN       NaN       NaN       NaN       NaN       NaN     0.325       NaN
 121.6145833       NaN       NaN       NaN       NaN       NaN     0.308    48.288       NaN       NaN       NaN       NaN       NaN       NaN       NaN       NaN     0.325       NaN
 121.6354167       NaN       NaN       NaN       NaN       NaN     0.260    67.292       NaN       NaN       NaN       NaN       NaN       NaN       NaN       NaN     0.325       NaN
 121.6562500       NaN       NaN       NaN       NaN       NaN     0.184    85.494       NaN       NaN       NaN       NaN       NaN       NaN       NaN       NaN     0.325       NaN
 121.6770833       NaN       NaN       NaN       NaN       NaN     0.159   103.005       NaN       NaN       NaN       NaN       NaN       NaN       NaN       NaN     0.325       NaN
 121.6979167       NaN       NaN       NaN       NaN       NaN     0.146   119.295       NaN       NaN       NaN       NaN       NaN       NaN       NaN       NaN     0.325       NaN
 121.7187500       NaN       NaN       NaN       NaN       NaN     0.169   135.037       NaN       NaN       NaN       NaN       NaN       NaN       NaN       NaN     0.325       NaN
 121.7395833       NaN       NaN       NaN       NaN       NaN     0.164   151.282       NaN       NaN       NaN       NaN       NaN       NaN       NaN       NaN     0.325       NaN
 121.7604167       NaN       NaN       NaN       NaN       NaN     0.149   148.378       NaN       NaN       NaN       NaN       NaN       NaN       NaN       NaN     0.325       NaN
 121.7812500       NaN       NaN       NaN       NaN       NaN     0.130   123.809       NaN       NaN       NaN       NaN       NaN       NaN       NaN       NaN     0.325       NaN
 121.8020833       NaN       NaN       NaN       NaN       NaN     0.109   131.260       NaN       NaN       NaN       NaN       NaN       NaN       NaN       NaN     0.325       NaN
 121.8229167       NaN       NaN       NaN       NaN       NaN     0.128   103.541       NaN       NaN       NaN       NaN       NaN       NaN       NaN       NaN     0.325       NaN
 121.8437500       NaN       NaN       NaN       NaN       NaN     0.170    91.866       NaN       NaN       NaN       NaN       NaN       NaN       NaN       NaN     0.325       NaN
 121.8645833       NaN       NaN       NaN       NaN       NaN     0.204    91.346       NaN       NaN       NaN       NaN       NaN       NaN       NaN       NaN     0.325       NaN
 121.8854167       NaN       NaN       NaN       NaN       NaN     0.289    84.184       NaN       NaN       NaN       NaN       NaN       NaN       NaN       NaN     0.325       NaN
 121.9062500       NaN       NaN       NaN       NaN       NaN     0.331    77.866       NaN       NaN       NaN       NaN       NaN       NaN       NaN       NaN     0.325       NaN
 121.9270833       NaN       NaN       NaN       NaN       NaN     0.348    53.541       NaN       NaN       NaN       NaN       NaN       NaN       NaN       NaN     0.325       NaN
 121.9479167       NaN       NaN       NaN       NaN       NaN     0.471    69.571       NaN       NaN       NaN       NaN       NaN       NaN       NaN       NaN     0.325       NaN
 121.9687500       NaN       NaN       NaN       NaN       NaN     0.539    55.294       NaN       NaN       NaN       NaN       NaN       NaN       NaN       NaN     0.325       NaN
 121.9895833       NaN       NaN       NaN       NaN       NaN     0.574    44.635       NaN       NaN       NaN       NaN       NaN       NaN       NaN       NaN     0.325       NaN
