    1.0000     4.984    -0.235    -1.509    -0.509     0.000
    1.0000     4.983    -0.236       NaN       NaN     0.000
    1.0000     4.983    -0.236       NaN       NaN     0.000
    1.0000     4.981    -0.237       NaN       NaN     0.000
    1.0000     4.980    -0.239       NaN       NaN     0.000
    1.0000     4.978    -0.240       NaN       NaN     0.000
    1.0000     4.977    -0.241       NaN       NaN     0.000
    1.0000     4.975    -0.241       NaN       NaN     0.000
    1.0000     4.974    -0.242       NaN       NaN     0.000
    1.0000     4.972    -0.243       NaN       NaN     0.000
    1.0000     4.970    -0.244       NaN       NaN     0.000
    1.0000     4.968    -0.244       NaN       NaN     0.000
    1.0000     4.966    -0.245       NaN       NaN     0.000
    1.0000     4.964    -0.246       NaN       NaN     0.000
    1.0000     4.963    -0.246       NaN       NaN     0.000
    1.0000     4.960    -0.247       NaN       NaN     0.000
    1.0000     4.958    -0.247       NaN       NaN     0.000
    1.0000     4.956    -0.248       NaN       NaN     0.000
    1.0000     4.954    -0.248       NaN       NaN     0.000
    1.0000     4.952    -0.248       NaN       NaN     0.000
    1.0000     4.950    -0.248       NaN       NaN     0.000
    1.0000     4.948    -0.248       NaN       NaN     0.000
    1.0000     4.946    -0.248       NaN       NaN     0.000
    1.0000     4.944    -0.248       NaN       NaN     0.000
    1.0000     4.941    -0.248       NaN       NaN     0.000
    1.0000     4.939    -0.248       NaN       NaN     0.000
    1.0000     4.938    -0.248       NaN       NaN     0.000
    1.0000     4.935    -0.248       NaN       NaN     0.000
    1.0000     4.933    -0.247       NaN       NaN     0.000
    1.0000     4.933    -0.247       NaN       NaN     0.000
    1.0000     4.933    -0.247       NaN       NaN     0.000
    1.0000     4.934    -0.248       NaN       NaN     0.000
    1.0000     4.935    -0.248       NaN       NaN     0.000
    1.0000     4.937    -0.248       NaN       NaN     0.000
    1.0000     4.938    -0.248       NaN       NaN     0.000
    1.0000     4.941    -0.249       NaN       NaN     0.000
    1.0000     4.945    -0.249       NaN       NaN     0.000
    1.0000     4.949    -0.249       NaN       NaN     0.000
    1.0000     4.952    -0.249       NaN       NaN     0.000
    1.0000     4.953    -0.249       NaN       NaN     0.000
    1.0000     4.954    -0.249       NaN       NaN     0.000
    1.0000     4.956    -0.249       NaN       NaN     0.000
    1.0000     4.956    -0.250       NaN       NaN     0.000
    1.0000     4.956    -0.250       NaN       NaN     0.000
    1.0000     4.956    -0.250       NaN       NaN     0.000
    1.0000     4.956    -0.250       NaN       NaN     0.000
    1.0000     4.956    -0.250       NaN       NaN     0.000
    1.0000     4.955    -0.250       NaN       NaN     0.000
