 121.0104167     0.010   300.487     0.040   298.816     0.090   295.664     0.160   292.453     0.260   290.503     0.400   289.637     0.580   288.658     0.800   287.600     1.060   286.743     1.360   286.180
 121.0312500     0.010       NaN     0.040       NaN     0.090       NaN     0.160       NaN     0.260       NaN     0.400       NaN     0.580       NaN     0.800       NaN     1.060       NaN     1.360       NaN
 121.0520833     0.010       NaN     0.040       NaN     0.090       NaN     0.160       NaN     0.260       NaN     0.400       NaN     0.580       NaN     0.800       NaN     1.060       NaN     1.360       NaN
 121.0729167     0.010       NaN     0.040       NaN     0.090       NaN     0.160       NaN     0.260       NaN     0.400       NaN     0.580       NaN     0.800       NaN     1.060       NaN     1.360       NaN
 121.0937500     0.010       NaN     0.040       NaN     0.090       NaN     0.160       NaN     0.260       NaN     0.400       NaN     0.580       NaN     0.800       NaN     1.060       NaN     1.360       NaN
 121.1145833     0.010       NaN     0.040       NaN     0.090       NaN     0.160       NaN     0.260       NaN     0.400       NaN     0.580       NaN     0.800       NaN     1.060       NaN     1.360       NaN
 121.1354167     0.010       NaN     0.040       NaN     0.090       NaN     0.160       NaN     0.260       NaN     0.400       NaN     0.580       NaN     0.800       NaN     1.060       NaN     1.360       NaN
 121.1562500     0.010       NaN     0.040       NaN     0.090       NaN     0.160       NaN     0.260       NaN     0.400       NaN     0.580       NaN     0.800       NaN     1.060       NaN     1.360       NaN
 121.1770833     0.010       NaN     0.040       NaN     0.090       NaN     0.160       NaN     0.260       NaN     0.400       NaN     0.580       NaN     0.800       NaN     1.060       NaN     1.360       NaN
 121.1979167     0.010       NaN     0.040       NaN     0.090       NaN     0.160       NaN     0.260       NaN     0.400       NaN     0.580       NaN     0.800       NaN     1.060       NaN     1.360       NaN
 121.2187500     0.010       NaN     0.040       NaN     0.090       NaN     0.160       NaN     0.260       NaN     0.400       NaN     0.580       NaN     0.800       NaN     1.060       NaN     1.360       NaN
 121.2395833     0.010       NaN     0.040       NaN     0.090       NaN     0.160       NaN     0.260       NaN     0.400       NaN     0.580       NaN     0.800       NaN     1.060       NaN     1.360       NaN
 121.2604167     0.010       NaN     0.040       NaN     0.090       NaN     0.160       NaN     0.260       NaN     0.400       NaN     0.580       NaN     0.800       NaN     1.060       NaN     1.360       NaN
 121.2812500     0.010       NaN     0.040       NaN     0.090       NaN     0.160       NaN     0.260       NaN     0.400       NaN     0.580       NaN     0.800       NaN     1.060       NaN     1.360       NaN
 121.3020833     0.010       NaN     0.040       NaN     0.090       NaN     0.160       NaN     0.260       NaN     0.400       NaN     0.580       NaN     0.800       NaN     1.060       NaN     1.360       NaN
 121.3229167     0.010       NaN     0.040       NaN     0.090       NaN     0.160       NaN     0.260       NaN     0.400       NaN     0.580       NaN     0.800       NaN     1.060       NaN     1.360       NaN
 121.3437500     0.010       NaN     0.040       NaN     0.090       NaN     0.160       NaN     0.260       NaN     0.400       NaN     0.580       NaN     0.800       NaN     1.060       NaN     1.360       NaN
 121.3645833     0.010       NaN     0.040       NaN     0.090       NaN     0.160       NaN     0.260       NaN     0.400       NaN     0.580       NaN     0.800       NaN     1.060       NaN     1.360       NaN
 121.3854167     0.010       NaN     0.040       NaN     0.090       NaN     0.160       NaN     0.260       NaN     0.400       NaN     0.580       NaN     0.800       NaN     1.060       NaN     1.360       NaN
 121.4062500     0.010       NaN     0.040       NaN     0.090       NaN     0.160       NaN     0.260       NaN     0.400       NaN     0.580       NaN     0.800       NaN     1.060       NaN     1.360       NaN
 121.4270833     0.010       NaN     0.040       NaN     0.090       NaN     0.160       NaN     0.260       NaN     0.400       NaN     0.580       NaN     0.800       NaN     1.060       NaN     1.360       NaN
 121.4479167     0.010       NaN     0.040       NaN     0.090       NaN     0.160       NaN     0.260       NaN     0.400       NaN     0.580       NaN     0.800       NaN     1.060       NaN     1.360       NaN
 121.4687500     0.010       NaN     0.040       NaN     0.090       NaN     0.160       NaN     0.260       NaN     0.400       NaN     0.580       NaN     0.800       NaN     1.060       NaN     1.360       NaN
 121.4895833     0.010       NaN     0.040       NaN     0.090       NaN     0.160       NaN     0.260       NaN     0.400       NaN     0.580       NaN     0.800       NaN     1.060       NaN     1.360       NaN
 121.5104167     0.010       NaN     0.040       NaN     0.090       NaN     0.160       NaN     0.260       NaN     0.400       NaN     0.580       NaN     0.800       NaN     1.060       NaN     1.360       NaN
 121.5312500     0.010       NaN     0.040       NaN     0.090       NaN     0.160       NaN     0.260       NaN     0.400       NaN     0.580       NaN     0.800       NaN     1.060       NaN     1.360       NaN
 121.5520833     0.010       NaN     0.040       NaN     0.090       NaN     0.160       NaN     0.260       NaN     0.400       NaN     0.580       NaN     0.800       NaN     1.060       NaN     1.360       NaN
 121.5729167     0.010       NaN     0.040       NaN     0.090       NaN     0.160       NaN     0.260       NaN     0.400       NaN     0.580       NaN     0.800       NaN     1.060       NaN     1.360       NaN
 121.5937500     0.010       NaN     0.040       NaN     0.090       NaN     0.160       NaN     0.260       NaN     0.400       NaN     0.580       NaN     0.800       NaN     1.060       NaN     1.360       NaN
 121.6145833     0.010       NaN     0.040       NaN     0.090       NaN     0.160       NaN     0.260       NaN     0.400       NaN     0.580       NaN     0.800       NaN     1.060       NaN     1.360       NaN
 121.6354167     0.010       NaN     0.040       NaN     0.090       NaN     0.160       NaN     0.260       NaN     0.400       NaN     0.580       NaN     0.800       NaN     1.060       NaN     1.360       NaN
 121.6562500     0.010       NaN     0.040       NaN     0.090       NaN     0.160       NaN     0.260       NaN     0.400       NaN     0.580       NaN     0.800       NaN     1.060       NaN     1.360       NaN
 121.6770833     0.010       NaN     0.040       NaN     0.090       NaN     0.160       NaN     0.260       NaN     0.400       NaN     0.580       NaN     0.800       NaN     1.060       NaN     1.360       NaN
 121.6979167     0.010       NaN     0.040       NaN     0.090       NaN     0.160       NaN     0.260       NaN     0.400       NaN     0.580       NaN     0.800       NaN     1.060       NaN     1.360       NaN
 121.7187500     0.010       NaN     0.040       NaN     0.090       NaN     0.160       NaN     0.260       NaN     0.400       NaN     0.580       NaN     0.800       NaN     1.060       NaN     1.360       NaN
 121.7395833     0.010       NaN     0.040       NaN     0.090       NaN     0.160       NaN     0.260       NaN     0.400       NaN     0.580       NaN     0.800       NaN     1.060       NaN     1.360       NaN
 121.7604167     0.010       NaN     0.040       NaN     0.090       NaN     0.160       NaN     0.260       NaN     0.400       NaN     0.580       NaN     0.800       NaN     1.060       NaN     1.360       NaN
 121.7812500     0.010       NaN     0.040       NaN     0.090       NaN     0.160       NaN     0.260       NaN     0.400       NaN     0.580       NaN     0.800       NaN     1.060       NaN     1.360       NaN
 121.8020833     0.010       NaN     0.040       NaN     0.090       NaN     0.160       NaN     0.260       NaN     0.400       NaN     0.580       NaN     0.800       NaN     1.060       NaN     1.360       NaN
 121.8229167     0.010       NaN     0.040       NaN     0.090       NaN     0.160       NaN     0.260       NaN     0.400       NaN     0.580       NaN     0.800       NaN     1.060       NaN     1.360       NaN
 121.8437500     0.010       NaN     0.040       NaN     0.090       NaN     0.160       NaN     0.260       NaN     0.400       NaN     0.580       NaN     0.800       NaN     1.060       NaN     1.360       NaN
 121.8645833     0.010       NaN     0.040       NaN     0.090       NaN     0.160       NaN     0.260       NaN     0.400       NaN     0.580       NaN     0.800       NaN     1.060       NaN     1.360       NaN
 121.8854167     0.010       NaN     0.040       NaN     0.090       NaN     0.160       NaN     0.260       NaN     0.400       NaN     0.580       NaN     0.800       NaN     1.060       NaN     1.360       NaN
 121.9062500     0.010       NaN     0.040       NaN     0.090       NaN     0.160       NaN     0.260       NaN     0.400       NaN     0.580       NaN     0.800       NaN     1.060       NaN     1.360       NaN
 121.9270833     0.010       NaN     0.040       NaN     0.090       NaN     0.160       NaN     0.260       NaN     0.400       NaN     0.580       NaN     0.800       NaN     1.060       NaN     1.360       NaN
 121.9479167     0.010       NaN     0.040       NaN     0.090       NaN     0.160       NaN     0.260       NaN     0.400       NaN     0.580       NaN     0.800       NaN     1.060       NaN     1.360       NaN
 121.9687500     0.010       NaN     0.040       NaN     0.090       NaN     0.160       NaN     0.260       NaN     0.400       NaN     0.580       NaN     0.800       NaN     1.060       NaN     1.360       NaN
 121.9895833     0.010       NaN     0.040       NaN     0.090       NaN     0.160       NaN     0.260       NaN     0.400       NaN     0.580       NaN     0.800       NaN     1.060       NaN     1.360       NaN
