    1.0000     4.984    -0.235    -1.510    -0.509     0.000
    1.0000     4.983    -0.236    -1.319    -0.448     0.000
    1.0000     4.983    -0.236    -1.279    -0.427     0.000
    1.0000     4.981    -0.237    -1.005    -0.372     0.000
    1.0000     4.980    -0.239    -0.678    -0.312     0.000
    1.0000     4.978    -0.240    -0.380    -0.292     0.000
    1.0000     4.977    -0.241    -0.343    -0.292     0.000
    1.0000     4.975    -0.241    -0.342    -0.292     0.000
    1.0000     4.974    -0.242    -0.341    -0.292     0.000
    1.0000     4.972    -0.243    -0.341    -0.292     0.000
    1.0000     4.970    -0.244    -0.342    -0.293     0.000
    1.0000     4.968    -0.244    -0.343    -0.293     0.000
    1.0000     4.966    -0.245    -0.343    -0.294     0.000
    1.0000     4.964    -0.246    -0.344    -0.295     0.000
    1.0000     4.963    -0.246    -0.344    -0.295     0.000
    1.0000     4.960    -0.247    -0.344    -0.295     0.000
    1.0000     4.958    -0.247    -0.344    -0.295     0.000
    1.0000     4.956    -0.248    -0.344    -0.295     0.000
    1.0000     4.954    -0.248    -0.344    -0.295     0.000
    1.0000     4.952    -0.248    -0.345    -0.296     0.000
    1.0000     4.950    -0.248    -0.345    -0.296     0.000
    1.0000     4.948    -0.248    -0.345    -0.296     0.000
    1.0000     4.946    -0.248    -0.345    -0.296     0.000
    1.0000     4.944    -0.248    -0.345    -0.296     0.000
    1.0000     4.941    -0.248    -0.345    -0.296     0.000
    1.0000     4.939    -0.248    -0.348    -0.296     0.000
    1.0000     4.938    -0.248    -0.393    -0.297     0.000
    1.0000     4.935    -0.248    -0.473    -0.306     0.000
    1.0000     4.933    -0.247    -0.532    -0.324     0.000
    1.0000     4.933    -0.247    -0.669    -0.359     0.000
    1.0000     4.933    -0.247    -0.794    -0.393     0.000
    1.0000     4.934    -0.248    -0.947    -0.435     0.000
    1.0000     4.935    -0.248    -1.109    -0.480     0.000
    1.0000     4.937    -0.248    -1.253    -0.520     0.000
    1.0000     4.938    -0.248    -1.403    -0.561     0.000
    1.0000     4.941    -0.249    -1.484    -0.594     0.000
    1.0000     4.945    -0.249    -1.484    -0.592     0.000
    1.0000     4.949    -0.249    -1.463    -0.574     0.000
    1.0000     4.952    -0.249    -1.487    -0.586     0.000
    1.0000     4.953    -0.249    -1.451    -0.557     0.000
    1.0000     4.954    -0.249    -1.459    -0.545     0.000
    1.0000     4.956    -0.249    -1.476    -0.544     0.000
    1.0000     4.956    -0.250    -1.461    -0.529     0.000
    1.0000     4.956    -0.250    -1.388    -0.503     0.000
    1.0000     4.956    -0.250    -1.206    -0.454     0.000
    1.0000     4.956    -0.250    -1.323    -0.482     0.000
    1.0000     4.956    -0.250    -1.160    -0.443     0.000
    1.0000     4.955    -0.250    -1.049    -0.417     0.000
    1.0000     4.954    -0.251    -0.973    -0.399     0.000
    1.0000     4.953    -0.251    -0.750    -0.355     0.000
    1.0000     4.952    -0.251    -0.650    -0.336     0.000
    1.0000     4.950    -0.251    -0.494    -0.309     0.000
    1.0000     4.947    -0.252    -0.391    -0.301     0.000
    1.0000     4.946    -0.252    -0.352    -0.301     0.000
    1.0000     4.944    -0.252    -0.350    -0.300     0.000
    1.0000     4.942    -0.251    -0.349    -0.300     0.000
    1.0000     4.941    -0.251    -0.349    -0.300     0.000
    1.0000     4.939    -0.251    -0.349    -0.300     0.000
    1.0000     4.937    -0.251    -0.348    -0.299     0.000
    1.0000     4.936    -0.251    -0.348    -0.299     0.000
    1.0000     4.934    -0.251    -0.347    -0.298     0.000
    1.0000     4.933    -0.250    -0.347    -0.298     0.000
    1.0000     4.939    -0.251    -0.347    -0.298     0.000
    1.0000     4.942    -0.248    -0.345    -0.296     0.000
    1.0000     4.940    -0.249    -0.345    -0.296     0.000
    1.0000     4.938    -0.249    -0.345    -0.296     0.000
    1.0000     4.936    -0.249    -0.345    -0.296     0.000
    1.0000     4.934    -0.249    -0.345    -0.296     0.000
    1.0000     4.934    -0.249    -0.345    -0.296     0.000
    1.0000     4.932    -0.249    -0.345    -0.296     0.000
    1.0000     4.931    -0.248    -0.345    -0.295     0.000
    1.0000     4.930    -0.248    -0.344    -0.295     0.000
    1.0000     4.928    -0.248    -0.344    -0.295     0.000
    1.0000     4.928    -0.248    -0.344    -0.295     0.000
    1.0000     4.933    -0.244    -0.342    -0.291     0.000
    1.0000     4.936    -0.245    -0.350    -0.292     0.000
    1.0000     4.940    -0.237    -0.348    -0.284     0.000
    1.0000     4.932    -0.222    -0.351    -0.273     0.000
    1.0000     4.923    -0.224    -0.412    -0.286     0.000
    1.0000     4.925    -0.231    -0.548    -0.320     0.000
    1.0000     4.933    -0.236    -0.741    -0.371     0.000
    1.0000     4.939    -0.239    -0.846    -0.394     0.000
    1.0000     4.944    -0.241    -0.841    -0.394     0.000
    1.0000     4.948    -0.242    -0.958    -0.430     0.000
    1.0000     4.952    -0.242    -1.222    -0.508     0.000
    1.0000     4.956    -0.242    -1.394    -0.536     0.000
    1.0000     4.959    -0.242    -1.276    -0.494     0.000
    1.0000     4.961    -0.241    -0.791    -0.375     0.000
    1.0000     4.972    -0.238    -1.003    -0.426     0.000
    1.0000     4.971    -0.238    -1.254    -0.489     0.000
    1.0000     4.971    -0.239    -1.227    -0.487     0.000
    1.0000     4.971    -0.239    -1.395    -0.542     0.000
    1.0000     4.971    -0.239    -1.434    -0.556     0.000
    1.0000     4.970    -0.240    -1.387    -0.537     0.000
    1.0000     4.970    -0.240    -1.227    -0.481     0.000
    1.0000     4.968    -0.241    -1.099    -0.440     0.000
