 121.0104167   291.117    65.042   -98.672   293.867    25.043     0.367    88.703   451.618   299.776    34.129    57.184     1.435    21.620   356.180     0.000     0.310    -3.249
 121.0312500   216.474    52.694   -53.860   198.005    23.980     0.220    72.432   444.785   298.614    20.722    36.542     1.219    14.601   251.149     0.000     0.277    -1.087
 121.0520833   133.562   -40.803  -109.747   284.207    21.324     0.434    54.546   442.154   298.296     0.438    19.917     3.061    16.419   238.426     0.000     0.318    -0.533
 121.0729167    47.638   -37.036  -111.136   211.544    15.761     0.502    35.406   438.096   297.547   -15.030     4.832     2.883    16.979   169.923     0.000     0.327    -0.704
 121.0937500   -27.723   -25.271   -99.675   120.162     8.671     0.593    18.348   436.241   297.000   -22.591    -4.579     1.632    16.380    87.856     0.000     0.336    -0.348
 121.1145833   -82.930   -31.039   -70.802    48.406     2.561     0.527     5.072   432.568   296.116   -28.532   -12.106     1.089    15.336    15.680     0.000     0.335    -0.964
 121.1354167   -98.988   -39.510   -71.602    43.862     0.269     0.492     0.495   427.256   295.229   -30.677   -14.793     1.126    14.759     2.956     0.000     0.332    -1.060
 121.1562500   -97.004   -28.143   -64.417    27.678     0.000     0.505     0.000   422.305   294.100   -30.999   -15.147     1.362    14.490     2.650     0.000     0.334    -1.123
 121.1770833   -94.097   -22.997   -40.428     7.074     0.000     0.543     0.000   413.867   292.062   -35.659   -19.003     3.239    13.418     2.204     0.000     0.340    -2.087
 121.1979167   -91.615   -35.373   -30.278    19.804     0.000     0.545     0.000   402.827   290.120   -43.645   -25.056     6.183    12.406     1.733     0.000     0.342    -2.123
 121.2187500   -88.801   -22.689   -39.862    20.464     0.000     0.407     0.000   395.428   289.123   -45.579   -27.215     6.986    11.377     1.485     0.000     0.331    -1.135
 121.2395833   -89.125   -17.306   -49.389    22.894     0.000     0.526     0.000   392.239   288.728   -44.899   -26.655     7.259    10.984     1.443     0.000     0.339    -0.425
 121.2604167   -87.744   -16.611   -49.803    21.405    -0.000     0.536     0.000   390.674   288.265   -42.245   -24.961     6.628    10.656     1.464     0.000     0.339    -0.490
 121.2812500   -86.521   -21.491   -40.330    20.532     0.000     0.487     0.000   385.999   287.435   -44.275   -26.559     7.366    10.351     1.357     0.000     0.338    -0.957
 121.3020833   -90.698   -13.108   -50.978    17.525     0.000     0.531     0.000   383.806   287.011   -43.692   -26.361     7.209    10.122     1.354     0.000     0.339    -0.445
 121.3229167   -89.070   -14.847   -32.245     5.523     0.000     0.521     0.000   378.965   285.710   -46.108   -28.274     8.249     9.585     1.177     0.000     0.341    -1.393
 121.3437500   -84.301   -17.113   -17.380     0.797     0.000     0.249     0.000   369.679   283.174   -47.919   -32.828     7.096     7.995     0.833     0.000     0.303    -2.687
 121.3645833   -79.577   -13.622   -18.280     0.693    -0.000     0.104     0.000   357.195   281.613   -46.749   -39.397     2.350     5.002     0.475     0.000     0.261    -1.619
 121.3854167   -81.381    -4.947   -35.365     5.938    -0.000     0.177     0.000   355.543   281.992   -47.259   -40.036     2.972     4.251     0.392     0.000     0.265     0.252
 121.4062500   -90.581   -18.692   -50.327    29.911    -0.000     0.478     0.000   362.089   282.946   -52.468   -34.474    10.721     7.273     0.663     0.000     0.333     0.995
 121.4270833   -90.466   -14.114   -37.317    13.581     0.000     0.463     0.000   360.408   282.343   -51.921   -33.487    10.956     7.478     0.696     0.000     0.337    -0.694
 121.4479167   -84.567   -14.783   -24.415     5.387     0.000     0.212     0.000   353.570   280.407   -48.762   -35.956     6.743     6.063     0.528     0.000     0.286    -1.993
 121.4687500   -85.438    -1.942   -58.005    20.923     0.000     0.349     0.000   353.505   282.187   -48.198   -35.056     7.287     5.855     0.573     0.000     0.301     1.783
 121.4895833   -90.354    -9.582   -43.945    12.436    -0.000     0.552     0.000   357.058   281.887   -48.960   -31.413    10.365     7.182     0.744     0.000     0.341    -0.304
 121.5104167   -91.523    -3.869   -48.685     9.160     0.000     0.590     0.000   356.078   281.738   -47.940   -30.839    10.131     6.969     0.731     0.000     0.342    -0.189
 121.5312500   -92.277    -5.996   -47.969     9.374     0.119     0.499     0.205   354.552   281.402   -47.241   -30.706     9.777     6.757     0.761     0.000     0.337    -0.445
 121.5520833   -77.487    -9.052   -27.399     4.107     1.535     0.185     2.953   347.544   279.613   -43.307   -32.873     5.159     5.275     3.347     0.000     0.277    -1.836
 121.5729167   -37.184    21.916   -40.731    14.495     6.441     0.181    14.028   348.308   280.823   -34.210   -27.113     3.070     4.027    18.838     0.000     0.263     1.347
 121.5937500    23.671    41.830   -26.555    23.263    11.855     0.154    29.893   356.610   282.613   -17.237   -10.739     2.832     3.666    39.553     0.000     0.268     2.370
 121.6145833    96.937    21.712   -14.344    89.043    15.717     0.383    48.288   367.801   284.396    -1.607    10.501     6.142     5.966    81.440     0.000     0.347     2.133
 121.6354167   180.690    29.816     6.347   121.807    18.715     0.383    67.292   377.593   286.097    20.642    32.346     4.887     6.817   118.241     0.000     0.371     2.077
 121.6562500   263.702    11.398    24.975   184.897    21.297     0.334    85.494   387.618   287.642    40.606    53.331     4.344     8.380   163.592     0.000     0.409     1.827
 121.6770833   346.147    14.418    37.970   233.591    23.436     0.279   103.005   396.982   289.156    58.261    72.785     4.142    10.381   213.869     0.000     0.383     1.906
 121.6979167   423.930    20.528    58.585   269.950    25.157     0.249   119.295   405.333   290.490    73.225    89.589     4.282    12.083   257.637     0.000     0.372     1.642
 121.7187500   499.364    17.230    77.382   318.330    26.555     0.305   135.037   412.755   291.639    84.995   104.723     5.418    14.310   303.443     0.000     0.394     1.427
 121.7395833   582.060    28.777   108.098   345.797    27.657     0.293   151.282   420.339   292.708    97.908   120.635     6.442    16.286   341.806     0.000     0.389     1.481
 121.7604167   582.108    25.440   110.747   353.335    27.821     0.266   148.378   425.282   293.442    92.016   117.226     7.475    17.735   349.560     0.000     0.389     0.571
 121.7812500   483.319    15.394    58.348   342.466    26.932     0.233   123.809   425.888   294.042    66.610    93.069     7.846    18.614   329.635     0.000     0.390     0.500
 121.8020833   517.684    12.894    62.513   363.265    27.403     0.183   131.260   430.996   294.805    78.354   103.652     6.559    18.738   345.543     0.000     0.365     0.658
 121.8229167   392.980     5.086   -11.352   349.814    26.169     0.229   103.541   430.384   295.304    49.720    75.965     6.490    19.755   326.915     0.000     0.401    -0.288
 121.8437500   360.285    15.395   -24.076   322.695    25.560     0.247    91.866   431.354   295.673    45.770    68.943     4.790    18.382   313.555     0.000     0.368     0.499
 121.8645833   369.833     8.489   -19.412   332.204    25.546     0.282    91.346   432.809   295.822    48.383    70.702     4.091    18.227   320.103     0.000     0.361     0.170
 121.8854167   338.729    18.847   -27.164   306.445    25.128     0.359    84.184   432.045   295.763    40.742    62.717     4.231    17.744   308.254     0.000     0.347    -0.141
 121.9062500   309.583    21.264   -28.737   282.315    24.675     0.406    77.866   431.554   295.455    35.174    56.273     4.208    16.891   291.249     0.000     0.345    -0.433
 121.9270833   199.653    15.896   -36.524   210.187    21.574     0.399    53.541   427.009   294.941    10.684    30.635     4.694    15.257   218.798     0.000     0.338    -0.590
 121.9479167   269.204     7.790   -29.973   262.112    23.993     0.589    69.571   427.967   294.868    29.229    47.880     4.211    14.441   257.374     0.000     0.348     0.046
 121.9687500   202.097    -8.013   -29.336   228.685    21.951     0.676    55.294   424.596   294.137    11.645    31.045     5.211    14.189   217.676     0.000     0.348    -0.884
 121.9895833   152.525   -10.707   -32.770   195.864    19.621     0.720    44.487   420.990   293.651     0.686    19.960     5.744    13.530   179.151     0.000     0.348    -0.548
 122.0104167   131.945   -11.014   -38.267   182.484    18.232     0.711    40.056   419.244   293.350    -0.910    16.927     4.951    12.886   163.273     0.000     0.347    -0.349
 122.0312500    66.641   -10.315   -26.027   115.832    12.559     0.645    25.126   416.613   292.759   -12.241     4.358     4.562    12.037   102.682     0.000     0.347    -0.607
 122.0520833    38.649   -13.342   -23.954    92.507     9.850     0.637    19.154   413.467   292.289   -16.048    -0.423     4.349    11.277    75.292     0.000     0.347    -0.513
 122.0729167     1.489   -12.054   -19.865    54.068     5.399     0.723    10.216   411.999   291.945   -20.338    -5.532     3.895    10.912    36.678     0.000     0.348    -0.321
 122.0937500   -21.909   -12.629    -8.166    23.026     2.327     0.712     4.237   409.206   291.286   -23.425    -9.417     3.721    10.287    10.401     0.000     0.349    -0.715
 122.1145833   -33.994   -12.037    -7.410    12.004     0.759     0.607     1.278   405.167   290.548   -25.687   -12.358     3.874     9.455     1.895     0.000     0.348    -0.863
 122.1354167   -38.092   -10.473   -11.156    11.253     0.083     0.530     0.141   401.253   289.921   -26.993   -13.905     4.226     8.862     1.381     0.000     0.347    -0.724
 122.1562500   -32.460    -3.068    -6.804     2.621     0.000     0.181     0.000   397.017   289.068   -24.355   -14.498     2.678     7.180     1.196     0.000     0.299    -0.854
 122.1770833   -30.789    -5.298   -11.915    11.476     0.000     0.381     0.000   396.695   289.200   -25.145   -13.462     4.077     7.606     1.172     0.000     0.340     0.093
 122.1979167   -32.911    -2.057   -10.119     4.915     0.000     0.409     0.000   395.036   288.834   -25.238   -13.542     4.306     7.390     1.104     0.000     0.344    -0.411
 122.2187500   -29.151     0.230    -2.861    -1.058    -0.000     0.380     0.000   392.970   288.301   -24.951   -13.600     4.516     6.835     0.979     0.000     0.346    -0.510
 122.2395833   -24.144     0.210     5.600    -2.869    -0.000     0.570     0.000   389.992   287.697   -26.452   -14.706     5.562     6.184     0.781     0.000     0.350    -0.634
 122.2604167   -21.972    -0.775     1.351     3.572    -0.000     0.518     0.000   388.330   287.472   -25.885   -14.565     5.652     5.669     0.683     0.000     0.350    -0.236
 122.2812500   -17.665     1.196     7.379    -0.914    -0.000     0.532     0.000   387.224   287.118   -24.989   -14.018     5.658     5.312     0.620     0.000     0.351    -0.338
 122.3020833   -13.494     3.585     5.385     4.299    -0.000     0.382     0.000   384.260   286.613   -26.143   -15.315     6.231     4.598     0.391    10.633     0.352    -0.621
 122.3229167   -13.550    -2.081     1.017    13.660    -0.000     0.398     0.000   382.974   286.475   -25.974   -15.326     6.328     4.320     0.330     9.142     0.351    -0.172
 122.3437500   -14.439     1.157    -2.617    11.784    -0.000     0.396     0.000   382.585   286.469   -24.733   -14.690     5.994     4.050     0.314     8.650     0.349    -0.028
 122.3645833   -15.183     0.999    -3.719    11.015     0.000     0.380     0.000   382.433   286.453   -23.463   -14.027     5.617     3.819     0.303     8.146     0.348    -0.016
 122.3854167   -14.046     0.529    -2.929    10.815    -0.000     0.355     0.000   382.249   286.437   -22.416   -13.405     5.372     3.639     0.291     7.586     0.348    -0.046
 122.4062500   -21.987    -0.863   -10.603    11.948     0.000     0.380     0.000   381.797   286.422   -22.373   -13.794     5.082     3.497     0.281     7.474     0.344    -0.096
 122.4270833   -27.164    -7.032   -13.417    16.339     0.000     0.427     0.000   380.922   286.297   -22.877   -14.336     5.095     3.446     0.273     7.640     0.344    -0.177
 122.4479167   -29.676    -6.750   -18.829    19.079     0.000     0.545     0.000   380.340   286.219   -23.073   -14.395     5.094     3.584     0.309     9.761     0.346    -0.103
 122.4687500   -26.437     5.212   -16.670     7.014     0.000     0.505     0.000   380.060   286.202   -22.030   -13.682     4.933     3.414     0.290     8.826     0.346     0.036
 122.4895833   -15.259     7.441    -8.671     4.853     0.000     0.441     0.000   381.025   286.292   -19.036   -11.464     4.497     3.075     0.265     7.608     0.347     0.155
 122.5104167   -17.500    -0.695    -8.387    10.433     0.000     0.403     0.000   380.907   286.265   -18.821   -11.516     4.344     2.960     0.252     6.904     0.346    -0.029
 122.5312500   -10.870    -0.227    -0.600     7.821     0.026     0.389     0.043   381.097   286.171   -17.836   -10.600     4.309     2.927     0.258     6.100     0.349    -0.029
 122.5520833    -9.133     3.505     3.065     2.853     0.292     0.472     0.506   380.328   286.006   -18.393   -10.889     4.667     2.837     0.249     5.943     0.351    -0.164
 122.5729167    -2.485     6.734     5.321     2.296     1.145     0.558     2.014   380.400   286.050   -16.934    -9.695     4.695     2.545     0.796     5.124     0.351     0.098
 122.5937500     8.588     7.146    10.228     5.106     2.342     0.571     4.044   381.307   286.199   -14.111    -7.207     4.432     2.472     2.490     4.994     0.352     0.220
 122.6145833    20.036     7.019    14.419     9.274     4.029     0.506     6.985   382.432   286.410   -10.988    -4.350     4.154     2.484     5.509     5.053     0.354     0.312
 122.6354167    56.956     8.948    26.207    23.508     9.719     0.488    17.859   384.483   286.770    -2.269     4.044     3.897     2.417    18.098     6.447     0.358     0.562
 122.6562500   136.952     7.740    48.537    64.340    17.189     0.523    40.298   388.144   287.477    15.262    21.896     3.856     2.778    47.716    10.673     0.362     1.072
 122.6770833   273.095   -14.362    83.555   158.752    22.070     0.549    75.862   394.533   288.421    43.993    52.480     4.124     4.363   102.543    22.640     0.369     1.157
 122.6979167   291.664   -30.193    61.178   219.180    22.383     0.547    78.025   397.278   288.870    41.314    53.439     5.044     7.081   138.904    35.553     0.365     0.185
 122.7187500   243.528    -5.301    31.849   190.622    21.394     0.528    65.922   396.859   288.994    26.336    40.720     6.033     8.352   137.325    37.461     0.359     0.021
 122.7395833   312.910     4.195    51.168   214.354    22.899     0.434    82.610   400.326   289.639    41.921    57.378     6.361     9.096   160.281    39.656     0.378     1.272
 122.7604167   612.033     6.362   171.306   331.691    27.083     0.613   149.146   410.416   290.660   100.910   122.035     9.185    11.940   246.137    64.402     0.378     1.763
 122.7812500   713.687     0.746   218.610   385.144    28.011     0.712   171.332   416.108   291.174   108.530   138.500    14.126    15.844   288.876    73.115     0.371     0.658
 122.8020833   645.949    -2.977   226.484   344.357    26.920     0.810   155.566   415.221   290.652    79.280   116.548    18.930    18.338   283.605    46.935     0.363    -1.194
 122.8229167   177.222    -4.524    29.656   177.268    18.134     0.681    48.263   402.521   289.373   -22.926     7.667    15.185    15.409   127.472    48.863     0.353    -2.252
 122.8437500   305.065    -0.327    82.527   206.797    22.371     0.640    76.226   401.655   289.693    14.881    41.344    13.440    13.024   166.813    22.781     0.361     1.188
 122.8645833   522.844     3.543   137.074   312.327    26.423     0.705   128.491   411.258   291.039    68.404    96.001    12.720    14.877   260.024    19.986     0.364     1.496
 122.8854167   397.299    -4.084    76.376   286.298    25.016     0.604   101.099   411.625   291.443    38.505    65.546    11.230    15.811   248.117    11.622     0.362     0.206
 122.9062500   514.283   -15.264   119.890   347.251    26.640     0.694   127.983   415.546   291.857    61.662    91.789    12.421    17.706   299.337     8.697     0.362     0.743
 122.9270833   543.897   -19.859   136.952   367.691    26.937     0.839   137.636   416.067   291.837    59.228    95.511    15.958    20.325   321.583     6.035     0.357    -0.116
 122.9479167   490.331   -19.362   115.592   352.658    26.172     0.862   127.821   414.088   291.477    42.138    81.142    17.478    21.526   313.258     3.712     0.355    -0.695
 122.9687500   323.380   -12.993    43.922   287.746    23.594     0.849    91.370   408.248   290.850     5.896    43.548    16.896    20.755   261.135     2.037     0.352    -1.190
 122.9895833   191.698    -1.968   -18.352   226.553    21.033     0.777    62.437   403.194   290.506   -13.889    17.643    13.362    18.171   210.284     1.195     0.348    -0.647
