 121.0104167     0.010   300.487     0.040   298.816     0.090   295.664     0.160   292.453     0.260   290.503     0.400   289.637     0.580   288.658     0.800   287.600     1.060   286.743     1.360   286.180
 121.0312500     0.010   300.030     0.040   298.637     0.090   295.741     0.160   292.601     0.260   290.568     0.400   289.634     0.580   288.655     0.800   287.606     1.060   286.748     1.360   286.182
 121.0520833     0.010   299.185     0.040   298.310     0.090   295.766     0.160   292.735     0.260   290.634     0.400   289.634     0.580   288.651     0.800   287.612     1.060   286.752     1.360   286.184
 121.0729167     0.010   298.185     0.040   297.847     0.090   295.731     0.160   292.850     0.260   290.700     0.400   289.635     0.580   288.649     0.800   287.617     1.060   286.757     1.360   286.187
 121.0937500     0.010   297.248     0.040   297.317     0.090   295.639     0.160   292.945     0.260   290.765     0.400   289.637     0.580   288.646     0.800   287.622     1.060   286.762     1.360   286.189
 121.1145833     0.010   296.364     0.040   296.755     0.090   295.498     0.160   293.020     0.260   290.828     0.400   289.641     0.580   288.644     0.800   287.627     1.060   286.767     1.360   286.191
 121.1354167     0.010   295.595     0.040   296.200     0.090   295.319     0.160   293.073     0.260   290.890     0.400   289.646     0.580   288.642     0.800   287.632     1.060   286.771     1.360   286.194
 121.1562500     0.010   294.939     0.040   295.675     0.090   295.114     0.160   293.105     0.260   290.948     0.400   289.652     0.580   288.640     0.800   287.637     1.060   286.776     1.360   286.196
 121.1770833     0.010   294.244     0.040   295.154     0.090   294.889     0.160   293.118     0.260   291.002     0.400   289.659     0.580   288.638     0.800   287.642     1.060   286.781     1.360   286.198
 121.1979167     0.010   293.440     0.040   294.601     0.090   294.642     0.160   293.112     0.260   291.053     0.400   289.668     0.580   288.637     0.800   287.646     1.060   286.785     1.360   286.201
 121.2187500     0.010   292.716     0.040   294.049     0.090   294.376     0.160   293.089     0.260   291.098     0.400   289.676     0.580   288.636     0.800   287.651     1.060   286.790     1.360   286.203
 121.2395833     0.010   292.106     0.040   293.527     0.090   294.099     0.160   293.049     0.260   291.139     0.400   289.686     0.580   288.636     0.800   287.655     1.060   286.794     1.360   286.206
 121.2604167     0.010   291.624     0.040   293.056     0.090   293.820     0.160   292.994     0.260   291.175     0.400   289.695     0.580   288.636     0.800   287.660     1.060   286.799     1.360   286.208
 121.2812500     0.010   291.111     0.040   292.605     0.090   293.541     0.160   292.927     0.260   291.205     0.400   289.705     0.580   288.636     0.800   287.664     1.060   286.803     1.360   286.211
 121.3020833     0.010   290.654     0.040   292.182     0.090   293.264     0.160   292.848     0.260   291.229     0.400   289.715     0.580   288.636     0.800   287.668     1.060   286.808     1.360   286.213
 121.3229167     0.010   290.161     0.040   291.764     0.090   292.988     0.160   292.760     0.260   291.248     0.400   289.725     0.580   288.636     0.800   287.672     1.060   286.812     1.360   286.216
 121.3437500     0.010   289.664     0.040   291.348     0.090   292.713     0.160   292.663     0.260   291.262     0.400   289.735     0.580   288.637     0.800   287.676     1.060   286.817     1.360   286.218
 121.3645833     0.010   289.243     0.040   290.954     0.090   292.441     0.160   292.559     0.260   291.270     0.400   289.745     0.580   288.638     0.800   287.681     1.060   286.821     1.360   286.221
 121.3854167     0.010   288.832     0.040   290.577     0.090   292.172     0.160   292.448     0.260   291.273     0.400   289.754     0.580   288.640     0.800   287.685     1.060   286.826     1.360   286.223
 121.4062500     0.010   288.306     0.040   290.177     0.090   291.902     0.160   292.331     0.260   291.271     0.400   289.763     0.580   288.641     0.800   287.689     1.060   286.830     1.360   286.225
 121.4270833     0.010   287.858     0.040   289.785     0.090   291.631     0.160   292.209     0.260   291.264     0.400   289.771     0.580   288.643     0.800   287.693     1.060   286.834     1.360   286.228
 121.4479167     0.010   287.527     0.040   289.430     0.090   291.366     0.160   292.082     0.260   291.252     0.400   289.779     0.580   288.644     0.800   287.696     1.060   286.839     1.360   286.230
 121.4687500     0.010   287.209     0.040   289.102     0.090   291.107     0.160   291.951     0.260   291.235     0.400   289.785     0.580   288.646     0.800   287.700     1.060   286.843     1.360   286.233
 121.4895833     0.010   286.873     0.040   288.784     0.090   290.854     0.160   291.818     0.260   291.214     0.400   289.791     0.580   288.648     0.800   287.704     1.060   286.847     1.360   286.235
 121.5104167     0.010   286.576     0.040   288.483     0.090   290.608     0.160   291.682     0.260   291.189     0.400   289.796     0.580   288.650     0.800   287.708     1.060   286.851     1.360   286.238
 121.5312500     0.010   286.302     0.040   288.200     0.090   290.369     0.160   291.545     0.260   291.159     0.400   289.801     0.580   288.653     0.800   287.712     1.060   286.856     1.360   286.240
 121.5520833     0.010   286.132     0.040   287.957     0.090   290.142     0.160   291.407     0.260   291.126     0.400   289.804     0.580   288.655     0.800   287.716     1.060   286.860     1.360   286.243
 121.5729167     0.010   286.175     0.040   287.798     0.090   289.935     0.160   291.270     0.260   291.090     0.400   289.806     0.580   288.657     0.800   287.719     1.060   286.864     1.360   286.246
 121.5937500     0.010   286.582     0.040   287.793     0.090   289.766     0.160   291.137     0.260   291.050     0.400   289.807     0.580   288.660     0.800   287.723     1.060   286.868     1.360   286.248
 121.6145833     0.010   287.221     0.040   287.944     0.090   289.648     0.160   291.010     0.260   291.008     0.400   289.807     0.580   288.662     0.800   287.727     1.060   286.872     1.360   286.251
 121.6354167     0.010   288.227     0.040   288.296     0.090   289.599     0.160   290.895     0.260   290.963     0.400   289.807     0.580   288.664     0.800   287.731     1.060   286.876     1.360   286.253
 121.6562500     0.010   289.460     0.040   288.835     0.090   289.629     0.160   290.796     0.260   290.918     0.400   289.805     0.580   288.666     0.800   287.734     1.060   286.880     1.360   286.256
 121.6770833     0.010   290.829     0.040   289.530     0.090   289.742     0.160   290.717     0.260   290.873     0.400   289.802     0.580   288.668     0.800   287.738     1.060   286.884     1.360   286.258
 121.6979167     0.010   292.265     0.040   290.344     0.090   289.936     0.160   290.661     0.260   290.829     0.400   289.798     0.580   288.670     0.800   287.742     1.060   286.888     1.360   286.261
 121.7187500     0.010   293.701     0.040   291.238     0.090   290.206     0.160   290.633     0.260   290.786     0.400   289.794     0.580   288.672     0.800   287.745     1.060   286.892     1.360   286.263
 121.7395833     0.010   295.196     0.040   292.204     0.090   290.545     0.160   290.633     0.260   290.747     0.400   289.788     0.580   288.674     0.800   287.749     1.060   286.896     1.360   286.266
 121.7604167     0.010   296.255     0.040   293.098     0.090   290.928     0.160   290.661     0.260   290.712     0.400   289.782     0.580   288.676     0.800   287.752     1.060   286.900     1.360   286.268
 121.7812500     0.010   296.522     0.040   293.736     0.090   291.309     0.160   290.714     0.260   290.681     0.400   289.776     0.580   288.678     0.800   287.756     1.060   286.904     1.360   286.271
 121.8020833     0.010   297.226     0.040   294.349     0.090   291.688     0.160   290.789     0.260   290.656     0.400   289.770     0.580   288.679     0.800   287.759     1.060   286.908     1.360   286.273
 121.8229167     0.010   297.113     0.040   294.719     0.090   292.032     0.160   290.879     0.260   290.637     0.400   289.763     0.580   288.681     0.800   287.763     1.060   286.912     1.360   286.276
 121.8437500     0.010   297.090     0.040   294.971     0.090   292.335     0.160   290.980     0.260   290.624     0.400   289.757     0.580   288.682     0.800   287.766     1.060   286.916     1.360   286.278
 121.8645833     0.010   297.251     0.040   295.200     0.090   292.604     0.160   291.087     0.260   290.616     0.400   289.750     0.580   288.683     0.800   287.770     1.060   286.920     1.360   286.281
 121.8854167     0.010   297.240     0.040   295.365     0.090   292.840     0.160   291.198     0.260   290.613     0.400   289.744     0.580   288.684     0.800   287.773     1.060   286.924     1.360   286.284
 121.9062500     0.010   297.160     0.040   295.470     0.090   293.042     0.160   291.310     0.260   290.616     0.400   289.738     0.580   288.685     0.800   287.776     1.060   286.928     1.360   286.286
 121.9270833     0.010   296.518     0.040   295.378     0.090   293.191     0.160   291.418     0.260   290.623     0.400   289.733     0.580   288.686     0.800   287.780     1.060   286.931     1.360   286.289
 121.9479167     0.010   296.613     0.040   295.372     0.090   293.313     0.160   291.521     0.260   290.633     0.400   289.728     0.580   288.687     0.800   287.783     1.060   286.935     1.360   286.291
 121.9687500     0.010   296.213     0.040   295.274     0.090   293.399     0.160   291.617     0.260   290.648     0.400   289.724     0.580   288.688     0.800   287.786     1.060   286.939     1.360   286.294
 121.9895833     0.010   295.665     0.040   295.077     0.090   293.445     0.160   291.705     0.260   290.664     0.400   289.721     0.580   288.689     0.800   287.790     1.060   286.943     1.360   286.296
 122.0104167     0.010   295.241     0.040   294.852     0.090   293.455     0.160   291.782     0.260   290.683     0.400   289.718     0.580   288.690     0.800   287.793     1.060   286.947     1.360   286.299
 122.0312500     0.010   294.621     0.040   294.552     0.090   293.427     0.160   291.846     0.260   290.703     0.400   289.716     0.580   288.691     0.800   287.796     1.060   286.950     1.360   286.301
 122.0520833     0.010   294.056     0.040   294.220     0.090   293.363     0.160   291.898     0.260   290.724     0.400   289.715     0.580   288.691     0.800   287.799     1.060   286.954     1.360   286.304
 122.0729167     0.010   293.498     0.040   293.865     0.090   293.270     0.160   291.936     0.260   290.745     0.400   289.714     0.580   288.692     0.800   287.802     1.060   286.958     1.360   286.307
 122.0937500     0.010   292.965     0.040   293.501     0.090   293.151     0.160   291.961     0.260   290.766     0.400   289.713     0.580   288.693     0.800   287.805     1.060   286.961     1.360   286.309
 122.1145833     0.010   292.463     0.040   293.136     0.090   293.011     0.160   291.972     0.260   290.785     0.400   289.714     0.580   288.694     0.800   287.808     1.060   286.965     1.360   286.312
 122.1354167     0.010   292.004     0.040   292.781     0.090   292.856     0.160   291.970     0.260   290.803     0.400   289.714     0.580   288.695     0.800   287.811     1.060   286.968     1.360   286.314
 122.1562500     0.010   291.676     0.040   292.465     0.090   292.695     0.160   291.956     0.260   290.819     0.400   289.715     0.580   288.696     0.800   287.814     1.060   286.972     1.360   286.317
 122.1770833     0.010   291.346     0.040   292.170     0.090   292.530     0.160   291.932     0.260   290.832     0.400   289.717     0.580   288.697     0.800   287.817     1.060   286.976     1.360   286.319
 122.1979167     0.010   291.040     0.040   291.894     0.090   292.364     0.160   291.899     0.260   290.843     0.400   289.718     0.580   288.698     0.800   287.820     1.060   286.979     1.360   286.322
 122.2187500     0.010   290.764     0.040   291.636     0.090   292.200     0.160   291.858     0.260   290.852     0.400   289.720     0.580   288.699     0.800   287.823     1.060   286.983     1.360   286.324
 122.2395833     0.010   290.465     0.040   291.383     0.090   292.036     0.160   291.810     0.260   290.858     0.400   289.722     0.580   288.700     0.800   287.826     1.060   286.986     1.360   286.327
 122.2604167     0.010   290.208     0.040   291.143     0.090   291.874     0.160   291.756     0.260   290.861     0.400   289.724     0.580   288.701     0.800   287.829     1.060   286.990     1.360   286.329
 122.2812500     0.010   289.989     0.040   290.923     0.090   291.716     0.160   291.697     0.260   290.861     0.400   289.725     0.580   288.703     0.800   287.831     1.060   286.993     1.360   286.332
 122.3020833     0.010   289.748     0.040   290.708     0.090   291.561     0.160   291.634     0.260   290.858     0.400   289.727     0.580   288.704     0.800   287.834     1.060   286.997     1.360   286.334
 122.3229167     0.010   289.531     0.040   290.501     0.090   291.408     0.160   291.567     0.260   290.853     0.400   289.729     0.580   288.705     0.800   287.837     1.060   287.000     1.360   286.337
 122.3437500     0.010   289.356     0.040   290.314     0.090   291.260     0.160   291.498     0.260   290.845     0.400   289.730     0.580   288.707     0.800   287.840     1.060   287.004     1.360   286.340
 122.3645833     0.010   289.212     0.040   290.146     0.090   291.118     0.160   291.426     0.260   290.835     0.400   289.731     0.580   288.708     0.800   287.843     1.060   287.007     1.360   286.342
 122.3854167     0.010   289.088     0.040   289.995     0.090   290.983     0.160   291.353     0.260   290.822     0.400   289.731     0.580   288.709     0.800   287.845     1.060   287.010     1.360   286.345
 122.4062500     0.010   288.956     0.040   289.854     0.090   290.855     0.160   291.280     0.260   290.807     0.400   289.732     0.580   288.711     0.800   287.848     1.060   287.014     1.360   286.347
 122.4270833     0.010   288.808     0.040   289.713     0.090   290.730     0.160   291.205     0.260   290.789     0.400   289.732     0.580   288.712     0.800   287.851     1.060   287.017     1.360   286.350
 122.4479167     0.010   288.659     0.040   289.574     0.090   290.610     0.160   291.131     0.260   290.770     0.400   289.731     0.580   288.714     0.800   287.854     1.060   287.020     1.360   286.352
 122.4687500     0.010   288.544     0.040   289.445     0.090   290.494     0.160   291.056     0.260   290.749     0.400   289.730     0.580   288.715     0.800   287.856     1.060   287.024     1.360   286.355
 122.4895833     0.010   288.504     0.040   289.343     0.090   290.385     0.160   290.982     0.260   290.726     0.400   289.728     0.580   288.716     0.800   287.859     1.060   287.027     1.360   286.357
 122.5104167     0.010   288.443     0.040   289.253     0.090   290.282     0.160   290.909     0.260   290.702     0.400   289.726     0.580   288.718     0.800   287.862     1.060   287.030     1.360   286.360
 122.5312500     0.010   288.396     0.040   289.174     0.090   290.187     0.160   290.837     0.260   290.676     0.400   289.724     0.580   288.719     0.800   287.864     1.060   287.034     1.360   286.362
 122.5520833     0.010   288.323     0.040   289.093     0.090   290.097     0.160   290.767     0.260   290.649     0.400   289.721     0.580   288.720     0.800   287.867     1.060   287.037     1.360   286.365
 122.5729167     0.010   288.285     0.040   289.023     0.090   290.012     0.160   290.698     0.260   290.620     0.400   289.717     0.580   288.721     0.800   287.870     1.060   287.040     1.360   286.367
 122.5937500     0.010   288.310     0.040   288.976     0.090   289.934     0.160   290.630     0.260   290.591     0.400   289.713     0.580   288.722     0.800   287.872     1.060   287.043     1.360   286.370
 122.6145833     0.010   288.385     0.040   288.957     0.090   289.866     0.160   290.566     0.260   290.561     0.400   289.709     0.580   288.723     0.800   287.875     1.060   287.046     1.360   286.372
 122.6354167     0.010   288.641     0.040   289.010     0.090   289.816     0.160   290.504     0.260   290.531     0.400   289.704     0.580   288.724     0.800   287.877     1.060   287.050     1.360   286.375
 122.6562500     0.010   289.265     0.040   289.210     0.090   289.802     0.160   290.449     0.260   290.500     0.400   289.698     0.580   288.725     0.800   287.880     1.060   287.053     1.360   286.377
 122.6770833     0.010   290.448     0.040   289.655     0.090   289.852     0.160   290.403     0.260   290.470     0.400   289.692     0.580   288.726     0.800   287.882     1.060   287.056     1.360   286.380
 122.6979167     0.010   291.224     0.040   290.134     0.090   289.953     0.160   290.370     0.260   290.440     0.400   289.686     0.580   288.727     0.800   287.885     1.060   287.059     1.360   286.382
 122.7187500     0.010   291.452     0.040   290.486     0.090   290.077     0.160   290.349     0.260   290.411     0.400   289.679     0.580   288.727     0.800   287.887     1.060   287.062     1.360   286.385
 122.7395833     0.010   292.119     0.040   290.891     0.090   290.226     0.160   290.341     0.260   290.384     0.400   289.672     0.580   288.728     0.800   287.890     1.060   287.065     1.360   286.387
 122.7604167     0.010   294.196     0.040   291.724     0.090   290.458     0.160   290.352     0.260   290.359     0.400   289.665     0.580   288.728     0.800   287.892     1.060   287.068     1.360   286.390
 122.7812500     0.010   295.902     0.040   292.712     0.090   290.776     0.160   290.385     0.260   290.337     0.400   289.657     0.580   288.728     0.800   287.895     1.060   287.072     1.360   286.392
 122.8020833     0.010   296.486     0.040   293.483     0.090   291.129     0.160   290.440     0.260   290.319     0.400   289.650     0.580   288.728     0.800   287.897     1.060   287.075     1.360   286.394
 122.8229167     0.010   294.443     0.040   293.399     0.090   291.386     0.160   290.507     0.260   290.306     0.400   289.642     0.580   288.728     0.800   287.899     1.060   287.078     1.360   286.397
 122.8437500     0.010   294.219     0.040   293.322     0.090   291.573     0.160   290.579     0.260   290.296     0.400   289.635     0.580   288.728     0.800   287.902     1.060   287.081     1.360   286.399
 122.8645833     0.010   295.466     0.040   293.652     0.090   291.767     0.160   290.656     0.260   290.290     0.400   289.628     0.580   288.728     0.800   287.904     1.060   287.084     1.360   286.402
 122.8854167     0.010   295.545     0.040   293.889     0.090   291.955     0.160   290.737     0.260   290.289     0.400   289.621     0.580   288.728     0.800   287.906     1.060   287.087     1.360   286.404
 122.9062500     0.010   296.287     0.040   294.258     0.090   292.157     0.160   290.823     0.260   290.290     0.400   289.615     0.580   288.728     0.800   287.908     1.060   287.090     1.360   286.407
 122.9270833     0.010   296.796     0.040   294.640     0.090   292.372     0.160   290.914     0.260   290.296     0.400   289.609     0.580   288.727     0.800   287.911     1.060   287.093     1.360   286.409
 122.9479167     0.010   296.794     0.040   294.888     0.090   292.578     0.160   291.009     0.260   290.305     0.400   289.603     0.580   288.727     0.800   287.913     1.060   287.096     1.360   286.412
 122.9687500     0.010   295.948     0.040   294.820     0.090   292.731     0.160   291.104     0.260   290.318     0.400   289.599     0.580   288.727     0.800   287.915     1.060   287.099     1.360   286.414
 122.9895833     0.010   294.926     0.040   294.517     0.090   292.811     0.160   291.192     0.260   290.333     0.400   289.594     0.580   288.726     0.800   287.917     1.060   287.101     1.360   286.416
